warning: Git tree '/home/jhan/workspace/ai-runs/tron-attn-stats' has uncommitted changes
warning: ignoring the client-specified setting 'trusted-public-keys', because it is a restricted setting and you are not a trusted user
warning: ignoring the client-specified setting 'trusted-public-keys', because it is a restricted setting and you are not a trusted user
warning: ignoring the client-specified setting 'trusted-public-keys', because it is a restricted setting and you are not a trusted user
building '/nix/store/5n9dic52az2bb279bvsq6y787icgv39x-haskell-project-plan-to-nix-pkgs.drv'...
copying path '/nix/store/8p4x59gjr63drplbdc8bzah46fr7mkc4-quickcheck-classes-base-0.6.2.0.tar.gz' from 'https://cache.nixos.org'...
copying path '/nix/store/8mx2nzxd041fapgi00p18flvsjb5grpc-source' from 'https://cache.nixos.org'...
copying path '/nix/store/8kkk61czc0z479f7lsnxlias0wccrn4w-install-shell-files' from 'https://cache.nixos.org'...
copying path '/nix/store/5wv5pls6rflakz4m60w7m51m946m8hwi-find-xml-catalogs-hook' from 'https://cache.nixos.org'...
copying path '/nix/store/4s20vjw7n3162r7q0ag7ghchjgsd03q5-re2c-4.3' from 'https://cache.nixos.org'...
copying path '/nix/store/h6f8n3198gjcv61kk0bayrzcgg3dzm8s-libxml2-2.15.1-bin' from 'https://cache.nixos.org'...
copying path '/nix/store/075b6j43x9hvl1d565xgicgdjkd4qw3m-libxslt-1.1.43' from 'https://cache.nixos.org'...
building '/nix/store/hnrqfc524v1prvwvl1wj1axvyh4pw8zk-f5a3026eafdfd86f87acd2246893d4aa14721a77.patch.drv'...
building '/nix/store/mv55w7aavfjfkgd0hn43xbvrgai9s1gv-perfetto-config-57.2.proto.drv'...
building '/nix/store/cgzs62xjj8aagrxsm6my3qvm31zx7vpn-python3-3.12.12-env.drv'...
copying path '/nix/store/wkrr1k8xsgmnjrbmw6wgwssk9c2xsvbl-docbook-xml-4.5' from 'https://cache.nixos.org'...
copying path '/nix/store/4gnl4jyf9c07yzapz8sahiw9y0xisshp-docbook-xsl-nons-1.79.2' from 'https://cache.nixos.org'...
copying path '/nix/store/z5xvfanswg7wq1qajpijak8hkqqb0pqk-docbook-xsl-ns-1.79.2' from 'https://cache.nixos.org'...
copying path '/nix/store/baabckksj29mr07715pkw9gg7ydfr389-libxslt-1.1.43-bin' from 'https://cache.nixos.org'...
building '/nix/store/8k2d49n8mgrd0kg4krjwhqaymbd0nkxb-quickcheck-classes-base-lib-quickcheck-classes-base-0.6.2.0.drv'...
copying path '/nix/store/kbrb5v55h7zsykfmy3bq93067x57d30y-asciidoc-10.2.1' from 'https://cache.nixos.org'...
building '/nix/store/bn0f5c2gzk4v4r09qg586lhc7f0sy03f-ninja-1.13.1.drv'...
building '/nix/store/fxcgkcrkjwlpnk1rhfpy2pd99yxpn8mf-perfetto-config-schema-57.2.drv'...
building '/nix/store/759gyyacbvskk5qk6l8rdl1p7lh4f68d-quickcheck-classes-base-lib-quickcheck-classes-base-0.6.2.0-haddock.drv'...
building '/nix/store/kmahfa42pa2d0345w4pbarb33kg0ab9s-hoogle-with-packages.drv'...
building '/nix/store/wsid4c323j13bg36w0ijwnd2pwd4k3b3-ghc-shell-for-packages-ghc-9.12.2-env.drv'...
building '/nix/store/z3nmi9z7wcmblacsdxww17j6024yrmjg-tron-dev-env.drv'...
warning: ignoring the client-specified setting 'trusted-public-keys', because it is a restricted setting and you are not a trusted user
=== TRON + Ingest unified development environment loaded ===
    (CPU-only - use 'nix develop .#cuda' for CUDA support)

C++ toolchain (LLVM 19):
  Compiler: clang version 19.1.7
  clangd: clangd version 19.1.7
  TBB: /nix/store/h750dcjgraps0d8rb633xxf157i1vndc-onetbb-2022.3.0
  libunwind: /nix/store/42h1ygw13wn3czbmb5j1pnf0pbgs1fqz-libunwind-19.1.7

Rust toolchain:
  rustc: rustc 1.92.0 (ded5c06cf 2025-12-08)

Python environment:
  Python: Python 3.12.12
  Available: torch (CPU), transformers, accelerate, safetensors, ruff

Haskell toolchain:
  GHC: The Glorious Glasgow Haskell Compilation System, version 9.12.2
  Cabal: cabal-install version 3.16.0.0 
  HLS: available

Build commands:
  Tron (C++): make build, make test
  Ingest (Haskell): cd ingest && cabal build

ninja: Entering directory `gen'
[0/2] Re-checking globbed directories...
-- GLOB mismatch!
[1/2] Re-running CMake...
-- Build spdlog: 1.17.0
-- Build type: RelWithDebInfo
-- Using the multi-header code from /home/jhan/workspace/ai-runs/tron-attn-stats/gen/_deps/json-src/include/
-- compiler: Clang
CMake Deprecation Warning at gen/_deps/drogon-src/trantor/CMakeLists.txt:1 (cmake_minimum_required):
  Compatibility with CMake < 3.10 will be removed from a future version of
  CMake.

  Update the VERSION argument <min> value.  Or, use the <min>...<max> syntax
  to tell CMake that the project requires at least <min> but has been updated
  to work with policies introduced by <max> or earlier.


-- Trantor using SSL library: OpenSSL
-- Could NOT find c-ares (missing: C-ARES_INCLUDE_DIRS C-ARES_LIBRARIES) 
-- Could NOT find Doxygen (missing: DOXYGEN_EXECUTABLE) 
-- Found std::filesystem
-- use c++20
-- jsoncpp version:1.9.6
-- yaml-cpp not used
-- Found UUID: /nix/store/mzl19fy0j4fl395z3pbkwxcmkxi1733v-util-linux-minimal-2.41.2-lib/lib/libuuid.so
-- Brotli found
-- Could NOT find PostgreSQL (missing: PostgreSQL_LIBRARY PostgreSQL_INCLUDE_DIR) 
-- Could NOT find pg (missing: PG_LIBRARIES PG_INCLUDE_DIRS) 
-- MySql was not found.
-- sqlite3 was not found.
-- Could NOT find Hiredis (missing: HIREDIS_LIBRARY HIREDIS_INCLUDE_DIR) 
-- Could NOT find Doxygen (missing: DOXYGEN_EXECUTABLE) 
CMake Deprecation Warning at gen/_deps/yaml-cpp-src/CMakeLists.txt:2 (cmake_minimum_required):
  Compatibility with CMake < 3.10 will be removed from a future version of
  CMake.

  Update the VERSION argument <min> value.  Or, use the <min>...<max> syntax
  to tell CMake that the project requires at least <min> but has been updated
  to work with policies introduced by <max> or earlier.


-- Using tokenizers version from Cargo.toml: 0.21.1
-- Checking Rust version and setting up if needed...
-- Using compatible Nix Rust from PATH. Created empty rustenv at /home/jhan/workspace/ai-runs/tron-attn-stats/rust/rustenv

-- Distributing 35 selected plugin instantiations across 35 compilation units
-- FUSE stats feature: ENABLED
-- Configuring done (6.6s)
-- Generating done (1.3s)
-- Build files have been written to: /home/jhan/workspace/ai-runs/tron-attn-stats/gen
[0/4] Re-checking globbed directories...
[1/75] Checking hand-written plugin set
[2/75] Updating selected generated-plugin manifest
Loaded registry /home/jhan/workspace/ai-runs/tron-attn-stats/config/models.yaml: 44 models
Generated selected generated plugin manifest: /home/jhan/workspace/ai-runs/tron-attn-stats/gen/selected_generated_plugins.txt
[3/75] Generating model-definitions.i from /home/jhan/workspace/ai-runs/tron-attn-stats/config/models.yaml
Loaded registry /home/jhan/workspace/ai-runs/tron-attn-stats/config/models.yaml: 44 models
Filtered to 14 model stanzas, 35 base-executor pairs
Generated /home/jhan/workspace/ai-runs/tron-attn-stats/gen/src/tron/model-definitions.stamp.tmp.hpdah8/output
[4/75] Generating h/tron/plugins.hpp header
[5/75] Publishing model-definitions.i
[6/74] Checking build version
Building version 2026.09.30-8c955149-jhan-attn-path-stats
[7/74] Updating version.cpp
[8/74] Building CXX object src/CMakeFiles/version.dir/version.cpp.o
[9/74] Linking CXX shared library src/libversion.so
[10/74] Building CXX object src/system/CMakeFiles/system_mwaitx.dir/mwaitx.cpp.o
[11/74] Building CXX object src/system/CMakeFiles/system.dir/metrics.cpp.o
[12/74] Building CXX object src/pos/CMakeFiles/pos_fake.dir/debug.cpp.o
[13/74] Building CXX object src/system/CMakeFiles/system.dir/spdlog.cpp.o
[14/74] Building CXX object src/system/CMakeFiles/system.dir/heap.cpp.o
[15/74] Building CXX object src/system/CMakeFiles/system.dir/memory.cpp.o
[16/74] Building CXX object src/system/CMakeFiles/system.dir/resource_map.cpp.o
[17/74] Building CXX object src/system/CMakeFiles/system.dir/fuse_sysfs.cpp.o
[18/74] Building CXX object src/system/CMakeFiles/system.dir/huge.cpp.o
[19/74] Building CXX object src/tron/CMakeFiles/tron.dir/hardware/tls.cpp.o
[20/74] Building CXX object src/tron/CMakeFiles/tron.dir/generation/token_stream_monitor.cpp.o
[21/74] Building CXX object src/tron/CMakeFiles/tron.dir/generation/context.cpp.o
[22/74] Building CXX object src/tron/CMakeFiles/tron.dir/kernels/amx_attn.cpp.o
[23/74] Building CXX object src/tron/CMakeFiles/tron.dir/hardware/expert_placement_plan.cpp.o
[24/74] Building CXX object src/pos/CMakeFiles/pos_fake.dir/perf.cpp.o
[25/74] Building CXX object src/tron/CMakeFiles/tron.dir/process_state.cpp.o
[26/74] Building CXX object src/tron/CMakeFiles/tron.dir/models/expert_matmul_schedule.cpp.o
[27/74] Building CXX object src/tron/CMakeFiles/tron.dir/kernels/rope.cpp.o
[28/74] Building CXX object src/pos/CMakeFiles/pos_fake.dir/fake.cpp.o
[29/74] Building CXX object src/pos/CMakeFiles/pos_fake.dir/hwperf.cpp.o
[30/74] Building CXX object src/pos/CMakeFiles/pos_fake.dir/dma_tracker.cpp.o
[31/74] Building CXX object src/pos/CMakeFiles/pos_fake.dir/alloc.cpp.o
[32/74] Building CXX object src/tron/CMakeFiles/tron.dir/models/hw_attn_config.cpp.o
[33/74] Building CXX object src/system/CMakeFiles/system.dir/system.cpp.o
[34/74] Linking CXX static library src/system/libsystem.a
[35/74] Linking CXX static library src/pos/libpos_fake.a
[36/74] Building CXX object src/tron/CMakeFiles/tron.dir/threading.cpp.o
[37/74] Building CXX object src/tron/CMakeFiles/tron.dir/hardware/placer.cpp.o
[38/74] Building CXX object src/tron/CMakeFiles/tron.dir/generation/stats.cpp.o
[39/74] Building CXX object src/tron/CMakeFiles/tron.dir/files/safetensors.cpp.o
[40/74] Building CXX object src/tron/CMakeFiles/tron.dir/models/ranged_mask.cpp.o
[41/74] Building CXX object src/tron/CMakeFiles/tron.dir/models/cache.cpp.o
[42/74] Building CXX object t/CMakeFiles/testfake_objects.dir/fake.cpp.o
[43/74] Building CXX object src/tron/CMakeFiles/tron.dir/gof.cpp.o
[44/74] Building CXX object src/tron/CMakeFiles/fake_scheduler.dir/scheduler/full.cpp.o
[45/74] Building CXX object src/tron/CMakeFiles/tron.dir/scheduler/token_tree.cpp.o
[46/74] Linking CXX static library src/tron/libtron.a
[47/74] Linking CXX executable t_page_share_counters
[48/74] Linking CXX executable t_compute_attention_unit
[49/74] Building CXX object t/CMakeFiles/t_llama_unit.dir/t_attn_stats.cpp.o
[50/74] Building CXX object src/tron/CMakeFiles/fake_scheduler.dir/scheduler/token_cache_control.cpp.o
[51/74] Building CXX object src/tron/CMakeFiles/fake_scheduler.dir/scheduler/token_cache.cpp.o
[52/74] Building CXX object src/tron/CMakeFiles/fake_scheduler.dir/generation.cpp.o
[53/74] Building CXX object src/tron/CMakeFiles/fake_scheduler.dir/generation/speculate.cpp.o
[54/74] Building CXX object src/tron/CMakeFiles/tron_model_mock_objects.dir/src/tron/model_mock.cpp.o
[55/74] Building CXX object src/tron/CMakeFiles/tron_model_llama_68m_objects.dir/src/tron/model_llama_68m.cpp.o
[56/74] Building CXX object t/CMakeFiles/t_amx_dispatch_dtype.dir/t_amx_dispatch_dtype.cpp.o
[57/74] Linking CXX executable t_amx_dispatch_dtype
[58/74] Building CXX object t/CMakeFiles/t_heterogeneous_scheduler.dir/heterogeneous_scheduler_compile.cpp.o
[59/74] Building CXX object src/tron/CMakeFiles/fake_scheduler.dir/scheduler/legacy_dispatch.cpp.o
[60/74] Building CXX object t/CMakeFiles/t_llama_unit.dir/t_llama_unit.cpp.o
[61/74] Linking CXX executable t_llama_unit
[62/74] Building CXX object src/tron/CMakeFiles/tron_model_llama_3p2_1b_objects.dir/src/tron/model_llama_3p2_1b.cpp.o
[63/74] Building CXX object src/tron/CMakeFiles/tron_model_qwen_2p5_32b_objects.dir/src/tron/model_qwen_2p5_32b.cpp.o
[64/74] Building CXX object src/tron/CMakeFiles/tron_model_gemma_2_9b_objects.dir/src/tron/model_gemma_2_9b.cpp.o
[65/74] Building CXX object src/tron/CMakeFiles/tron_model_llama_3_8b_objects.dir/src/tron/model_llama_3_8b.cpp.o
[66/74] Building CXX object src/tron/CMakeFiles/tron_model_mixtral_8x7b_objects.dir/src/tron/model_mixtral_8x7b.cpp.o
[67/74] Building CXX object src/tron/CMakeFiles/tron_model_llama_3p1_70b_objects.dir/src/tron/model_llama_3p1_70b.cpp.o
[68/74] Building CXX object src/tron/CMakeFiles/tron_model_llama_3p2_3b_objects.dir/src/tron/model_llama_3p2_3b.cpp.o
[69/74] Building CXX object src/tron/CMakeFiles/tron_model_llama_3p1_8b_objects.dir/src/tron/model_llama_3p1_8b.cpp.o
[70/74] Linking CXX shared library src/tron/libfake_scheduler.so
[71/74] Linking CXX executable t_heterogeneous_scheduler
