2026-09-19T22:15:00Z campaign start (PASSES=base canon base canon base canon PASS_TAGS=none CHECK=1 CHECK_ONLY=1 NOT_BEFORE=none DEADLINE_START=2026-09-20T00:15:00Z PASS_DEADLINE=2026-09-20T00:30:00Z DRIVER_END_BY=2026-09-20T01:00:00Z HANDOFF=up EXPECTED_BASE=2026.09.18-3faba6d0 DRIVER_TIMEOUT=5400 CHECK_TIMEOUT=1200 PT_BAND=-800/+400)
2026-09-19T22:15:01Z CI lease free
2026-09-19T22:15:01Z no runtron process on the DUT
2026-09-19T22:16:43Z check-8u-p8192: starting perf phase (2026.09.18-0594dc54-jhan-ci-canon b273a2e1d80f9f248935ce7103ba2a8216913b2e96d7ef6236d3a37952b3ec10); configs check-8u-p8192.json; driver timeout 1200 s
2026-09-19T22:24:54Z check-8u-p8192: driver rc=0 in 8 min (1 configs completed, 0 anomalous-sample lines)
2026-09-19T22:24:54Z check 8u x 8192 ok in 8 min (driver rc 0 (first run rc 0)): all 9 configs stay
2026-09-19T22:24:54Z CHECK_ONLY=1: check cell done; the passes will use configs-full.json; no pass in this run (plan section 2: the six passes run in the Sunday window)
2026-09-19T22:25:05Z restore ok: 2026.09.18-3faba6d0 27e6883c2e8696b861589272470d5f6a4ec5485f6e8cd2ad163ae699f1dc6616
2026-09-19T22:28:56Z check-only run done
2026-09-19T22:29:51Z campaign start (PASSES=base canon base canon base canon PASS_TAGS=none CHECK=0 CHECK_ONLY=0 NOT_BEFORE=2026-09-20T13:00:00Z DEADLINE_START=2026-09-20T19:30:00Z PASS_DEADLINE=2026-09-20T23:45:00Z DRIVER_END_BY=2026-09-21T01:00:00Z HANDOFF=up EXPECTED_BASE=2026.09.18-3faba6d0 DRIVER_TIMEOUT=4800 CHECK_TIMEOUT=1200 PT_BAND=-800/+400)
2026-09-19T22:29:51Z waiting: NOT_BEFORE 2026-09-20T13:00:00Z (next check in 30 min)
2026-09-19T22:59:51Z waiting: NOT_BEFORE 2026-09-20T13:00:00Z (next check in 30 min)
2026-09-19T23:29:51Z waiting: NOT_BEFORE 2026-09-20T13:00:00Z (next check in 30 min)
2026-09-19T23:59:51Z waiting: NOT_BEFORE 2026-09-20T13:00:00Z (next check in 30 min)
2026-09-20T00:29:51Z waiting: NOT_BEFORE 2026-09-20T13:00:00Z (next check in 30 min)
2026-09-20T00:59:51Z waiting: NOT_BEFORE 2026-09-20T13:00:00Z (next check in 30 min)
2026-09-20T01:29:51Z waiting: NOT_BEFORE 2026-09-20T13:00:00Z (next check in 30 min)
2026-09-20T01:59:51Z waiting: NOT_BEFORE 2026-09-20T13:00:00Z (next check in 30 min)
2026-09-20T02:29:51Z waiting: NOT_BEFORE 2026-09-20T13:00:00Z (next check in 30 min)
2026-09-20T02:59:51Z waiting: NOT_BEFORE 2026-09-20T13:00:00Z (next check in 30 min)
2026-09-20T03:29:51Z waiting: NOT_BEFORE 2026-09-20T13:00:00Z (next check in 30 min)
2026-09-20T03:59:51Z waiting: NOT_BEFORE 2026-09-20T13:00:00Z (next check in 30 min)
2026-09-20T04:29:51Z waiting: NOT_BEFORE 2026-09-20T13:00:00Z (next check in 30 min)
2026-09-20T04:59:51Z waiting: NOT_BEFORE 2026-09-20T13:00:00Z (next check in 30 min)
2026-09-20T05:29:51Z waiting: NOT_BEFORE 2026-09-20T13:00:00Z (next check in 30 min)
2026-09-20T05:59:51Z waiting: NOT_BEFORE 2026-09-20T13:00:00Z (next check in 30 min)
2026-09-20T06:29:51Z waiting: NOT_BEFORE 2026-09-20T13:00:00Z (next check in 30 min)
2026-09-20T06:59:51Z waiting: NOT_BEFORE 2026-09-20T13:00:00Z (next check in 30 min)
2026-09-20T07:29:51Z waiting: NOT_BEFORE 2026-09-20T13:00:00Z (next check in 30 min)
2026-09-20T07:59:51Z waiting: NOT_BEFORE 2026-09-20T13:00:00Z (next check in 30 min)
2026-09-20T08:29:51Z waiting: NOT_BEFORE 2026-09-20T13:00:00Z (next check in 30 min)
2026-09-20T08:59:51Z waiting: NOT_BEFORE 2026-09-20T13:00:00Z (next check in 30 min)
2026-09-20T09:29:51Z waiting: NOT_BEFORE 2026-09-20T13:00:00Z (next check in 30 min)
2026-09-20T09:59:51Z waiting: NOT_BEFORE 2026-09-20T13:00:00Z (next check in 30 min)
2026-09-20T10:29:51Z waiting: NOT_BEFORE 2026-09-20T13:00:00Z (next check in 30 min)
2026-09-20T10:59:51Z waiting: NOT_BEFORE 2026-09-20T13:00:00Z (next check in 30 min)
2026-09-20T11:29:51Z waiting: NOT_BEFORE 2026-09-20T13:00:00Z (next check in 30 min)
2026-09-20T11:59:51Z waiting: NOT_BEFORE 2026-09-20T13:00:00Z (next check in 30 min)
2026-09-20T12:29:51Z waiting: NOT_BEFORE 2026-09-20T13:00:00Z (next check in 30 min)
2026-09-20T12:59:51Z waiting: NOT_BEFORE 2026-09-20T13:00:00Z (next check in 0 min)
2026-09-20T13:00:00Z NOT_BEFORE 2026-09-20T13:00:00Z passed; waiting for the CI lease next
2026-09-20T13:00:01Z waiting: CI lease busy (or the DUT did not answer)
2026-09-20T13:02:01Z waiting: CI lease busy (or the DUT did not answer)
2026-09-20T13:04:01Z waiting: CI lease busy (or the DUT did not answer)
2026-09-20T13:06:02Z waiting: CI lease busy (or the DUT did not answer)
2026-09-20T13:08:02Z CI lease free
2026-09-20T13:08:02Z no runtron process on the DUT
2026-09-20T13:08:24Z Bill's marker taken (whole machine)
2026-09-20T13:08:29Z CHECK=0: reusing the config file of the earlier check: /home/jhan/workspace/intel-AMX/exec/q4b-swattn-20260919/configs-full.json
2026-09-20T13:14:09Z base-pass1: starting perf phase (2026.09.18-3faba6d0 27e6883c2e8696b861589272470d5f6a4ec5485f6e8cd2ad163ae699f1dc6616); configs configs-full.json; driver timeout 4800 s
2026-09-20T14:03:35Z base-pass1: driver rc=0 in 49 min (9 configs completed, 0 anomalous-sample lines)
2026-09-20T14:06:11Z canon-pass1: starting perf phase (2026.09.18-0594dc54-jhan-ci-canon b273a2e1d80f9f248935ce7103ba2a8216913b2e96d7ef6236d3a37952b3ec10); configs configs-full.json; driver timeout 4800 s
2026-09-20T14:44:59Z canon-pass1: driver rc=0 in 38 min (9 configs completed, 4 anomalous-sample lines)
2026-09-20T14:47:32Z base-pass2: starting perf phase (2026.09.18-3faba6d0 27e6883c2e8696b861589272470d5f6a4ec5485f6e8cd2ad163ae699f1dc6616); configs configs-full.json; driver timeout 4800 s
2026-09-20T15:35:22Z base-pass2: driver rc=0 in 47 min (9 configs completed, 5 anomalous-sample lines)
2026-09-20T15:37:57Z canon-pass2: starting perf phase (2026.09.18-0594dc54-jhan-ci-canon b273a2e1d80f9f248935ce7103ba2a8216913b2e96d7ef6236d3a37952b3ec10); configs configs-full.json; driver timeout 4800 s
2026-09-20T16:16:31Z canon-pass2: driver rc=0 in 38 min (9 configs completed, 2 anomalous-sample lines)
2026-09-20T16:19:04Z base-pass3: starting perf phase (2026.09.18-3faba6d0 27e6883c2e8696b861589272470d5f6a4ec5485f6e8cd2ad163ae699f1dc6616); configs configs-full.json; driver timeout 4800 s
2026-09-20T17:08:30Z base-pass3: driver rc=0 in 49 min (9 configs completed, 10 anomalous-sample lines)
2026-09-20T17:12:05Z canon-pass3: starting perf phase (2026.09.18-0594dc54-jhan-ci-canon b273a2e1d80f9f248935ce7103ba2a8216913b2e96d7ef6236d3a37952b3ec10); configs configs-full.json; driver timeout 4800 s
2026-09-20T17:50:33Z canon-pass3: driver rc=0 in 38 min (9 configs completed, 2 anomalous-sample lines)
2026-09-20T17:50:44Z restore ok: 2026.09.18-3faba6d0 27e6883c2e8696b861589272470d5f6a4ec5485f6e8cd2ad163ae699f1dc6616
2026-09-20T18:01:00Z campaign done
