2026-09-19T09:29:46Z campaign start (PASSES=base canon base canon base canon PASS_TAGS=none CHECK=1 DEADLINE_START=2026-09-19T19:30:00Z PASS_DEADLINE=2026-09-19T23:45:00Z DRIVER_END_BY=2026-09-20T01:00:00Z HANDOFF=up EXPECTED_BASE=2026.09.18-3faba6d0)
2026-09-19T09:29:46Z waiting: CI lease busy (or the DUT did not answer)
2026-09-19T09:31:46Z waiting: CI lease busy (or the DUT did not answer)
2026-09-19T09:33:47Z waiting: CI lease busy (or the DUT did not answer)
2026-09-19T09:35:47Z waiting: CI lease busy (or the DUT did not answer)
2026-09-19T09:37:48Z waiting: CI lease busy (or the DUT did not answer)
2026-09-19T09:39:48Z waiting: CI lease busy (or the DUT did not answer)
2026-09-19T09:41:48Z waiting: CI lease busy (or the DUT did not answer)
2026-09-19T09:43:49Z waiting: CI lease busy (or the DUT did not answer)
2026-09-19T09:45:49Z waiting: CI lease busy (or the DUT did not answer)
2026-09-19T09:47:49Z waiting: CI lease busy (or the DUT did not answer)
2026-09-19T09:49:50Z waiting: CI lease busy (or the DUT did not answer)
2026-09-19T09:51:50Z waiting: CI lease busy (or the DUT did not answer)
2026-09-19T09:53:50Z waiting: CI lease busy (or the DUT did not answer)
2026-09-19T09:55:51Z waiting: CI lease busy (or the DUT did not answer)
2026-09-19T09:57:51Z waiting: CI lease busy (or the DUT did not answer)
2026-09-19T09:59:51Z waiting: CI lease busy (or the DUT did not answer)
2026-09-19T10:01:52Z waiting: CI lease busy (or the DUT did not answer)
2026-09-19T10:03:52Z waiting: CI lease busy (or the DUT did not answer)
2026-09-19T10:05:52Z waiting: CI lease busy (or the DUT did not answer)
2026-09-19T10:07:53Z waiting: CI lease busy (or the DUT did not answer)
2026-09-19T10:09:53Z waiting: CI lease busy (or the DUT did not answer)
2026-09-19T10:11:54Z waiting: CI lease busy (or the DUT did not answer)
2026-09-19T10:13:54Z waiting: CI lease busy (or the DUT did not answer)
2026-09-19T10:15:54Z waiting: CI lease busy (or the DUT did not answer)
2026-09-19T10:17:55Z waiting: CI lease busy (or the DUT did not answer)
2026-09-19T10:19:55Z waiting: CI lease busy (or the DUT did not answer)
2026-09-19T10:21:55Z waiting: CI lease busy (or the DUT did not answer)
2026-09-19T10:23:56Z waiting: CI lease busy (or the DUT did not answer)
2026-09-19T10:25:56Z waiting: CI lease busy (or the DUT did not answer)
2026-09-19T10:27:57Z waiting: CI lease busy (or the DUT did not answer)
2026-09-19T10:29:57Z waiting: CI lease busy (or the DUT did not answer)
2026-09-19T10:31:58Z waiting: CI lease busy (or the DUT did not answer)
2026-09-19T10:33:58Z waiting: CI lease busy (or the DUT did not answer)
2026-09-19T10:35:58Z waiting: CI lease busy (or the DUT did not answer)
2026-09-19T10:37:59Z waiting: CI lease busy (or the DUT did not answer)
2026-09-19T10:39:59Z waiting: CI lease busy (or the DUT did not answer)
2026-09-19T10:41:59Z waiting: CI lease busy (or the DUT did not answer)
2026-09-19T10:44:00Z waiting: CI lease busy (or the DUT did not answer)
2026-09-19T10:46:00Z waiting: CI lease busy (or the DUT did not answer)
2026-09-19T10:48:00Z waiting: CI lease busy (or the DUT did not answer)
2026-09-19T10:50:01Z waiting: CI lease busy (or the DUT did not answer)
2026-09-19T10:52:02Z waiting: CI lease busy (or the DUT did not answer)
2026-09-19T10:54:02Z waiting: CI lease busy (or the DUT did not answer)
2026-09-19T10:56:02Z waiting: CI lease busy (or the DUT did not answer)
2026-09-19T10:58:03Z waiting: CI lease busy (or the DUT did not answer)
2026-09-19T11:00:03Z waiting: CI lease busy (or the DUT did not answer)
2026-09-19T11:02:04Z waiting: CI lease busy (or the DUT did not answer)
2026-09-19T11:04:04Z waiting: CI lease busy (or the DUT did not answer)
2026-09-19T11:06:04Z waiting: CI lease busy (or the DUT did not answer)
2026-09-19T11:08:05Z waiting: CI lease busy (or the DUT did not answer)
2026-09-19T11:10:05Z waiting: CI lease busy (or the DUT did not answer)
2026-09-19T11:12:06Z waiting: CI lease busy (or the DUT did not answer)
2026-09-19T11:14:06Z waiting: CI lease busy (or the DUT did not answer)
2026-09-19T11:16:07Z waiting: CI lease busy (or the DUT did not answer)
2026-09-19T11:18:07Z waiting: CI lease busy (or the DUT did not answer)
2026-09-19T11:20:08Z waiting: CI lease busy (or the DUT did not answer)
2026-09-19T11:22:08Z waiting: CI lease busy (or the DUT did not answer)
2026-09-19T11:24:08Z waiting: CI lease busy (or the DUT did not answer)
2026-09-19T11:26:09Z waiting: CI lease busy (or the DUT did not answer)
2026-09-19T11:28:09Z waiting: CI lease busy (or the DUT did not answer)
2026-09-19T11:30:10Z waiting: CI lease busy (or the DUT did not answer)
2026-09-19T11:32:10Z waiting: CI lease busy (or the DUT did not answer)
2026-09-19T11:34:10Z waiting: CI lease busy (or the DUT did not answer)
2026-09-19T11:36:11Z waiting: CI lease busy (or the DUT did not answer)
2026-09-19T11:38:11Z waiting: CI lease busy (or the DUT did not answer)
2026-09-19T11:40:11Z waiting: CI lease busy (or the DUT did not answer)
2026-09-19T11:42:12Z waiting: CI lease busy (or the DUT did not answer)
2026-09-19T11:44:12Z waiting: CI lease busy (or the DUT did not answer)
2026-09-19T11:46:13Z waiting: CI lease busy (or the DUT did not answer)
2026-09-19T11:48:13Z waiting: CI lease busy (or the DUT did not answer)
2026-09-19T11:50:13Z waiting: CI lease busy (or the DUT did not answer)
2026-09-19T11:52:14Z waiting: CI lease busy (or the DUT did not answer)
2026-09-19T11:54:14Z waiting: CI lease busy (or the DUT did not answer)
2026-09-19T11:56:14Z waiting: CI lease busy (or the DUT did not answer)
2026-09-19T11:58:15Z waiting: CI lease busy (or the DUT did not answer)
2026-09-19T12:00:15Z waiting: CI lease busy (or the DUT did not answer)
2026-09-19T12:02:16Z waiting: CI lease busy (or the DUT did not answer)
2026-09-19T12:04:16Z waiting: CI lease busy (or the DUT did not answer)
2026-09-19T12:06:16Z waiting: CI lease busy (or the DUT did not answer)
2026-09-19T12:08:17Z waiting: CI lease busy (or the DUT did not answer)
2026-09-19T12:10:17Z waiting: CI lease busy (or the DUT did not answer)
2026-09-19T12:12:17Z waiting: CI lease busy (or the DUT did not answer)
2026-09-19T12:14:18Z waiting: CI lease busy (or the DUT did not answer)
2026-09-19T12:16:18Z waiting: CI lease busy (or the DUT did not answer)
2026-09-19T12:18:18Z waiting: CI lease busy (or the DUT did not answer)
2026-09-19T12:20:19Z waiting: CI lease busy (or the DUT did not answer)
2026-09-19T12:22:19Z waiting: CI lease busy (or the DUT did not answer)
2026-09-19T12:24:19Z waiting: CI lease busy (or the DUT did not answer)
2026-09-19T12:26:20Z waiting: CI lease busy (or the DUT did not answer)
2026-09-19T12:28:20Z waiting: CI lease busy (or the DUT did not answer)
2026-09-19T12:30:21Z waiting: CI lease busy (or the DUT did not answer)
2026-09-19T12:32:21Z waiting: CI lease busy (or the DUT did not answer)
2026-09-19T12:34:21Z waiting: CI lease busy (or the DUT did not answer)
2026-09-19T12:36:22Z waiting: CI lease busy (or the DUT did not answer)
2026-09-19T12:38:23Z waiting: CI lease busy (or the DUT did not answer)
2026-09-19T12:40:24Z waiting: CI lease busy (or the DUT did not answer)
2026-09-19T12:42:24Z waiting: CI lease busy (or the DUT did not answer)
2026-09-19T12:44:25Z waiting: CI lease busy (or the DUT did not answer)
2026-09-19T12:46:25Z waiting: CI lease busy (or the DUT did not answer)
2026-09-19T12:48:25Z waiting: CI lease busy (or the DUT did not answer)
2026-09-19T12:50:26Z waiting: CI lease busy (or the DUT did not answer)
2026-09-19T12:52:26Z waiting: CI lease busy (or the DUT did not answer)
2026-09-19T12:54:26Z waiting: CI lease busy (or the DUT did not answer)
2026-09-19T12:56:27Z waiting: CI lease busy (or the DUT did not answer)
2026-09-19T12:58:27Z waiting: CI lease busy (or the DUT did not answer)
2026-09-19T13:00:27Z waiting: CI lease busy (or the DUT did not answer)
2026-09-19T13:02:28Z waiting: CI lease busy (or the DUT did not answer)
2026-09-19T13:04:28Z waiting: CI lease busy (or the DUT did not answer)
2026-09-19T13:06:29Z waiting: CI lease busy (or the DUT did not answer)
2026-09-19T13:08:29Z waiting: CI lease busy (or the DUT did not answer)
2026-09-19T13:10:29Z waiting: CI lease busy (or the DUT did not answer)
2026-09-19T13:12:30Z waiting: CI lease busy (or the DUT did not answer)
2026-09-19T13:14:31Z CI lease free
2026-09-19T13:19:42Z check-32u-p8192: starting perf phase (2026.09.18-0594dc54-jhan-ci-canon b273a2e1d80f9f248935ce7103ba2a8216913b2e96d7ef6236d3a37952b3ec10); configs check-32u-p8192.json; driver timeout 2400 s
2026-09-19T13:31:57Z check-32u-p8192: driver rc=0 in 12 min (1 configs completed, 0 anomalous-sample lines)
2026-09-19T13:31:57Z check 32u x 8192 ok in 12 min: all 10 configs stay
2026-09-19T13:35:38Z SIGNAL received: stopping the driver, then restoring
2026-09-19T13:35:41Z restore ok: 2026.09.18-3faba6d0 27e6883c2e8696b861589272470d5f6a4ec5485f6e8cd2ad163ae699f1dc6616
2026-09-19T13:39:56Z campaign ABORTED by signal; problems: none
2026-09-19T13:43:40Z campaign start (PASSES=base canon base canon base canon PASS_TAGS=none CHECK=0 DEADLINE_START=2026-09-19T19:30:00Z PASS_DEADLINE=2026-09-19T23:45:00Z DRIVER_END_BY=2026-09-20T01:00:00Z HANDOFF=up EXPECTED_BASE=2026.09.18-3faba6d0)
2026-09-19T13:43:41Z CI lease free
2026-09-19T13:43:41Z waiting: another campaign (runtron) is running on the DUT
2026-09-19T13:45:42Z waiting: another campaign (runtron) is running on the DUT
2026-09-19T13:47:42Z waiting: another campaign (runtron) is running on the DUT
2026-09-19T13:49:43Z waiting: another campaign (runtron) is running on the DUT
2026-09-19T13:51:43Z waiting: another campaign (runtron) is running on the DUT
2026-09-19T13:53:44Z waiting: another campaign (runtron) is running on the DUT
2026-09-19T13:55:44Z waiting: another campaign (runtron) is running on the DUT
2026-09-19T13:57:45Z waiting: another campaign (runtron) is running on the DUT
2026-09-19T13:59:45Z waiting: another campaign (runtron) is running on the DUT
2026-09-19T14:01:46Z waiting: another campaign (runtron) is running on the DUT
2026-09-19T14:03:47Z waiting: another campaign (runtron) is running on the DUT
2026-09-19T14:05:48Z waiting: another campaign (runtron) is running on the DUT
2026-09-19T14:07:49Z waiting: another campaign (runtron) is running on the DUT
2026-09-19T14:09:49Z waiting: another campaign (runtron) is running on the DUT
2026-09-19T14:11:50Z waiting: another campaign (runtron) is running on the DUT
2026-09-19T14:13:51Z waiting: another campaign (runtron) is running on the DUT
2026-09-19T14:15:52Z waiting: another campaign (runtron) is running on the DUT
2026-09-19T14:17:52Z waiting: another campaign (runtron) is running on the DUT
2026-09-19T14:19:53Z waiting: another campaign (runtron) is running on the DUT
2026-09-19T14:21:54Z waiting: another campaign (runtron) is running on the DUT
2026-09-19T14:23:54Z waiting: another campaign (runtron) is running on the DUT
2026-09-19T14:25:55Z no runtron process on the DUT
2026-09-19T14:26:17Z Bill's marker taken (whole machine)
2026-09-19T14:26:20Z CHECK=0: reusing the config file of the earlier check: /home/jhan/workspace/intel-AMX/exec/l8b-levers-20260919/configs-no7168.json
2026-09-19T14:27:40Z base-pass1: starting perf phase (2026.09.18-3faba6d0 27e6883c2e8696b861589272470d5f6a4ec5485f6e8cd2ad163ae699f1dc6616); configs configs-no7168.json; driver timeout 5400 s
2026-09-19T14:58:51Z base-pass1: driver rc=0 in 31 min (7 configs completed, 0 anomalous-sample lines)
2026-09-19T15:01:30Z canon-pass1: starting perf phase (2026.09.18-0594dc54-jhan-ci-canon b273a2e1d80f9f248935ce7103ba2a8216913b2e96d7ef6236d3a37952b3ec10); configs configs-no7168.json; driver timeout 5400 s
2026-09-19T15:30:22Z canon-pass1: driver rc=0 in 28 min (7 configs completed, 0 anomalous-sample lines)
2026-09-19T15:33:00Z base-pass2: starting perf phase (2026.09.18-3faba6d0 27e6883c2e8696b861589272470d5f6a4ec5485f6e8cd2ad163ae699f1dc6616); configs configs-no7168.json; driver timeout 5400 s
2026-09-19T16:04:11Z base-pass2: driver rc=0 in 31 min (7 configs completed, 1 anomalous-sample lines)
2026-09-19T16:06:50Z canon-pass2: starting perf phase (2026.09.18-0594dc54-jhan-ci-canon b273a2e1d80f9f248935ce7103ba2a8216913b2e96d7ef6236d3a37952b3ec10); configs configs-no7168.json; driver timeout 5400 s
2026-09-19T16:36:03Z canon-pass2: driver rc=0 in 29 min (7 configs completed, 0 anomalous-sample lines)
2026-09-19T16:38:39Z base-pass3: starting perf phase (2026.09.18-3faba6d0 27e6883c2e8696b861589272470d5f6a4ec5485f6e8cd2ad163ae699f1dc6616); configs configs-no7168.json; driver timeout 5400 s
2026-09-19T17:09:30Z base-pass3: driver rc=0 in 30 min (7 configs completed, 0 anomalous-sample lines)
2026-09-19T17:13:11Z canon-pass3: starting perf phase (2026.09.18-0594dc54-jhan-ci-canon b273a2e1d80f9f248935ce7103ba2a8216913b2e96d7ef6236d3a37952b3ec10); configs configs-no7168.json; driver timeout 5400 s
2026-09-19T17:42:22Z canon-pass3: driver rc=0 in 29 min (7 configs completed, 4 anomalous-sample lines)
2026-09-19T17:42:32Z restore ok: 2026.09.18-3faba6d0 27e6883c2e8696b861589272470d5f6a4ec5485f6e8cd2ad163ae699f1dc6616
2026-09-19T17:49:46Z campaign done
