=== vnni-syn-c3 commit=18ba069c952070d85992f77b3ba9eb7b326744f2 start 2026-09-14T06:43:23Z
Preparing worktree (detached HEAD 18ba069c95)
HEAD is now at 18ba069c95 clang-format-19 over the VNNI K change
warning: ignoring untrusted flake configuration setting 'allow-import-from-derivation'.
Pass '--accept-flake-config' to trust it
warning: ignoring untrusted flake configuration setting 'extra-substituters'.
Pass '--accept-flake-config' to trust it
warning: ignoring untrusted flake configuration setting 'extra-trusted-public-keys'.
Pass '--accept-flake-config' to trust it
Tip: Run 'cmake --preset native' or 'make build' to configure the project
=== TRON + Ingest unified development environment loaded ===
    (CPU-only - use 'nix develop .#cuda' for CUDA support)

C++ toolchain (LLVM 19):
  Compiler: clang version 19.1.7
  clangd: clangd version 19.1.7
  TBB: /nix/store/h750dcjgraps0d8rb633xxf157i1vndc-onetbb-2022.3.0
  libunwind: /nix/store/42h1ygw13wn3czbmb5j1pnf0pbgs1fqz-libunwind-19.1.7

Rust toolchain:
  rustc: rustc 1.92.0 (ded5c06cf 2025-12-08)

Python environment:
  Python: Python 3.12.12
  Available: torch (CPU), transformers, accelerate, safetensors, ruff

Haskell toolchain:
  GHC: The Glorious Glasgow Haskell Compilation System, version 9.12.2
  Cabal: cabal-install version 3.16.0.0 
  HLS: available

Build commands:
  Tron (C++): make build, make test
  Ingest (Haskell): cd ingest && cabal build

[ON] configure ok
[ON] dep libfuse3_external ok
[ON] production TU: none
[ON] syntax t/t_k_vnni_layout.cpp rc=0 in 11 s
[ON] syntax t/t_amx_dispatch_dtype.cpp rc=0 in 19 s
[ON] syntax t/t_amx_numerics.cpp rc=0 in 11 s
[ON] syntax t/t_llama_unit.cpp rc=0 in 32 s
[1m/var/tmp/jhan/tron-vnni-syn-c3/h/tron/models/registry.hpp:34:10: [0m[0;1;31mfatal error: [0m[1m'tron/model-definitions.i' file not found[0m
[ON] syntax src/tron/gof.cpp rc=1 in 16 s
[ON] syntax t/t_gof_dma.cpp rc=0 in 13 s
[ON] syntax t/t_phase1_integration.cpp rc=0 in 20 s
[ON] syntax t/t_gof_staging_leaks.cpp rc=0 in 19 s
[ON] syntax src/tron/kernels/amx_attn.cpp rc=0 in 1 s
[ON] nix-develop rc=0
warning: ignoring untrusted flake configuration setting 'allow-import-from-derivation'.
Pass '--accept-flake-config' to trust it
warning: ignoring untrusted flake configuration setting 'extra-substituters'.
Pass '--accept-flake-config' to trust it
warning: ignoring untrusted flake configuration setting 'extra-trusted-public-keys'.
Pass '--accept-flake-config' to trust it
=== TRON + Ingest unified development environment loaded ===
    (CPU-only - use 'nix develop .#cuda' for CUDA support)

C++ toolchain (LLVM 19):
  Compiler: clang version 19.1.7
  clangd: clangd version 19.1.7
  TBB: /nix/store/h750dcjgraps0d8rb633xxf157i1vndc-onetbb-2022.3.0
  libunwind: /nix/store/42h1ygw13wn3czbmb5j1pnf0pbgs1fqz-libunwind-19.1.7

Rust toolchain:
  rustc: rustc 1.92.0 (ded5c06cf 2025-12-08)

Python environment:
  Python: Python 3.12.12
  Available: torch (CPU), transformers, accelerate, safetensors, ruff

Haskell toolchain:
  GHC: The Glorious Glasgow Haskell Compilation System, version 9.12.2
  Cabal: cabal-install version 3.16.0.0 
  HLS: available

Build commands:
  Tron (C++): make build, make test
  Ingest (Haskell): cd ingest && cabal build

[OFF] configure ok
[OFF] dep libfuse3_external ok
[OFF] production TU: none
[OFF] syntax t/t_k_vnni_layout.cpp rc=0 in 20 s
[OFF] syntax t/t_amx_dispatch_dtype.cpp rc=0 in 26 s
[OFF] syntax t/t_amx_numerics.cpp rc=0 in 10 s
[OFF] syntax t/t_llama_unit.cpp rc=0 in 31 s
[1m/var/tmp/jhan/tron-vnni-syn-c3/h/tron/models/registry.hpp:34:10: [0m[0;1;31mfatal error: [0m[1m'tron/model-definitions.i' file not found[0m
[OFF] syntax src/tron/gof.cpp rc=1 in 17 s
[OFF] syntax t/t_gof_dma.cpp rc=0 in 19 s
[OFF] syntax t/t_phase1_integration.cpp rc=0 in 25 s
[OFF] syntax t/t_gof_staging_leaks.cpp rc=0 in 18 s
[OFF] syntax src/tron/kernels/amx_attn.cpp rc=0 in 1 s
[OFF] nix-develop rc=0
warning: ignoring untrusted flake configuration setting 'allow-import-from-derivation'.
Pass '--accept-flake-config' to trust it
warning: ignoring untrusted flake configuration setting 'extra-substituters'.
Pass '--accept-flake-config' to trust it
warning: ignoring untrusted flake configuration setting 'extra-trusted-public-keys'.
Pass '--accept-flake-config' to trust it
=== TRON + Ingest unified development environment loaded ===
    (CPU-only - use 'nix develop .#cuda' for CUDA support)

C++ toolchain (LLVM 19):
  Compiler: clang version 19.1.7
  clangd: clangd version 19.1.7
  TBB: /nix/store/h750dcjgraps0d8rb633xxf157i1vndc-onetbb-2022.3.0
  libunwind: /nix/store/42h1ygw13wn3czbmb5j1pnf0pbgs1fqz-libunwind-19.1.7

Rust toolchain:
  rustc: rustc 1.92.0 (ded5c06cf 2025-12-08)

Python environment:
  Python: Python 3.12.12
  Available: torch (CPU), transformers, accelerate, safetensors, ruff

Haskell toolchain:
  GHC: The Glorious Glasgow Haskell Compilation System, version 9.12.2
  Cabal: cabal-install version 3.16.0.0 
  HLS: available

Build commands:
  Tron (C++): make build, make test
  Ingest (Haskell): cd ingest && cabal build

clang-format version 19.1.7
clang-format clean: h/tron/kernels/k_vnni.hpp
clang-format clean: h/tron/kernels/amx_attn_iface.hpp
clang-format clean: h/tron/models/kv_cache.hpp
clang-format clean: h/tron/models/model.hpp
clang-format clean: h/tron/models/self_attention.hpp
clang-format clean: h/tron/scheduler/full.hpp
clang-format clean: h/tron/gof.hpp
clang-format clean: src/tron/gof.cpp
clang-format clean: src/tron/kernels/amx_attn.cpp
clang-format clean: t/t_k_vnni_layout.cpp
clang-format clean: t/t_amx_numerics.cpp
clang-format clean: t/t_amx_dispatch_dtype.cpp
clang-format clean: t/t_llama_unit.cpp
clang-format clean: t/t_gof_dma.cpp
clang-format clean: t/t_gof_staging_leaks.cpp
clang-format clean: t/t_phase1_integration.cpp
total 450 s
worktree removed
=== end 2026-09-14T06:50:55Z
