[2026-09-14 07:11:31.708] [info] TSC frequency stable at 2699990205 Hz
[2026-09-14 07:11:31.713] [info] TSC core calibration: min core,offset:2,-11   max core,offset:80,6
[2026-09-14 07:11:31.714] [info] INIT: Intel RTM (TSX) supported
[2026-09-14 07:11:31.714] [info] INIT: environment system config: --instance 1,2
[2026-09-14 07:11:31.716] [info] INIT: CPU vendor=Intel, cores=144, numa=2, model="Intel(R) Xeon(R) 6962P"
[2026-09-14 07:11:31.716] [info] INIT: Found server type: granite_rapids_6962p: 144 cores, Intel Xeon 6962P Granite Rapids server
[2026-09-14 07:11:31.716] [info] INIT: Successfully loaded resource map from /var/tmp/jhan/tron-vnni-pretest-p3/gen/../config/resource-map.yaml, server type: granite_rapids_6962p
[2026-09-14 07:11:31.716] [info] App CPU list: 223-224,96-101,120-125,225-226,102-107,126-131,227-228,108-113,132-137,229-230,114-119,138-143
[2026-09-14 07:11:31.716] [info] App CPU set: [96, 97, 98, 99, 100, 101, 102, 103, 104, 105, 106, 107, 108, 109, 110, 111, 112, 113, 114, 115, 116, 117, 118, 119, 120, 121, 122, 123, 124, 125, 126, 127, 128, 129, 130, 131, 132, 133, 134, 135, 136, 137, 138, 139, 140, 141, 142, 143, 223, 224, 225, 226, 227, 228, 229, 230]
[2026-09-14 07:11:31.716] [info] App peer CPU set: [80, 81, 82, 83, 84, 85, 86, 87, 240, 241, 242, 243, 244, 245, 246, 247, 248, 249, 250, 251, 252, 253, 254, 255, 256, 257, 258, 259, 260, 261, 262, 263, 264, 265, 266, 267, 268, 269, 270, 271, 272, 273, 274, 275, 276, 277, 278, 279, 280, 281, 282, 283, 284, 285, 286, 287]
[2026-09-14 07:11:31.716] [warning] Helper CPU list is empty; helper threads will float on app cpu set.
[2026-09-14 07:11:31.716] [info] Memory allocation policy set to numa 1
[2026-09-14 07:11:31.716] [info] Configured instance 1,2 using resource map (/var/tmp/jhan/tron-vnni-pretest-p3/gen/../config/resource-map.yaml).
[2026-09-14 07:11:31.716] [info] INIT: System optimization for Intel with 144 cores and 2 numa nodes.
[2026-09-14 07:11:31.716] [info] INIT: Pinning application cores to 223-224,96-101,120-125,225-226,102-107,126-131,227-228,108-113,132-137,229-230,114-119,138-143.
[2026-09-14 07:11:31.716] [info] INIT: Pinning device driver cores to 75,76,77,78.
[2026-09-14 07:11:31.716] [info] INIT: NUMA set to 1.
Randomness seeded to: 508555114
[2026-09-14 07:11:31.716] [info] Catch2 starting "VNNI K store and load are exact and token-independent"
[2026-09-14 07:11:31.717] [info] Catch2 starting "the plane holds every value at the documented position"
[2026-09-14 07:11:31.717] [info] Catch2 passed "the plane holds every value at the documented position"
[2026-09-14 07:11:31.717] [info] Catch2 passed "VNNI K store and load are exact and token-independent"
[2026-09-14 07:11:31.717] [info] Catch2 starting "VNNI K store and load are exact and token-independent"
[2026-09-14 07:11:31.717] [info] Catch2 starting "gather_row inverts scatter_row for every token"
[2026-09-14 07:11:31.717] [info] Catch2 passed "gather_row inverts scatter_row for every token"
[2026-09-14 07:11:31.717] [info] Catch2 passed "VNNI K store and load are exact and token-independent"
[2026-09-14 07:11:31.717] [info] Catch2 starting "VNNI K store and load are exact and token-independent"
[2026-09-14 07:11:31.717] [info] Catch2 starting "rewriting one token changes no other token's slots"
[2026-09-14 07:11:31.717] [info] Catch2 passed "rewriting one token changes no other token's slots"
[2026-09-14 07:11:31.717] [info] Catch2 passed "VNNI K store and load are exact and token-independent"
[2026-09-14 07:11:31.717] [info] Catch2 starting "VNNI K reader does not digress from the row-major dotter"
[2026-09-14 07:11:31.732] [info] Catch2 passed "VNNI K reader does not digress from the row-major dotter"
[2026-09-14 07:11:31.732] [info] Catch2 starting "page K rows survive the store, the load and an append"
[2026-09-14 07:11:31.732] [info] Catch2 starting "store and load, every token of a page"
[2026-09-14 07:11:31.732] [info] Catch2 passed "store and load, every token of a page"
[2026-09-14 07:11:31.732] [info] Catch2 passed "page K rows survive the store, the load and an append"
[2026-09-14 07:11:31.732] [info] Catch2 starting "page K rows survive the store, the load and an append"
[2026-09-14 07:11:31.732] [info] Catch2 starting "append into a partly filled page moves tokens to new offsets"
[2026-09-14 07:11:31.732] [info] Catch2 passed "append into a partly filled page moves tokens to new offsets"
[2026-09-14 07:11:31.732] [info] Catch2 passed "page K rows survive the store, the load and an append"
[2026-09-14 07:11:31.732] [info] Catch2 starting "page K rows survive the store, the load and an append"
[2026-09-14 07:11:31.732] [info] Catch2 starting "append of a full page into an empty book copies the whole page"
[2026-09-14 07:11:31.732] [info] Catch2 passed "append of a full page into an empty book copies the whole page"
[2026-09-14 07:11:31.732] [info] Catch2 passed "page K rows survive the store, the load and an append"
===============================================================================
All tests passed (71390 assertions in 3 test cases)

