=== cpu 0 ===
  physical_package_id    = 0
  core_id                = 0
  die_id                 = 0
  cluster_id             = 0
  package_cpus_list      = 0-71,144-215
  die_cpus_list          = 0-71,144-215
  cluster_cpus_list      = 0,144
  core_cpus_list         = 0,144
=== cpu 1 ===
  physical_package_id    = 0
  core_id                = 1
  die_id                 = 0
  cluster_id             = 2
  package_cpus_list      = 0-71,144-215
  die_cpus_list          = 0-71,144-215
  cluster_cpus_list      = 1,145
  core_cpus_list         = 1,145
=== cpu 5 ===
  physical_package_id    = 0
  core_id                = 5
  die_id                 = 0
  cluster_id             = 10
  package_cpus_list      = 0-71,144-215
  die_cpus_list          = 0-71,144-215
  cluster_cpus_list      = 5,149
  core_cpus_list         = 5,149
=== cpu 6 ===
  physical_package_id    = 0
  core_id                = 6
  die_id                 = 0
  cluster_id             = 12
  package_cpus_list      = 0-71,144-215
  die_cpus_list          = 0-71,144-215
  cluster_cpus_list      = 6,150
  core_cpus_list         = 6,150
=== cpu 23 ===
  physical_package_id    = 0
  core_id                = 23
  die_id                 = 0
  cluster_id             = 46
  package_cpus_list      = 0-71,144-215
  die_cpus_list          = 0-71,144-215
  cluster_cpus_list      = 23,167
  core_cpus_list         = 23,167
=== cpu 24 ===
  physical_package_id    = 0
  core_id                = 64
  die_id                 = 0
  cluster_id             = 128
  package_cpus_list      = 0-71,144-215
  die_cpus_list          = 0-71,144-215
  cluster_cpus_list      = 24,168
  core_cpus_list         = 24,168
=== cpu 47 ===
  physical_package_id    = 0
  core_id                = 87
  die_id                 = 0
  cluster_id             = 174
  package_cpus_list      = 0-71,144-215
  die_cpus_list          = 0-71,144-215
  cluster_cpus_list      = 47,191
  core_cpus_list         = 47,191
=== cpu 48 ===
  physical_package_id    = 0
  core_id                = 128
  die_id                 = 0
  cluster_id             = 256
  package_cpus_list      = 0-71,144-215
  die_cpus_list          = 0-71,144-215
  cluster_cpus_list      = 48,192
  core_cpus_list         = 48,192
=== cpu 71 ===
  physical_package_id    = 0
  core_id                = 151
  die_id                 = 0
  cluster_id             = 302
  package_cpus_list      = 0-71,144-215
  die_cpus_list          = 0-71,144-215
  cluster_cpus_list      = 71,215
  core_cpus_list         = 71,215
=== cpu 72 ===
  physical_package_id    = 1
  core_id                = 0
  die_id                 = 0
  cluster_id             = 512
  package_cpus_list      = 72-143,216-287
  die_cpus_list          = 72-143,216-287
  cluster_cpus_list      = 72,216
  core_cpus_list         = 72,216
=== cpu 143 ===
  physical_package_id    = 1
  core_id                = 151
  die_id                 = 0
  cluster_id             = 814
  package_cpus_list      = 72-143,216-287
  die_cpus_list          = 72-143,216-287
  cluster_cpus_list      = 143,287
  core_cpus_list         = 143,287
