=== book sensitivity start 2026-09-03T14:25:24Z
48966b3d8c8b8fdeab59cf5c1a5be09c9ee2288329166de6269eb9d2e0a133f5  /var/tmp/jhan/perf-model-bin/unit_bench
arena: 27 MiB canonical (4k) + 14 MiB mirror (4k), filled in 0.0 s; obtained: AnonHugePages 0 MiB, Hugetlb 0 MiB
check variant=amx pages=3 worst_rel_err m 7.955e-08 s 0.000e+00 v/s 1.723e-07 OK
## avx-p130-t27-book24-r1  2026-09-03T14:25:25Z
RUN-END 1788445527.963
variant=avx pages=130 hot=0 shuffle=0 book_pages=24 threads=27 huge=1g/4k obtained:anon_huge_mib=0,hugetlb_mib=2048  worker0: unit 3193 ns = qk 1562 + softmax 0 + pv 1506 + state 0 + common(avx) 124  | all-thread median unit 3497 ns | barrier 387977 ns/pass | pass 5209 us | units/pass 1404
## avx-p130-t27-ctl-r1  2026-09-03T14:25:27Z
RUN-END 1788445530.077
variant=avx pages=130 hot=0 shuffle=0 book_pages=0 threads=27 huge=1g/4k obtained:anon_huge_mib=0,hugetlb_mib=2048  worker0: unit 3144 ns = qk 1529 + softmax 0 + pv 1488 + state 0 + common(avx) 129  | all-thread median unit 3422 ns | barrier 370385 ns/pass | pass 5123 us | units/pass 1404
## amx-p130-t27-book24-r1  2026-09-03T14:25:30Z
RUN-END 1788445531.984
variant=amx pages=130 hot=0 shuffle=0 book_pages=24 threads=27 huge=1g/4k obtained:anon_huge_mib=0,hugetlb_mib=2048  worker0: unit 2712 ns = qk 1129 + softmax 189 + pv 1174 + state 221 + common(avx) 0  | all-thread median unit 2860 ns | barrier 446934 ns/pass | pass 4456 us | units/pass 1404
## amx-p130-t27-ctl-r1  2026-09-03T14:25:32Z
RUN-END 1788445533.854
variant=amx pages=130 hot=0 shuffle=0 book_pages=0 threads=27 huge=1g/4k obtained:anon_huge_mib=0,hugetlb_mib=2048  worker0: unit 2650 ns = qk 1069 + softmax 184 + pv 1177 + state 219 + common(avx) 0  | all-thread median unit 2774 ns | barrier 431216 ns/pass | pass 4358 us | units/pass 1404
## avx-p130-t27-book24-r2  2026-09-03T14:25:33Z
RUN-END 1788445536.000
variant=avx pages=130 hot=0 shuffle=0 book_pages=24 threads=27 huge=1g/4k obtained:anon_huge_mib=0,hugetlb_mib=2048  worker0: unit 3183 ns = qk 1560 + softmax 0 + pv 1499 + state 0 + common(avx) 125  | all-thread median unit 3472 ns | barrier 399034 ns/pass | pass 5212 us | units/pass 1404
## avx-p130-t27-ctl-r2  2026-09-03T14:25:36Z
RUN-END 1788445538.104
variant=avx pages=130 hot=0 shuffle=0 book_pages=0 threads=27 huge=1g/4k obtained:anon_huge_mib=0,hugetlb_mib=2048  worker0: unit 3135 ns = qk 1526 + softmax 0 + pv 1483 + state 0 + common(avx) 125  | all-thread median unit 3430 ns | barrier 373051 ns/pass | pass 5113 us | units/pass 1404
## amx-p130-t27-book24-r2  2026-09-03T14:25:38Z
RUN-END 1788445540.020
variant=amx pages=130 hot=0 shuffle=0 book_pages=24 threads=27 huge=1g/4k obtained:anon_huge_mib=0,hugetlb_mib=2048  worker0: unit 2727 ns = qk 1138 + softmax 189 + pv 1179 + state 223 + common(avx) 0  | all-thread median unit 2864 ns | barrier 498361 ns/pass | pass 4509 us | units/pass 1404
## amx-p130-t27-ctl-r2  2026-09-03T14:25:40Z
RUN-END 1788445541.913
variant=amx pages=130 hot=0 shuffle=0 book_pages=0 threads=27 huge=1g/4k obtained:anon_huge_mib=0,hugetlb_mib=2048  worker0: unit 2653 ns = qk 1073 + softmax 184 + pv 1177 + state 218 + common(avx) 0  | all-thread median unit 2777 ns | barrier 460547 ns/pass | pass 4397 us | units/pass 1404
## avx-p130-t27-book24-r3  2026-09-03T14:25:41Z
RUN-END 1788445544.060
variant=avx pages=130 hot=0 shuffle=0 book_pages=24 threads=27 huge=1g/4k obtained:anon_huge_mib=0,hugetlb_mib=2048  worker0: unit 3196 ns = qk 1567 + softmax 0 + pv 1496 + state 0 + common(avx) 131  | all-thread median unit 3468 ns | barrier 375243 ns/pass | pass 5208 us | units/pass 1404
## avx-p130-t27-ctl-r3  2026-09-03T14:25:44Z
RUN-END 1788445546.176
variant=avx pages=130 hot=0 shuffle=0 book_pages=0 threads=27 huge=1g/4k obtained:anon_huge_mib=0,hugetlb_mib=2048  worker0: unit 3123 ns = qk 1519 + softmax 0 + pv 1480 + state 0 + common(avx) 126  | all-thread median unit 3428 ns | barrier 395053 ns/pass | pass 5129 us | units/pass 1404
## amx-p130-t27-book24-r3  2026-09-03T14:25:46Z
RUN-END 1788445548.090
variant=amx pages=130 hot=0 shuffle=0 book_pages=24 threads=27 huge=1g/4k obtained:anon_huge_mib=0,hugetlb_mib=2048  worker0: unit 2728 ns = qk 1138 + softmax 191 + pv 1176 + state 222 + common(avx) 0  | all-thread median unit 2877 ns | barrier 464480 ns/pass | pass 4482 us | units/pass 1404
## amx-p130-t27-ctl-r3  2026-09-03T14:25:48Z
RUN-END 1788445549.960
variant=amx pages=130 hot=0 shuffle=0 book_pages=0 threads=27 huge=1g/4k obtained:anon_huge_mib=0,hugetlb_mib=2048  worker0: unit 2637 ns = qk 1062 + softmax 183 + pv 1173 + state 219 + common(avx) 0  | all-thread median unit 2767 ns | barrier 429799 ns/pass | pass 4354 us | units/pass 1404
=== book sensitivity done 2026-09-03T14:25:49Z
