=== perf-model campaign start 2026-09-03T14:02:16Z on delphi-3bda RESUME=0
rinzler traffic test: non-stats request lines (10 min)=0, stats lines with open/busy sessions=0, remote conns=0
rinzlers active, zero journal traffic (10 min) and no remote client connections - stopping per policy (not restarted)
rinzlers active, zero journal traffic (10 min) and no remote client connections - stopping per policy (not restarted)
removed stale /dev/hugepages/slice-0-of-8 (fuser: no open handles)
removed stale /dev/hugepages/slice-1-of-8 (fuser: no open handles)
removed stale /dev/hugepages/slice-2-of-8 (fuser: no open handles)
removed stale /dev/hugepages/slice-3-of-8 (fuser: no open handles)
removed stale /dev/hugepages/slice-4-of-8 (fuser: no open handles)
removed stale /dev/hugepages/slice-5-of-8 (fuser: no open handles)
removed stale /dev/hugepages/slice-6-of-8 (fuser: no open handles)
removed stale /dev/hugepages/slice-7-of-8 (fuser: no open handles)
node 0 free 1 GiB pages: 256
node 0 free 1 GiB pages: 256
--- machine state
 14:02:24 up 13:01,  1 user,  load average: 112.23, 129.02, 128.68
(no lease file)
HugePages_Total:     512
HugePages_Free:      512
no runtron
--- sources match SHA256SUMS
--- sources
ee923467dc75ef7162aea9cf46e9886fad8e02d0c2aad2fecdfdb90861de1cdf  /home/jhan/workspace/intel-AMX/exec/perf-model-20260903/src/latency.c
2b1ad6f927eeb548bf348cec296366b0aa0e5fb21c3ee5f0c7997c84b35cbed3  /home/jhan/workspace/intel-AMX/exec/perf-model-20260903/src/memrate.c
f220efaca0a390c8317fed85e27a07174566f95d2161fc976291a98f45d5d41f  /home/jhan/workspace/intel-AMX/exec/perf-model-20260903/src/insn_loops.cpp
e81cc9ca0451d24112f768a7c5308fa728f2db6ff191b7fbe1fbd75bffaeb982  /home/jhan/workspace/intel-AMX/exec/perf-model-20260903/src/unit_bench.cpp
--- binaries
3ce6b8ed80a9bae4d34011652bc4ef1f84d41fc1ec2ecfcb79b9c9da520ad597  /var/tmp/jhan/perf-model-bin/insn_loops
83b5620d21c4122d18efe6c0687a8666dffaaea9fd526fb8a38dcac4e3547ebc  /var/tmp/jhan/perf-model-bin/latency
b85996800b747f3d19613db64f4c616b1ff731c5b5210e257b938a62fd7ffad3  /var/tmp/jhan/perf-model-bin/memrate
284d2e183b98ae6d6b59c40f9a30d02ecc03090b89347ea9264bcb07ad598bfe  /var/tmp/jhan/perf-model-bin/unit_bench
g++ (Ubuntu 11.4.0-1ubuntu1~22.04.3) 11.4.0
Sudo version 1.9.9
--- vdpbf16ps count in insn_loops: 72; stack stores between vdpbf16ps in the tp loops are checked by the reviewer's assembly note
--- M7 done 2026-09-03T14:05:29Z
--- M7 done 2026-09-03T14:05:29Z
--- unit_bench check OK on both paths
--- unit_bench check OK on both paths
--- M1 done 2026-09-03T14:08:34Z
--- M1 done 2026-09-03T14:08:34Z
--- M2 done 2026-09-03T14:09:44Z
--- M2 done 2026-09-03T14:09:44Z
--- M5 done 2026-09-03T14:10:39Z
--- M5 done 2026-09-03T14:10:39Z
--- M3 done 2026-09-03T14:14:11Z
--- M3 done 2026-09-03T14:14:11Z
--- M6 done 2026-09-03T14:14:11Z
--- M6 done 2026-09-03T14:14:11Z
--- M8 done 2026-09-03T14:14:47Z
--- M8 done 2026-09-03T14:14:47Z
=== campaign done 2026-09-03T14:14:47Z
=== campaign done 2026-09-03T14:14:47Z
=== perf-model campaign start 2026-09-03T14:16:28Z on delphi-3bda RESUME=1
removed stale /dev/hugepages/slice-0-of-8 (fuser: no open handles)
removed stale /dev/hugepages/slice-1-of-8 (fuser: no open handles)
node 0 free 1 GiB pages: 256
node 0 free 1 GiB pages: 256
--- machine state
 14:16:28 up 13:15,  1 user,  load average: 3.82, 17.03, 58.29
(no lease file)
HugePages_Total:     512
HugePages_Free:      512
no runtron
--- sources match SHA256SUMS
--- sources
ee923467dc75ef7162aea9cf46e9886fad8e02d0c2aad2fecdfdb90861de1cdf  /home/jhan/workspace/intel-AMX/exec/perf-model-20260903/src/latency.c
2b1ad6f927eeb548bf348cec296366b0aa0e5fb21c3ee5f0c7997c84b35cbed3  /home/jhan/workspace/intel-AMX/exec/perf-model-20260903/src/memrate.c
f220efaca0a390c8317fed85e27a07174566f95d2161fc976291a98f45d5d41f  /home/jhan/workspace/intel-AMX/exec/perf-model-20260903/src/insn_loops.cpp
e81cc9ca0451d24112f768a7c5308fa728f2db6ff191b7fbe1fbd75bffaeb982  /home/jhan/workspace/intel-AMX/exec/perf-model-20260903/src/unit_bench.cpp
--- binaries
3ce6b8ed80a9bae4d34011652bc4ef1f84d41fc1ec2ecfcb79b9c9da520ad597  /var/tmp/jhan/perf-model-bin/insn_loops
83b5620d21c4122d18efe6c0687a8666dffaaea9fd526fb8a38dcac4e3547ebc  /var/tmp/jhan/perf-model-bin/latency
b85996800b747f3d19613db64f4c616b1ff731c5b5210e257b938a62fd7ffad3  /var/tmp/jhan/perf-model-bin/memrate
284d2e183b98ae6d6b59c40f9a30d02ecc03090b89347ea9264bcb07ad598bfe  /var/tmp/jhan/perf-model-bin/unit_bench
g++ (Ubuntu 11.4.0-1ubuntu1~22.04.3) 11.4.0
Sudo version 1.9.9
--- vdpbf16ps count in insn_loops: 72; stack stores between vdpbf16ps in the tp loops are checked by the reviewer's assembly note
--- M7 already done (done-M7 exists), skipped
--- M7 already done (done-M7 exists), skipped
--- unit_bench check OK on both paths
--- unit_bench check OK on both paths
--- M1 already done (done-M1 exists), skipped
--- M1 already done (done-M1 exists), skipped
--- M2 already done (done-M2 exists), skipped
--- M2 already done (done-M2 exists), skipped
--- M5 already done (done-M5 exists), skipped
--- M5 already done (done-M5 exists), skipped
--- M3 already done (done-M3 exists), skipped
--- M3 already done (done-M3 exists), skipped
--- M6 done 2026-09-03T14:16:53Z
--- M6 done 2026-09-03T14:16:53Z
--- M8 already done (done-M8 exists), skipped
--- M8 already done (done-M8 exists), skipped
=== campaign done 2026-09-03T14:16:53Z
=== campaign done 2026-09-03T14:16:53Z
