2026-09-21T22:31:16Z campaign start (PASSES=fpgabase fpgacanon canon fpgacanon-cold-p8192 fpgacanon-cold-p4096 fpgabase-cold-p8192 fpgabase-cold-p4096 PASS_TAGS=none NOT_BEFORE=none DEADLINE_START=2026-09-22T00:30:00Z PASS_DEADLINE=2026-09-22T01:20:00Z DRIVER_END_BY=2026-09-22T02:15:00Z HANDOFF=up EXPECTED_BASE=2026.09.18-3faba6d0 DRIVER_TIMEOUT=5400 COLD_TIMEOUT=1500)
2026-09-21T22:31:16Z CI lease free
2026-09-21T22:31:16Z no runtron process on the DUT
2026-09-21T22:31:38Z Bill's marker taken (whole machine)
2026-09-21T22:35:06Z fpgabase-pass1: starting perf phase (2026.09.18-3faba6d0 27e6883c2e8696b861589272470d5f6a4ec5485f6e8cd2ad163ae699f1dc6616; attention fpga); configs configs-full.json; driver timeout 5400 s
2026-09-21T23:11:52Z fpgabase-pass1: driver rc=0 in 36 min (9 configs completed, 7 anomalous-sample lines)
2026-09-21T23:24:29Z passes stopped: switch to fpgacanon before fpgacanon-pass1 failed: package or restart step (plan 2a: stop safely)
2026-09-21T23:24:40Z restore ok: 2026.09.18-3faba6d0 27e6883c2e8696b861589272470d5f6a4ec5485f6e8cd2ad163ae699f1dc6616
2026-09-21T23:36:46Z HANDOFF INCOMPLETE: serving-down failed (see log); engines may still run a deleted binary
2026-09-21T23:36:48Z campaign done with 1 pass failure(s); incomplete: none; stop: switch to fpgacanon before fpgacanon-pass1 failed: package or restart step (plan 2a: stop safely); problems: HANDOFF-INCOMPLETE
2026-09-21T23:37:14Z campaign start (PASSES=fpgabase fpgacanon canon fpgacanon-cold-p8192 fpgacanon-cold-p4096 fpgabase-cold-p8192 fpgabase-cold-p4096 PASS_TAGS=none NOT_BEFORE=none DEADLINE_START=2026-09-22T00:30:00Z PASS_DEADLINE=2026-09-22T01:20:00Z DRIVER_END_BY=2026-09-22T02:15:00Z HANDOFF=up EXPECTED_BASE=2026.09.18-3faba6d0 DRIVER_TIMEOUT=5400 COLD_TIMEOUT=1500)
2026-09-21T23:37:14Z CI lease free
2026-09-21T23:37:14Z no runtron process on the DUT
2026-09-21T23:37:36Z Bill's marker taken (whole machine)
2026-09-21T23:37:40Z fpgabase-pass1: results already exist; skipping (RESUME_OVERWRITE=1 to redo)
2026-09-21T23:40:14Z fpgacanon-pass1: starting perf phase (2026.09.18-0594dc54-jhan-ci-canon b273a2e1d80f9f248935ce7103ba2a8216913b2e96d7ef6236d3a37952b3ec10; attention fpga); configs configs-full.json; driver timeout 5400 s
2026-09-22T00:11:17Z fpgacanon-pass1: driver rc=0 in 31 min (9 configs completed, 6 anomalous-sample lines)
2026-09-22T00:14:43Z canon-pass1: starting perf phase (2026.09.18-0594dc54-jhan-ci-canon b273a2e1d80f9f248935ce7103ba2a8216913b2e96d7ef6236d3a37952b3ec10; attention cpu); configs configs-full.json; driver timeout 5400 s
2026-09-22T00:54:13Z canon-pass1: driver rc=0 in 39 min (9 configs completed, 7 anomalous-sample lines)
2026-09-22T00:57:38Z fpgacanon-cold-p8192: starting perf phase (2026.09.18-0594dc54-jhan-ci-canon b273a2e1d80f9f248935ce7103ba2a8216913b2e96d7ef6236d3a37952b3ec10; attention fpga); configs cold-p8192.json; driver timeout 1500 s
2026-09-22T01:02:20Z fpgacanon-cold-p8192: driver rc=0 in 4 min (1 configs completed, 0 anomalous-sample lines)
2026-09-22T01:02:22Z fpgacanon-cold-p4096: starting perf phase (2026.09.18-0594dc54-jhan-ci-canon b273a2e1d80f9f248935ce7103ba2a8216913b2e96d7ef6236d3a37952b3ec10; attention fpga); configs cold-p4096.json; driver timeout 1500 s
2026-09-22T01:06:02Z fpgacanon-cold-p4096: driver rc=0 in 3 min (1 configs completed, 0 anomalous-sample lines)
2026-09-22T01:08:34Z fpgabase-cold-p8192: starting perf phase (2026.09.18-3faba6d0 27e6883c2e8696b861589272470d5f6a4ec5485f6e8cd2ad163ae699f1dc6616; attention fpga); configs cold-p8192.json; driver timeout 1500 s
2026-09-22T01:13:17Z fpgabase-cold-p8192: driver rc=0 in 4 min (1 configs completed, 3 anomalous-sample lines)
2026-09-22T01:13:19Z fpgabase-cold-p4096: starting perf phase (2026.09.18-3faba6d0 27e6883c2e8696b861589272470d5f6a4ec5485f6e8cd2ad163ae699f1dc6616; attention fpga); configs cold-p4096.json; driver timeout 1500 s
2026-09-22T01:16:59Z fpgabase-cold-p4096: driver rc=0 in 3 min (1 configs completed, 0 anomalous-sample lines)
2026-09-22T01:17:01Z restore ok: 2026.09.18-3faba6d0 27e6883c2e8696b861589272470d5f6a4ec5485f6e8cd2ad163ae699f1dc6616
2026-09-22T01:25:06Z campaign done
2026-09-22T01:48:28Z campaign start (PASSES=fpgabase fpgacanon canon fpgacanon-cold-p8192 fpgacanon-cold-p4096 fpgabase-cold-p8192 fpgabase-cold-p4096 PASS_TAGS=fpgacanon-pass2 fpgabase-pass2 fpgacanon-cold2-p8192 fpgabase-cold2-p8192 fpgabase-pass3 fpgacanon-pass3 fpgacanon-cold2-p4096 fpgabase-cold2-p4096 NOT_BEFORE=2026-09-22T13:00:00Z DEADLINE_START=2026-09-22T19:30:00Z PASS_DEADLINE=2026-09-23T00:30:00Z DRIVER_END_BY=2026-09-23T02:15:00Z HANDOFF=up EXPECTED_BASE=2026.09.18-3faba6d0 DRIVER_TIMEOUT=5400 COLD_TIMEOUT=1500)
2026-09-22T01:48:28Z waiting: NOT_BEFORE 2026-09-22T13:00:00Z (next check in 30 min)
2026-09-22T02:18:28Z waiting: NOT_BEFORE 2026-09-22T13:00:00Z (next check in 30 min)
2026-09-22T02:48:28Z waiting: NOT_BEFORE 2026-09-22T13:00:00Z (next check in 30 min)
2026-09-22T03:18:29Z waiting: NOT_BEFORE 2026-09-22T13:00:00Z (next check in 30 min)
2026-09-22T03:48:29Z waiting: NOT_BEFORE 2026-09-22T13:00:00Z (next check in 30 min)
2026-09-22T04:18:29Z waiting: NOT_BEFORE 2026-09-22T13:00:00Z (next check in 30 min)
2026-09-22T04:48:29Z waiting: NOT_BEFORE 2026-09-22T13:00:00Z (next check in 30 min)
2026-09-22T05:18:29Z waiting: NOT_BEFORE 2026-09-22T13:00:00Z (next check in 30 min)
2026-09-22T05:48:29Z waiting: NOT_BEFORE 2026-09-22T13:00:00Z (next check in 30 min)
2026-09-22T06:18:29Z waiting: NOT_BEFORE 2026-09-22T13:00:00Z (next check in 30 min)
2026-09-22T06:48:29Z waiting: NOT_BEFORE 2026-09-22T13:00:00Z (next check in 30 min)
2026-09-22T07:18:29Z waiting: NOT_BEFORE 2026-09-22T13:00:00Z (next check in 30 min)
2026-09-22T07:48:29Z waiting: NOT_BEFORE 2026-09-22T13:00:00Z (next check in 30 min)
2026-09-22T08:18:29Z waiting: NOT_BEFORE 2026-09-22T13:00:00Z (next check in 30 min)
2026-09-22T08:48:29Z waiting: NOT_BEFORE 2026-09-22T13:00:00Z (next check in 30 min)
2026-09-22T09:18:29Z waiting: NOT_BEFORE 2026-09-22T13:00:00Z (next check in 30 min)
2026-09-22T09:48:29Z waiting: NOT_BEFORE 2026-09-22T13:00:00Z (next check in 30 min)
2026-09-22T10:18:29Z waiting: NOT_BEFORE 2026-09-22T13:00:00Z (next check in 30 min)
2026-09-22T10:48:29Z waiting: NOT_BEFORE 2026-09-22T13:00:00Z (next check in 30 min)
2026-09-22T11:18:29Z waiting: NOT_BEFORE 2026-09-22T13:00:00Z (next check in 30 min)
2026-09-22T11:48:29Z waiting: NOT_BEFORE 2026-09-22T13:00:00Z (next check in 30 min)
2026-09-22T12:18:29Z waiting: NOT_BEFORE 2026-09-22T13:00:00Z (next check in 30 min)
2026-09-22T12:48:29Z waiting: NOT_BEFORE 2026-09-22T13:00:00Z (next check in 11 min)
2026-09-22T13:00:00Z NOT_BEFORE 2026-09-22T13:00:00Z passed; waiting for the CI lease next
2026-09-22T13:00:01Z waiting: CI lease busy (or the DUT did not answer)
2026-09-22T13:02:01Z waiting: CI lease busy (or the DUT did not answer)
2026-09-22T13:04:02Z waiting: CI lease busy (or the DUT did not answer)
2026-09-22T13:06:03Z waiting: CI lease busy (or the DUT did not answer)
2026-09-22T13:08:03Z waiting: CI lease busy (or the DUT did not answer)
2026-09-22T13:10:03Z waiting: CI lease busy (or the DUT did not answer)
2026-09-22T13:12:04Z waiting: CI lease busy (or the DUT did not answer)
2026-09-22T13:14:04Z waiting: CI lease busy (or the DUT did not answer)
2026-09-22T13:16:04Z waiting: CI lease busy (or the DUT did not answer)
2026-09-22T13:18:05Z waiting: CI lease busy (or the DUT did not answer)
2026-09-22T13:20:05Z waiting: CI lease busy (or the DUT did not answer)
2026-09-22T13:22:05Z waiting: CI lease busy (or the DUT did not answer)
2026-09-22T13:24:07Z CI lease free
2026-09-22T13:24:07Z no runtron process on the DUT
2026-09-22T13:24:28Z Bill's marker taken (whole machine)
2026-09-22T13:29:33Z fpgacanon-pass2: starting perf phase (2026.09.18-0594dc54-jhan-ci-canon b273a2e1d80f9f248935ce7103ba2a8216913b2e96d7ef6236d3a37952b3ec10; attention fpga); configs configs-full.json; driver timeout 5400 s
2026-09-22T14:00:50Z fpgacanon-pass2: driver rc=0 in 31 min (9 configs completed, 7 anomalous-sample lines)
2026-09-22T14:03:28Z fpgabase-pass2: starting perf phase (2026.09.18-3faba6d0 27e6883c2e8696b861589272470d5f6a4ec5485f6e8cd2ad163ae699f1dc6616; attention fpga); configs configs-full.json; driver timeout 5400 s
2026-09-22T14:40:54Z fpgabase-pass2: driver rc=0 in 37 min (9 configs completed, 4 anomalous-sample lines)
2026-09-22T14:43:29Z fpgacanon-cold2-p8192: starting perf phase (2026.09.18-0594dc54-jhan-ci-canon b273a2e1d80f9f248935ce7103ba2a8216913b2e96d7ef6236d3a37952b3ec10; attention fpga); configs cold-p8192.json; driver timeout 1500 s
2026-09-22T14:48:10Z fpgacanon-cold2-p8192: driver rc=0 in 4 min (1 configs completed, 0 anomalous-sample lines)
2026-09-22T14:51:43Z fpgabase-cold2-p8192: starting perf phase (2026.09.18-3faba6d0 27e6883c2e8696b861589272470d5f6a4ec5485f6e8cd2ad163ae699f1dc6616; attention fpga); configs cold-p8192.json; driver timeout 1500 s
2026-09-22T14:56:25Z fpgabase-cold2-p8192: driver rc=0 in 4 min (1 configs completed, 3 anomalous-sample lines)
2026-09-22T14:56:27Z fpgabase-pass3: starting perf phase (2026.09.18-3faba6d0 27e6883c2e8696b861589272470d5f6a4ec5485f6e8cd2ad163ae699f1dc6616; attention fpga); configs configs-full.json; driver timeout 5400 s
2026-09-22T15:32:11Z fpgabase-pass3: driver rc=0 in 35 min (9 configs completed, 8 anomalous-sample lines)
2026-09-22T15:34:44Z fpgacanon-pass3: starting perf phase (2026.09.18-0594dc54-jhan-ci-canon b273a2e1d80f9f248935ce7103ba2a8216913b2e96d7ef6236d3a37952b3ec10; attention fpga); configs configs-full.json; driver timeout 5400 s
2026-09-22T16:07:07Z fpgacanon-pass3: driver rc=0 in 32 min (9 configs completed, 10 anomalous-sample lines)
2026-09-22T16:07:09Z fpgacanon-cold2-p4096: starting perf phase (2026.09.18-0594dc54-jhan-ci-canon b273a2e1d80f9f248935ce7103ba2a8216913b2e96d7ef6236d3a37952b3ec10; attention fpga); configs cold-p4096.json; driver timeout 1500 s
2026-09-22T16:10:50Z fpgacanon-cold2-p4096: driver rc=0 in 3 min (1 configs completed, 0 anomalous-sample lines)
2026-09-22T16:13:22Z fpgabase-cold2-p4096: starting perf phase (2026.09.18-3faba6d0 27e6883c2e8696b861589272470d5f6a4ec5485f6e8cd2ad163ae699f1dc6616; attention fpga); configs cold-p4096.json; driver timeout 1500 s
2026-09-22T16:17:06Z fpgabase-cold2-p4096: driver rc=0 in 3 min (1 configs completed, 0 anomalous-sample lines)
2026-09-22T16:17:09Z restore ok: 2026.09.18-3faba6d0 27e6883c2e8696b861589272470d5f6a4ec5485f6e8cd2ad163ae699f1dc6616
2026-09-22T16:25:15Z campaign done
