=== attnstats-20261002 chain started 2026-10-02T01:00:15Z pid 2347828 on delphi-3bda NOT_BEFORE=2026-10-02T01:00:00Z STEPS=[F A] REPS=1 ARMS=[amxon amxoff] COMMIT=fetch ===
2026-10-02T01:00:25Z step F (fetch main) may start: load=126.00 126.02 126.28 hugepages_free=0 lease=clear marker=present
2026-10-02T01:00:27Z step F: origin/main fetched: 9c88327931 (2026-10-01 22:06:29 +0000 Merge pull request #4734 from positron-ai/mnl/budget-flake-fix)
2026-10-02T01:00:37Z step A (build runtron) may start: load=126.00 126.02 126.28 hugepages_free=0 lease=clear marker=present
2026-10-02T01:00:37Z STATUS step A: build of main 9c88327931 in /var/tmp/jhan/tron-main1002 (try 1)
2026-10-02T01:14:37Z step A result: rc=0 marker=[ok]
2026-10-02T01:15:32Z step A: AMX tile instructions in runtron.main1002: 86; TRON_ATTN_STATS strings: 4
2026-10-02T01:15:32Z STATUS chain finished
=== attnstats-20261002 chain finished 2026-10-02T01:15:32Z: F=9c88327931 A=ok D= R=missing ===
=== attnstats-20261002 chain started 2026-10-02T01:55:21Z pid 2482707 on delphi-3bda NOT_BEFORE=2026-10-02T13:00:00Z STEPS=[F A D R] REPS=1 ARMS=[amxon amxoff] COMMIT=fetch ===
2026-10-02T01:55:21Z STATUS waiting: NOT_BEFORE 2026-10-02T13:00:00Z
2026-10-02T02:41:21Z TERM received
=== attnstats-20261002 chain started 2026-10-02T02:41:36Z pid 1896875 on delphi-3bda NOT_BEFORE=2026-10-02T13:00:00Z STEPS=[F A D R] REPS=1 ARMS=[amxon amxoff] COMMIT=fetch ===
2026-10-02T02:41:36Z STATUS waiting: NOT_BEFORE 2026-10-02T13:00:00Z
2026-10-02T02:51:36Z TERM received
=== attnstats-20261002 chain started 2026-10-02T02:51:52Z pid 2703071 on delphi-3bda NOT_BEFORE=2026-10-02T13:00:00Z STEPS=[F A D R] REPS=1 ARMS=[amxon amxoff] COMMIT=fetch ===
2026-10-02T02:51:53Z STATUS waiting: NOT_BEFORE 2026-10-02T13:00:00Z
2026-10-02T13:00:55Z STATUS waiting before step F (fetch main): pre-CI hold, CI lease busy (600 s grace), another person active or blackout
2026-10-02T13:33:06Z step F (fetch main) may start: load=134.83 130.44 130.18 hugepages_free=0 lease=clear marker=present
2026-10-02T13:33:07Z step F: origin/main fetched: dd0f942c75 (2026-10-02 03:30:39 +0000 Merge pull request #4705 from positron-ai/mnl/qwen3x-02-flush-helpers-refactor)
2026-10-02T13:33:17Z step A (build runtron) may start: load=148.62 133.53 131.19 hugepages_free=0 lease=clear marker=present
2026-10-02T13:33:17Z STATUS step A: build of main dd0f942c75 in /var/tmp/jhan/tron-main1002 (try 1)
2026-10-02T13:36:18Z step A result: rc=0 marker=[ok]
2026-10-02T13:37:06Z step A: AMX tile instructions in runtron.main1002: 86; TRON_ATTN_STATS strings: 4
2026-10-02T13:37:06Z STATUS step D: campaign (6 cells x arms [amxon amxoff] x REPS 1)
2026-10-02T14:15:02Z step D result: [ok]
2026-10-02T14:15:02Z STATUS step R: report
2026-10-02T14:15:02Z report written: /home/jhan/workspace/intel-AMX/exec/results/attnstats-20261002/attn-stats-compare.md and /home/jhan/workspace/intel-AMX/PR3879/new-PRs/new-counters/attn-stats-compare.md (313 lines)
2026-10-02T14:15:02Z STATUS chain finished
=== attnstats-20261002 chain finished 2026-10-02T14:15:02Z: F=dd0f942c75 A=ok D=ok R=written ===
