2026-09-18T22:43:44Z campaign start (ARMS=canon DEADLINE_START=2026-09-18T23:30:00Z HANDOFF=down)
2026-09-18T22:43:44Z CI lease free
2026-09-18T22:43:58Z preflight written (/home/jhan/workspace/intel-AMX/exec/results/canon-ci-20260918/preflight.txt)
2026-09-18T22:43:59Z base package = 2026.09.18-3faba6d0 rinzler sha 27e6883c2e8696b861589272470d5f6a4ec5485f6e8cd2ad163ae699f1dc6616
2026-09-18T22:43:59Z dut: nightly deb 2026.09.18-3faba6d0 already saved
2026-09-18T22:44:01Z dut: installing canon package 2026.09.18-0594dc54-jhan-ci-canon (was 2026.09.18-3faba6d0)
2026-09-18T22:44:10Z dut: canon package installed and verified: 2026.09.18-0594dc54-jhan-ci-canon rinzler sha b273a2e1d80f9f248935ce7103ba2a8216913b2e96d7ef6236d3a37952b3ec10
2026-09-18T22:44:32Z arm canon: starting perf phase (2026.09.18-0594dc54-jhan-ci-canon b273a2e1d80f9f248935ce7103ba2a8216913b2e96d7ef6236d3a37952b3ec10); driver timeout 8400 s
2026-09-19T00:15:29Z arm canon: driver rc=0 (12 configs completed)
2026-09-19T00:15:31Z dut: reinstalling nightly package 2026.09.18-3faba6d0 (was 2026.09.18-0594dc54-jhan-ci-canon)
2026-09-19T00:15:33Z dut: installing the saved local copy /var/tmp/jhan/canon-ci-20260918/nightly.deb
2026-09-19T00:15:39Z dut: base restored and verified: 2026.09.18-3faba6d0 rinzler sha 27e6883c2e8696b861589272470d5f6a4ec5485f6e8cd2ad163ae699f1dc6616
2026-09-19T00:15:40Z restore ok: 2026.09.18-3faba6d0 27e6883c2e8696b861589272470d5f6a4ec5485f6e8cd2ad163ae699f1dc6616
2026-09-19T00:15:42Z dut: engines active; last 5 min: request-lines=0 non-idle-stats=4 remote-conns=4
2026-09-19T00:16:43Z dut: engines active; last 5 min: request-lines=0 non-idle-stats=4 remote-conns=4
2026-09-19T00:17:44Z dut: engines active; last 5 min: request-lines=0 non-idle-stats=4 remote-conns=0
2026-09-19T00:18:45Z dut: engines active; last 5 min: request-lines=0 non-idle-stats=4 remote-conns=0
2026-09-19T00:19:46Z dut: engines active; last 5 min: request-lines=0 non-idle-stats=4 remote-conns=0
2026-09-19T00:20:48Z dut: engines active; last 5 min: request-lines=0 non-idle-stats=4 remote-conns=0
2026-09-19T00:21:49Z dut: engines active; last 5 min: request-lines=0 non-idle-stats=0 remote-conns=0
2026-09-19T00:21:56Z dut: taking production serving down through platformd: {"id":"61b67397-6a54-4a24-b3e2-16a6f33ccf90","ref":"/api/jobs/61b67397-6a54-4a24-b3e2-16a6f33ccf90","key":"POST:inference/down","path":"/api/inference/down","platform":{"instance_id":"33e70328-e74e-45
2026-09-19T00:22:01Z dut: removed /dev/hugepages/slice-0-of-8 (production engines down)
2026-09-19T00:22:01Z dut: removed /dev/hugepages/slice-1-of-8 (production engines down)
2026-09-19T00:22:01Z dut: removed /dev/hugepages/slice-2-of-8 (production engines down)
2026-09-19T00:22:01Z dut: removed /dev/hugepages/slice-3-of-8 (production engines down)
2026-09-19T00:22:01Z dut: removed /dev/hugepages/slice-4-of-8 (production engines down)
2026-09-19T00:22:01Z dut: removed /dev/hugepages/slice-5-of-8 (production engines down)
2026-09-19T00:22:01Z dut: removed /dev/hugepages/slice-6-of-8 (production engines down)
2026-09-19T00:22:01Z dut: removed /dev/hugepages/slice-7-of-8 (production engines down)
2026-09-19T00:22:01Z dut: serving down: units_active=0 HugePages_Free=512 (512 = all free; the next campaign needs >= 256) engines: {"id":"f5123360-2e4d-4e43-9651-199923f34d09","ref":"/api/jobs/f5123360-2e4d-4e43-9651-199923f34d09","key":"GET:inference/status","path":"/api/inference/status","platform":{"instance_id":"33e70328-e74e
2026-09-19T00:22:01Z handoff: production engines down, hugepages free; the issue4500 campaign may start
2026-09-19T00:22:02Z delphi-3bda release: created /bill-has-instance-0,2; Bill may use the first half again
2026-09-19T00:22:03Z flock released (remote holder 1635129 gone)
2026-09-19T00:22:03Z campaign done
