instructions parsed: before 80167, after 78116
functions matched: 317, identical: 261, changed: 56, only before: 42, only after: 0
  changed: 330 -> 370 insns, 364 differing lines  tron::book<1ul, 1ul, 128ul, 16ul, tron::detail::kv_layout<std::array<tron::kv_slot_spec, 1ul>{tron::kv_slot_spec [1]{tron::kv_slot_spec{tron::kv_geome
  changed: 1050 -> 1086 insns, 1073 differing lines  tron::book<1ul, 1ul, 128ul, 16ul, tron::detail::kv_layout<std::array<tron::kv_slot_spec, 1ul>{tron::kv_slot_spec [1]{tron::kv_slot_spec{tron::kv_geome
  changed: 330 -> 370 insns, 364 differing lines  tron::book<1ul, 1ul, 128ul, 512ul, tron::detail::kv_layout<std::array<tron::kv_slot_spec, 1ul>{tron::kv_slot_spec [1]{tron::kv_slot_spec{tron::kv_geom
  changed: 1050 -> 1086 insns, 1073 differing lines  tron::book<1ul, 1ul, 128ul, 512ul, tron::detail::kv_layout<std::array<tron::kv_slot_spec, 1ul>{tron::kv_slot_spec [1]{tron::kv_slot_spec{tron::kv_geom
  changed: 236 -> 270 insns, 219 differing lines  tron::book<1ul, 1ul, 256ul, 0ul, tron::detail::kv_layout<std::array<tron::kv_slot_spec, 1ul>{tron::kv_slot_spec [1]{tron::kv_slot_spec{tron::kv_geomet
  changed: 1050 -> 1086 insns, 1073 differing lines  tron::book<1ul, 1ul, 256ul, 0ul, tron::detail::kv_layout<std::array<tron::kv_slot_spec, 1ul>{tron::kv_slot_spec [1]{tron::kv_slot_spec{tron::kv_geomet
  changed: 236 -> 270 insns, 219 differing lines  tron::book<1ul, 1ul, 512ul, 0ul, tron::detail::kv_layout<std::array<tron::kv_slot_spec, 1ul>{tron::kv_slot_spec [1]{tron::kv_slot_spec{tron::kv_geomet
  changed: 1050 -> 1086 insns, 1073 differing lines  tron::book<1ul, 1ul, 512ul, 0ul, tron::detail::kv_layout<std::array<tron::kv_slot_spec, 1ul>{tron::kv_slot_spec [1]{tron::kv_slot_spec{tron::kv_geomet
  changed: 236 -> 270 insns, 219 differing lines  tron::book<1ul, 1ul, 64ul, 0ul, tron::detail::kv_layout<std::array<tron::kv_slot_spec, 1ul>{tron::kv_slot_spec [1]{tron::kv_slot_spec{tron::kv_geometr
  changed: 1050 -> 1086 insns, 1073 differing lines  tron::book<1ul, 1ul, 64ul, 0ul, tron::detail::kv_layout<std::array<tron::kv_slot_spec, 1ul>{tron::kv_slot_spec [1]{tron::kv_slot_spec{tron::kv_geometr
  changed: 289 -> 324 insns, 273 differing lines  tron::book<2ul, 1ul, 128ul, 0ul, tron::detail::kv_layout<std::array<tron::kv_slot_spec, 2ul>{tron::kv_slot_spec [2]{tron::kv_slot_spec{tron::kv_geomet
  changed: 1050 -> 1086 insns, 1073 differing lines  tron::book<2ul, 1ul, 128ul, 0ul, tron::detail::kv_layout<std::array<tron::kv_slot_spec, 2ul>{tron::kv_slot_spec [2]{tron::kv_slot_spec{tron::kv_geomet
  changed: 289 -> 320 insns, 305 differing lines  tron::book<2ul, 1ul, 64ul, 0ul, tron::detail::kv_layout<std::array<tron::kv_slot_spec, 2ul>{tron::kv_slot_spec [2]{tron::kv_slot_spec{tron::kv_geometr
  changed: 1050 -> 1086 insns, 1073 differing lines  tron::book<2ul, 1ul, 64ul, 0ul, tron::detail::kv_layout<std::array<tron::kv_slot_spec, 2ul>{tron::kv_slot_spec [2]{tron::kv_slot_spec{tron::kv_geometr
  changed: 414 -> 437 insns, 351 differing lines  tron::book<2ul, 1ul, 64ul, 16ul, tron::detail::kv_layout<std::array<tron::kv_slot_spec, 2ul>{tron::kv_slot_spec [2]{tron::kv_slot_spec{tron::kv_geomet
  changed: 1050 -> 1086 insns, 1073 differing lines  tron::book<2ul, 1ul, 64ul, 16ul, tron::detail::kv_layout<std::array<tron::kv_slot_spec, 2ul>{tron::kv_slot_spec [2]{tron::kv_slot_spec{tron::kv_geomet
  changed: 177 -> 219 insns, 204 differing lines  tron::book<2ul, 1ul, 64ul, 16ul, tron::detail::kv_layout<std::array<tron::kv_slot_spec, 2ul>{tron::kv_slot_spec [2]{tron::kv_slot_spec{tron::kv_geomet
  changed: 369 -> 408 insns, 404 differing lines  tron::book<2ul, 1ul, 64ul, 16ul, tron::detail::kv_layout<std::array<tron::kv_slot_spec, 2ul>{tron::kv_slot_spec [2]{tron::kv_slot_spec{tron::kv_geomet
  changed: 1050 -> 1086 insns, 1073 differing lines  tron::book<2ul, 1ul, 64ul, 16ul, tron::detail::kv_layout<std::array<tron::kv_slot_spec, 2ul>{tron::kv_slot_spec [2]{tron::kv_slot_spec{tron::kv_geomet
  changed: 289 -> 324 insns, 273 differing lines  tron::book<2ul, 4ul, 128ul, 0ul, tron::detail::kv_layout<std::array<tron::kv_slot_spec, 2ul>{tron::kv_slot_spec [2]{tron::kv_slot_spec{tron::kv_geomet
  changed: 1050 -> 1086 insns, 1073 differing lines  tron::book<2ul, 4ul, 128ul, 0ul, tron::detail::kv_layout<std::array<tron::kv_slot_spec, 2ul>{tron::kv_slot_spec [2]{tron::kv_slot_spec{tron::kv_geomet
  changed: 289 -> 324 insns, 273 differing lines  tron::book<2ul, 4ul, 64ul, 0ul, tron::detail::kv_layout<std::array<tron::kv_slot_spec, 2ul>{tron::kv_slot_spec [2]{tron::kv_slot_spec{tron::kv_geometr
  changed: 1050 -> 1086 insns, 1073 differing lines  tron::book<2ul, 4ul, 64ul, 0ul, tron::detail::kv_layout<std::array<tron::kv_slot_spec, 2ul>{tron::kv_slot_spec [2]{tron::kv_slot_spec{tron::kv_geometr
  changed: 378 -> 418 insns, 412 differing lines  tron::book<2ul, 4ul, 64ul, 16ul, tron::detail::kv_layout<std::array<tron::kv_slot_spec, 2ul>{tron::kv_slot_spec [2]{tron::kv_slot_spec{tron::kv_geomet
  changed: 1050 -> 1086 insns, 1073 differing lines  tron::book<2ul, 4ul, 64ul, 16ul, tron::detail::kv_layout<std::array<tron::kv_slot_spec, 2ul>{tron::kv_slot_spec [2]{tron::kv_slot_spec{tron::kv_geomet
  changed: 378 -> 418 insns, 412 differing lines  tron::book<2ul, 8ul, 128ul, 8192ul, tron::detail::kv_layout<std::array<tron::kv_slot_spec, 2ul>{tron::kv_slot_spec [2]{tron::kv_slot_spec{tron::kv_geo
  changed: 1050 -> 1086 insns, 1073 differing lines  tron::book<2ul, 8ul, 128ul, 8192ul, tron::detail::kv_layout<std::array<tron::kv_slot_spec, 2ul>{tron::kv_slot_spec [2]{tron::kv_slot_spec{tron::kv_geo
  changed: 292 -> 326 insns, 274 differing lines  tron::book<3ul, 1ul, 64ul, 0ul, tron::detail::kv_layout<std::array<tron::kv_slot_spec, 3ul>{tron::kv_slot_spec [3]{tron::kv_slot_spec{tron::kv_geometr
  changed: 1050 -> 1086 insns, 1073 differing lines  tron::book<3ul, 1ul, 64ul, 0ul, tron::detail::kv_layout<std::array<tron::kv_slot_spec, 3ul>{tron::kv_slot_spec [3]{tron::kv_slot_spec{tron::kv_geometr
  changed: 177 -> 219 insns, 204 differing lines  tron::book<3ul, 1ul, 64ul, 0ul, tron::detail::kv_layout<std::array<tron::kv_slot_spec, 3ul>{tron::kv_slot_spec [3]{tron::kv_slot_spec{tron::kv_geometr
  changed: 290 -> 325 insns, 274 differing lines  tron::book<3ul, 1ul, 64ul, 0ul, tron::detail::kv_layout<std::array<tron::kv_slot_spec, 3ul>{tron::kv_slot_spec [3]{tron::kv_slot_spec{tron::kv_geometr
  changed: 1050 -> 1086 insns, 1073 differing lines  tron::book<3ul, 1ul, 64ul, 0ul, tron::detail::kv_layout<std::array<tron::kv_slot_spec, 3ul>{tron::kv_slot_spec [3]{tron::kv_slot_spec{tron::kv_geometr
  changed: 292 -> 326 insns, 274 differing lines  tron::book<3ul, 1ul, 64ul, 0ul, tron::detail::kv_layout<std::array<tron::kv_slot_spec, 3ul>{tron::kv_slot_spec [3]{tron::kv_slot_spec{tron::kv_geometr
  changed: 1050 -> 1086 insns, 1073 differing lines  tron::book<3ul, 1ul, 64ul, 0ul, tron::detail::kv_layout<std::array<tron::kv_slot_spec, 3ul>{tron::kv_slot_spec [3]{tron::kv_slot_spec{tron::kv_geometr
  changed: 177 -> 219 insns, 204 differing lines  tron::book<3ul, 1ul, 64ul, 0ul, tron::detail::kv_layout<std::array<tron::kv_slot_spec, 3ul>{tron::kv_slot_spec [3]{tron::kv_slot_spec{tron::kv_geometr
  changed: 290 -> 321 insns, 306 differing lines  tron::book<3ul, 1ul, 64ul, 0ul, tron::detail::kv_layout<std::array<tron::kv_slot_spec, 3ul>{tron::kv_slot_spec [3]{tron::kv_slot_spec{tron::kv_geometr
  changed: 1050 -> 1086 insns, 1073 differing lines  tron::book<3ul, 1ul, 64ul, 0ul, tron::detail::kv_layout<std::array<tron::kv_slot_spec, 3ul>{tron::kv_slot_spec [3]{tron::kv_slot_spec{tron::kv_geometr
  changed: 379 -> 413 insns, 409 differing lines  tron::book<3ul, 1ul, 64ul, 16ul, tron::detail::kv_layout<std::array<tron::kv_slot_spec, 3ul>{tron::kv_slot_spec [3]{tron::kv_slot_spec{tron::kv_geomet
  changed: 1050 -> 1086 insns, 1073 differing lines  tron::book<3ul, 1ul, 64ul, 16ul, tron::detail::kv_layout<std::array<tron::kv_slot_spec, 3ul>{tron::kv_slot_spec [3]{tron::kv_slot_spec{tron::kv_geomet
  changed: 299 -> 343 insns, 339 differing lines  tron::book<3ul, 4ul, 128ul, 0ul, tron::detail::kv_layout<std::array<tron::kv_slot_spec, 3ul>{tron::kv_slot_spec [3]{tron::kv_slot_spec{tron::kv_geomet
  changed: 1050 -> 1086 insns, 1073 differing lines  tron::book<3ul, 4ul, 128ul, 0ul, tron::detail::kv_layout<std::array<tron::kv_slot_spec, 3ul>{tron::kv_slot_spec [3]{tron::kv_slot_spec{tron::kv_geomet
  changed: 290 -> 325 insns, 274 differing lines  tron::book<3ul, 4ul, 128ul, 0ul, tron::detail::kv_layout<std::array<tron::kv_slot_spec, 3ul>{tron::kv_slot_spec [3]{tron::kv_slot_spec{tron::kv_geomet
  changed: 1050 -> 1086 insns, 1073 differing lines  tron::book<3ul, 4ul, 128ul, 0ul, tron::detail::kv_layout<std::array<tron::kv_slot_spec, 3ul>{tron::kv_slot_spec [3]{tron::kv_slot_spec{tron::kv_geomet
  changed: 412 -> 435 insns, 349 differing lines  tron::book<4ul, 2ul, 64ul, 16ul, tron::detail::kv_layout<std::array<tron::kv_slot_spec, 4ul>{tron::kv_slot_spec [4]{tron::kv_slot_spec{tron::kv_geomet
  changed: 1050 -> 1086 insns, 1073 differing lines  tron::book<4ul, 2ul, 64ul, 16ul, tron::detail::kv_layout<std::array<tron::kv_slot_spec, 4ul>{tron::kv_slot_spec [4]{tron::kv_slot_spec{tron::kv_geomet
  changed: 177 -> 219 insns, 204 differing lines  tron::book<4ul, 2ul, 64ul, 16ul, tron::detail::kv_layout<std::array<tron::kv_slot_spec, 4ul>{tron::kv_slot_spec [4]{tron::kv_slot_spec{tron::kv_geomet
  changed: 2067 -> 2067 insns, 27 differing lines  void CATCH2_INTERNAL_TEMPLATE_TEST_32<tron::book<3ul, 1ul, 64ul, 0ul, tron::detail::kv_layout<std::array<tron::kv_slot_spec, 3ul>{tron::kv_slot_spec [
  changed: 1848 -> 1848 insns, 27 differing lines  void CATCH2_INTERNAL_TEMPLATE_TEST_32<tron::book<3ul, 1ul, 64ul, 0ul, tron::detail::kv_layout<std::array<tron::kv_slot_spec, 3ul>{tron::kv_slot_spec [
  changed: 1655 -> 1655 insns, 21 differing lines  void CATCH2_INTERNAL_TEMPLATE_TEST_32<tron::book<3ul, 1ul, 64ul, 0ul, tron::detail::kv_layout<std::array<tron::kv_slot_spec, 3ul>{tron::kv_slot_spec [
  changed: 1537 -> 1537 insns, 21 differing lines  void CATCH2_INTERNAL_TEMPLATE_TEST_32<tron::book<3ul, 1ul, 64ul, 0ul, tron::detail::kv_layout<std::array<tron::kv_slot_spec, 3ul>{tron::kv_slot_spec [
  changed: 1116 -> 1116 insns, 11 differing lines  void CATCH2_INTERNAL_TEMPLATE_TEST_71<tron::book<3ul, 1ul, 64ul, 0ul, tron::detail::kv_layout<std::array<tron::kv_slot_spec, 3ul>{tron::kv_slot_spec [
  changed: 1116 -> 1116 insns, 11 differing lines  void CATCH2_INTERNAL_TEMPLATE_TEST_71<tron::book<3ul, 1ul, 64ul, 0ul, tron::detail::kv_layout<std::array<tron::kv_slot_spec, 3ul>{tron::kv_slot_spec [
  changed: 673 -> 673 insns, 6 differing lines  void CATCH2_INTERNAL_TEMPLATE_TEST_74<tron::book<2ul, 1ul, 64ul, 16ul, tron::detail::kv_layout<std::array<tron::kv_slot_spec, 2ul>{tron::kv_slot_spec 
  changed: 692 -> 692 insns, 6 differing lines  void CATCH2_INTERNAL_TEMPLATE_TEST_74<tron::book<3ul, 1ul, 64ul, 16ul, tron::detail::kv_layout<std::array<tron::kv_slot_spec, 3ul>{tron::kv_slot_spec 
  changed: 1382 -> 1382 insns, 1 differing lines  void CATCH2_INTERNAL_TEMPLATE_TEST_79<tron::book<3ul, 4ul, 128ul, 0ul, tron::detail::kv_layout<std::array<tron::kv_slot_spec, 3ul>{tron::kv_slot_spec 
  changed: 1878 -> 1878 insns, 1 differing lines  void CATCH2_INTERNAL_TEMPLATE_TEST_79<tron::book<3ul, 4ul, 128ul, 0ul, tron::detail::kv_layout<std::array<tron::kv_slot_spec, 3ul>{tron::kv_slot_spec 
  only before: tron::book<1ul, 1ul, 128ul, 16ul, tron::detail::kv_layout<std::array<tron::kv_slot_spec, 1ul>{tron::kv_slot_spec [1]{tron::kv_slot_spec{tron::kv_geometry{1ul, 128ul}}}}, true, tron::kv_geometry{1ul, 1
  only before: tron::book<1ul, 1ul, 128ul, 16ul, tron::detail::kv_layout<std::array<tron::kv_slot_spec, 1ul>{tron::kv_slot_spec [1]{tron::kv_slot_spec{tron::kv_geometry{1ul, 128ul}}}}, true, tron::kv_geometry{1ul, 1
  only before: tron::book<1ul, 1ul, 128ul, 512ul, tron::detail::kv_layout<std::array<tron::kv_slot_spec, 1ul>{tron::kv_slot_spec [1]{tron::kv_slot_spec{tron::kv_geometry{1ul, 128ul}}}}, true, tron::kv_geometry{1ul, 
  only before: tron::book<1ul, 1ul, 128ul, 512ul, tron::detail::kv_layout<std::array<tron::kv_slot_spec, 1ul>{tron::kv_slot_spec [1]{tron::kv_slot_spec{tron::kv_geometry{1ul, 128ul}}}}, true, tron::kv_geometry{1ul, 
  only before: tron::book<1ul, 1ul, 256ul, 0ul, tron::detail::kv_layout<std::array<tron::kv_slot_spec, 1ul>{tron::kv_slot_spec [1]{tron::kv_slot_spec{tron::kv_geometry{1ul, 256ul}}}}, true, tron::kv_geometry{1ul, 25
  only before: tron::book<1ul, 1ul, 256ul, 0ul, tron::detail::kv_layout<std::array<tron::kv_slot_spec, 1ul>{tron::kv_slot_spec [1]{tron::kv_slot_spec{tron::kv_geometry{1ul, 256ul}}}}, true, tron::kv_geometry{1ul, 25
  only before: tron::book<1ul, 1ul, 512ul, 0ul, tron::detail::kv_layout<std::array<tron::kv_slot_spec, 1ul>{tron::kv_slot_spec [1]{tron::kv_slot_spec{tron::kv_geometry{1ul, 512ul}}}}, true, tron::kv_geometry{1ul, 51
  only before: tron::book<1ul, 1ul, 512ul, 0ul, tron::detail::kv_layout<std::array<tron::kv_slot_spec, 1ul>{tron::kv_slot_spec [1]{tron::kv_slot_spec{tron::kv_geometry{1ul, 512ul}}}}, true, tron::kv_geometry{1ul, 51
  only before: tron::book<1ul, 1ul, 64ul, 0ul, tron::detail::kv_layout<std::array<tron::kv_slot_spec, 1ul>{tron::kv_slot_spec [1]{tron::kv_slot_spec{tron::kv_geometry{1ul, 64ul}}}}, true, tron::kv_geometry{1ul, 64ul
  only before: tron::book<1ul, 1ul, 64ul, 0ul, tron::detail::kv_layout<std::array<tron::kv_slot_spec, 1ul>{tron::kv_slot_spec [1]{tron::kv_slot_spec{tron::kv_geometry{1ul, 64ul}}}}, true, tron::kv_geometry{1ul, 64ul
  only before: tron::book<2ul, 1ul, 128ul, 0ul, tron::detail::kv_layout<std::array<tron::kv_slot_spec, 2ul>{tron::kv_slot_spec [2]{tron::kv_slot_spec{tron::kv_geometry{1ul, 128ul}}, tron::kv_slot_spec{tron::kv_geome
  only before: tron::book<2ul, 1ul, 128ul, 0ul, tron::detail::kv_layout<std::array<tron::kv_slot_spec, 2ul>{tron::kv_slot_spec [2]{tron::kv_slot_spec{tron::kv_geometry{1ul, 128ul}}, tron::kv_slot_spec{tron::kv_geome
  only before: tron::book<2ul, 1ul, 64ul, 0ul, tron::detail::kv_layout<std::array<tron::kv_slot_spec, 2ul>{tron::kv_slot_spec [2]{tron::kv_slot_spec{tron::kv_geometry{1ul, 64ul}}, tron::kv_slot_spec{tron::kv_geometr
  only before: tron::book<2ul, 1ul, 64ul, 0ul, tron::detail::kv_layout<std::array<tron::kv_slot_spec, 2ul>{tron::kv_slot_spec [2]{tron::kv_slot_spec{tron::kv_geometry{1ul, 64ul}}, tron::kv_slot_spec{tron::kv_geometr
  only before: tron::book<2ul, 1ul, 64ul, 16ul, tron::detail::kv_layout<std::array<tron::kv_slot_spec, 2ul>{tron::kv_slot_spec [2]{tron::kv_slot_spec{tron::kv_geometry{1ul, 64ul}, tron::kv_slot_retention{(tron::kv_s
  only before: tron::book<2ul, 1ul, 64ul, 16ul, tron::detail::kv_layout<std::array<tron::kv_slot_spec, 2ul>{tron::kv_slot_spec [2]{tron::kv_slot_spec{tron::kv_geometry{1ul, 64ul}, tron::kv_slot_retention{(tron::kv_s
  only before: tron::book<2ul, 1ul, 64ul, 16ul, tron::detail::kv_layout<std::array<tron::kv_slot_spec, 2ul>{tron::kv_slot_spec [2]{tron::kv_slot_spec{tron::kv_geometry{1ul, 64ul}}, tron::kv_slot_spec{tron::kv_geomet
  only before: tron::book<2ul, 1ul, 64ul, 16ul, tron::detail::kv_layout<std::array<tron::kv_slot_spec, 2ul>{tron::kv_slot_spec [2]{tron::kv_slot_spec{tron::kv_geometry{1ul, 64ul}}, tron::kv_slot_spec{tron::kv_geomet
  only before: tron::book<2ul, 4ul, 128ul, 0ul, tron::detail::kv_layout<std::array<tron::kv_slot_spec, 2ul>{tron::kv_slot_spec [2]{tron::kv_slot_spec{tron::kv_geometry{4ul, 128ul}}, tron::kv_slot_spec{tron::kv_geome
  only before: tron::book<2ul, 4ul, 128ul, 0ul, tron::detail::kv_layout<std::array<tron::kv_slot_spec, 2ul>{tron::kv_slot_spec [2]{tron::kv_slot_spec{tron::kv_geometry{4ul, 128ul}}, tron::kv_slot_spec{tron::kv_geome
  only before: tron::book<2ul, 4ul, 64ul, 0ul, tron::detail::kv_layout<std::array<tron::kv_slot_spec, 2ul>{tron::kv_slot_spec [2]{tron::kv_slot_spec{tron::kv_geometry{4ul, 64ul}}, tron::kv_slot_spec{tron::kv_geometr
  only before: tron::book<2ul, 4ul, 64ul, 0ul, tron::detail::kv_layout<std::array<tron::kv_slot_spec, 2ul>{tron::kv_slot_spec [2]{tron::kv_slot_spec{tron::kv_geometry{4ul, 64ul}}, tron::kv_slot_spec{tron::kv_geometr
  only before: tron::book<2ul, 4ul, 64ul, 16ul, tron::detail::kv_layout<std::array<tron::kv_slot_spec, 2ul>{tron::kv_slot_spec [2]{tron::kv_slot_spec{tron::kv_geometry{4ul, 64ul}}, tron::kv_slot_spec{tron::kv_geomet
  only before: tron::book<2ul, 4ul, 64ul, 16ul, tron::detail::kv_layout<std::array<tron::kv_slot_spec, 2ul>{tron::kv_slot_spec [2]{tron::kv_slot_spec{tron::kv_geometry{4ul, 64ul}}, tron::kv_slot_spec{tron::kv_geomet
  only before: tron::book<2ul, 8ul, 128ul, 8192ul, tron::detail::kv_layout<std::array<tron::kv_slot_spec, 2ul>{tron::kv_slot_spec [2]{tron::kv_slot_spec{tron::kv_geometry{8ul, 128ul}}, tron::kv_slot_spec{tron::kv_ge
  only before: tron::book<2ul, 8ul, 128ul, 8192ul, tron::detail::kv_layout<std::array<tron::kv_slot_spec, 2ul>{tron::kv_slot_spec [2]{tron::kv_slot_spec{tron::kv_geometry{8ul, 128ul}}, tron::kv_slot_spec{tron::kv_ge
  only before: tron::book<3ul, 1ul, 64ul, 0ul, tron::detail::kv_layout<std::array<tron::kv_slot_spec, 3ul>{tron::kv_slot_spec [3]{tron::kv_slot_spec{tron::kv_geometry{1ul, 64ul}}, tron::kv_slot_spec{tron::kv_geometr
  only before: tron::book<3ul, 1ul, 64ul, 0ul, tron::detail::kv_layout<std::array<tron::kv_slot_spec, 3ul>{tron::kv_slot_spec [3]{tron::kv_slot_spec{tron::kv_geometry{1ul, 64ul}}, tron::kv_slot_spec{tron::kv_geometr
  only before: tron::book<3ul, 1ul, 64ul, 0ul, tron::detail::kv_layout<std::array<tron::kv_slot_spec, 3ul>{tron::kv_slot_spec [3]{tron::kv_slot_spec{tron::kv_geometry{1ul, 64ul}}, tron::kv_slot_spec{tron::kv_geometr
  only before: tron::book<3ul, 1ul, 64ul, 0ul, tron::detail::kv_layout<std::array<tron::kv_slot_spec, 3ul>{tron::kv_slot_spec [3]{tron::kv_slot_spec{tron::kv_geometry{1ul, 64ul}}, tron::kv_slot_spec{tron::kv_geometr
  only before: tron::book<3ul, 1ul, 64ul, 0ul, tron::detail::kv_layout<std::array<tron::kv_slot_spec, 3ul>{tron::kv_slot_spec [3]{tron::kv_slot_spec{tron::kv_geometry{1ul, 64ul}}, tron::kv_slot_spec{tron::kv_geometr
  only before: tron::book<3ul, 1ul, 64ul, 0ul, tron::detail::kv_layout<std::array<tron::kv_slot_spec, 3ul>{tron::kv_slot_spec [3]{tron::kv_slot_spec{tron::kv_geometry{1ul, 64ul}}, tron::kv_slot_spec{tron::kv_geometr
  only before: tron::book<3ul, 1ul, 64ul, 0ul, tron::detail::kv_layout<std::array<tron::kv_slot_spec, 3ul>{tron::kv_slot_spec [3]{tron::kv_slot_spec{tron::kv_geometry{1ul, 64ul}}, tron::kv_slot_spec{tron::kv_geometr
  only before: tron::book<3ul, 1ul, 64ul, 0ul, tron::detail::kv_layout<std::array<tron::kv_slot_spec, 3ul>{tron::kv_slot_spec [3]{tron::kv_slot_spec{tron::kv_geometry{1ul, 64ul}}, tron::kv_slot_spec{tron::kv_geometr
  only before: tron::book<3ul, 1ul, 64ul, 16ul, tron::detail::kv_layout<std::array<tron::kv_slot_spec, 3ul>{tron::kv_slot_spec [3]{tron::kv_slot_spec{tron::kv_geometry{1ul, 64ul}}, tron::kv_slot_spec{tron::kv_geomet
  only before: tron::book<3ul, 1ul, 64ul, 16ul, tron::detail::kv_layout<std::array<tron::kv_slot_spec, 3ul>{tron::kv_slot_spec [3]{tron::kv_slot_spec{tron::kv_geometry{1ul, 64ul}}, tron::kv_slot_spec{tron::kv_geomet
  only before: tron::book<3ul, 4ul, 128ul, 0ul, tron::detail::kv_layout<std::array<tron::kv_slot_spec, 3ul>{tron::kv_slot_spec [3]{tron::kv_slot_spec{tron::kv_geometry{4ul, 128ul}, tron::kv_slot_retention{(tron::kv_
  only before: tron::book<3ul, 4ul, 128ul, 0ul, tron::detail::kv_layout<std::array<tron::kv_slot_spec, 3ul>{tron::kv_slot_spec [3]{tron::kv_slot_spec{tron::kv_geometry{4ul, 128ul}, tron::kv_slot_retention{(tron::kv_
  only before: tron::book<3ul, 4ul, 128ul, 0ul, tron::detail::kv_layout<std::array<tron::kv_slot_spec, 3ul>{tron::kv_slot_spec [3]{tron::kv_slot_spec{tron::kv_geometry{4ul, 128ul}}, tron::kv_slot_spec{tron::kv_geome
  only before: tron::book<3ul, 4ul, 128ul, 0ul, tron::detail::kv_layout<std::array<tron::kv_slot_spec, 3ul>{tron::kv_slot_spec [3]{tron::kv_slot_spec{tron::kv_geometry{4ul, 128ul}}, tron::kv_slot_spec{tron::kv_geome
  only before: tron::book<4ul, 2ul, 64ul, 16ul, tron::detail::kv_layout<std::array<tron::kv_slot_spec, 4ul>{tron::kv_slot_spec [4]{tron::kv_slot_spec{tron::kv_geometry{2ul, 64ul}, tron::kv_slot_retention{(tron::kv_s
  only before: tron::book<4ul, 2ul, 64ul, 16ul, tron::detail::kv_layout<std::array<tron::kv_slot_spec, 4ul>{tron::kv_slot_spec [4]{tron::kv_slot_spec{tron::kv_geometry{2ul, 64ul}, tron::kv_slot_retention{(tron::kv_s
