=== PR4557 final stack build+tests, started 2026-10-01T19:10:33Z local HEAD faf8ee42ca ===
=== BUILD gen start 2026-10-01T19:10:53Z
warning: ignoring untrusted substituter 'https://tron.cachix.org', you are not a trusted user.
Run `man nix.conf` for more information on the `substituters` configuration option.
warning: ignoring untrusted substituter 'https://cache.iog.io', you are not a trusted user.
Run `man nix.conf` for more information on the `substituters` configuration option.
warning: ignoring the client-specified setting 'trusted-public-keys', because it is a restricted setting and you are not a trusted user
warning: ignoring untrusted substituter 'https://tron.cachix.org', you are not a trusted user.
Run `man nix.conf` for more information on the `substituters` configuration option.
warning: ignoring untrusted substituter 'https://cache.iog.io', you are not a trusted user.
Run `man nix.conf` for more information on the `substituters` configuration option.
warning: ignoring the client-specified setting 'trusted-public-keys', because it is a restricted setting and you are not a trusted user
warning: ignoring untrusted substituter 'https://tron.cachix.org', you are not a trusted user.
Run `man nix.conf` for more information on the `substituters` configuration option.
warning: ignoring untrusted substituter 'https://cache.iog.io', you are not a trusted user.
Run `man nix.conf` for more information on the `substituters` configuration option.
warning: ignoring the client-specified setting 'trusted-public-keys', because it is a restricted setting and you are not a trusted user
warning: ignoring untrusted substituter 'https://tron.cachix.org', you are not a trusted user.
Run `man nix.conf` for more information on the `substituters` configuration option.
warning: ignoring untrusted substituter 'https://cache.iog.io', you are not a trusted user.
Run `man nix.conf` for more information on the `substituters` configuration option.
warning: ignoring the client-specified setting 'trusted-public-keys', because it is a restricted setting and you are not a trusted user
=== TRON + Ingest unified development environment loaded ===
    (CPU-only - use 'nix develop .#cuda' for CUDA support)

C++ toolchain (LLVM 19):
  Compiler: clang version 19.1.7
  clangd: clangd version 19.1.7
  TBB: /nix/store/h750dcjgraps0d8rb633xxf157i1vndc-onetbb-2022.3.0
  libunwind: /nix/store/42h1ygw13wn3czbmb5j1pnf0pbgs1fqz-libunwind-19.1.7

Rust toolchain:
  rustc: rustc 1.92.0 (ded5c06cf 2025-12-08)

Python environment:
  Python: Python 3.12.12
  Available: torch (CPU), transformers, accelerate, safetensors, ruff

Haskell toolchain:
  GHC: The Glorious Glasgow Haskell Compilation System, version 9.12.2
  Cabal: cabal-install version 3.16.0.0 
  HLS: available

Build commands:
  Tron (C++): make build, make test
  Ingest (Haskell): cd ingest && cabal build

[0/2] Re-checking globbed directories...
[1/47] Checking hand-written plugin set
[2/46] Checking build version
Building version 2026.10.01-c73e7fb2-dirty
[3/46] Updating version.cpp
[4/46] Building CXX object src/CMakeFiles/version.dir/version.cpp.o
[5/46] Linking CXX shared library src/libversion.so
[6/46] Building CXX object src/system/CMakeFiles/system.dir/memory.cpp.o
[7/46] Building CXX object t/CMakeFiles/testfake_objects.dir/fake.cpp.o
[8/46] Building CXX object src/tron/CMakeFiles/tron.dir/kernels/amx_attn.cpp.o
[9/46] Building CXX object src/tron/CMakeFiles/tron.dir/models/hw_attn_config.cpp.o
[10/46] Building CXX object src/pos/CMakeFiles/pos_fake.dir/fake.cpp.o
[11/46] Building CXX object src/pos/CMakeFiles/pos_fake.dir/alloc.cpp.o
[12/46] Building CXX object src/system/CMakeFiles/system.dir/heap_v2.cpp.o
[13/46] Linking CXX static library src/system/libsystem.a
[14/46] Building CXX object src/pos/CMakeFiles/pos_fake.dir/dma_tracker.cpp.o
[15/46] Linking CXX static library src/pos/libpos_fake.a
[16/46] Building CXX object src/tron/CMakeFiles/tron.dir/models/cache.cpp.o
[17/46] Building CXX object t/CMakeFiles/t_amx_numerics.dir/t_amx_numerics.cpp.o
[18/46] Building CXX object src/tron/CMakeFiles/tron.dir/models/ranged_mask.cpp.o
[19/46] Building CXX object src/tron/CMakeFiles/fake_scheduler.dir/scheduler/full.cpp.o
[20/46] Building CXX object src/tron/CMakeFiles/tron.dir/gof.cpp.o
[21/46] Building CXX object src/tron/CMakeFiles/tron.dir/scheduler/token_tree.cpp.o
[22/46] Linking CXX static library src/tron/libtron.a
[23/46] Linking CXX executable t_amx_numerics
[24/46] Building CXX object src/tron/CMakeFiles/fake_scheduler.dir/generation.cpp.o
[25/46] Building CXX object src/tron/CMakeFiles/fake_scheduler.dir/scheduler/token_cache.cpp.o
[26/46] Building CXX object src/tron/CMakeFiles/fake_scheduler.dir/generation/speculate.cpp.o
[27/46] Building CXX object src/tron/CMakeFiles/fake_scheduler.dir/scheduler/token_cache_control.cpp.o
[28/46] Building CXX object src/tron/CMakeFiles/tron_model_mock_objects.dir/src/tron/model_mock.cpp.o
[29/46] Building CXX object t/CMakeFiles/t_amx_dispatch_dtype.dir/t_amx_dispatch_dtype.cpp.o
[30/46] Linking CXX executable t_amx_dispatch_dtype
[31/46] Building CXX object t/CMakeFiles/t_heterogeneous_scheduler.dir/heterogeneous_scheduler_compile.cpp.o
[32/46] Building CXX object src/tron/CMakeFiles/tron_model_llama_68m_objects.dir/src/tron/model_llama_68m.cpp.o
[33/46] Building CXX object src/tron/CMakeFiles/fake_scheduler.dir/scheduler/legacy_dispatch.cpp.o
[34/46] Building CXX object t/CMakeFiles/t_llama_unit.dir/t_llama_unit.cpp.o
[35/46] Linking CXX executable t_llama_unit
[36/46] Building CXX object src/tron/CMakeFiles/tron_model_qwen_2p5_32b_objects.dir/src/tron/model_qwen_2p5_32b.cpp.o
[37/46] Building CXX object src/tron/CMakeFiles/tron_model_llama_3p2_1b_objects.dir/src/tron/model_llama_3p2_1b.cpp.o
[38/46] Building CXX object src/tron/CMakeFiles/tron_model_gemma_2_9b_objects.dir/src/tron/model_gemma_2_9b.cpp.o
[39/46] Building CXX object src/tron/CMakeFiles/tron_model_llama_3p1_70b_objects.dir/src/tron/model_llama_3p1_70b.cpp.o
[40/46] Building CXX object src/tron/CMakeFiles/tron_model_llama_3_8b_objects.dir/src/tron/model_llama_3_8b.cpp.o
[41/46] Building CXX object src/tron/CMakeFiles/tron_model_mixtral_8x7b_objects.dir/src/tron/model_mixtral_8x7b.cpp.o
[42/46] Building CXX object src/tron/CMakeFiles/tron_model_llama_3p2_3b_objects.dir/src/tron/model_llama_3p2_3b.cpp.o
[43/46] Building CXX object src/tron/CMakeFiles/tron_model_llama_3p1_8b_objects.dir/src/tron/model_llama_3p1_8b.cpp.o
[44/46] Linking CXX shared library src/tron/libfake_scheduler.so
[45/46] Linking CXX executable t_heterogeneous_scheduler
=== BUILD gen rc=0 end 2026-10-01T19:15:22Z
=== BUILD gen-amxoff start 2026-10-01T19:15:22Z
warning: ignoring untrusted substituter 'https://tron.cachix.org', you are not a trusted user.
Run `man nix.conf` for more information on the `substituters` configuration option.
warning: ignoring untrusted substituter 'https://cache.iog.io', you are not a trusted user.
Run `man nix.conf` for more information on the `substituters` configuration option.
warning: ignoring the client-specified setting 'trusted-public-keys', because it is a restricted setting and you are not a trusted user
warning: ignoring untrusted substituter 'https://tron.cachix.org', you are not a trusted user.
Run `man nix.conf` for more information on the `substituters` configuration option.
warning: ignoring untrusted substituter 'https://cache.iog.io', you are not a trusted user.
Run `man nix.conf` for more information on the `substituters` configuration option.
warning: ignoring the client-specified setting 'trusted-public-keys', because it is a restricted setting and you are not a trusted user
warning: ignoring untrusted substituter 'https://tron.cachix.org', you are not a trusted user.
Run `man nix.conf` for more information on the `substituters` configuration option.
warning: ignoring untrusted substituter 'https://cache.iog.io', you are not a trusted user.
Run `man nix.conf` for more information on the `substituters` configuration option.
warning: ignoring the client-specified setting 'trusted-public-keys', because it is a restricted setting and you are not a trusted user
warning: ignoring untrusted substituter 'https://tron.cachix.org', you are not a trusted user.
Run `man nix.conf` for more information on the `substituters` configuration option.
warning: ignoring untrusted substituter 'https://cache.iog.io', you are not a trusted user.
Run `man nix.conf` for more information on the `substituters` configuration option.
warning: ignoring the client-specified setting 'trusted-public-keys', because it is a restricted setting and you are not a trusted user
=== TRON + Ingest unified development environment loaded ===
    (CPU-only - use 'nix develop .#cuda' for CUDA support)

C++ toolchain (LLVM 19):
  Compiler: clang version 19.1.7
  clangd: clangd version 19.1.7
  TBB: /nix/store/h750dcjgraps0d8rb633xxf157i1vndc-onetbb-2022.3.0
  libunwind: /nix/store/42h1ygw13wn3czbmb5j1pnf0pbgs1fqz-libunwind-19.1.7

Rust toolchain:
  rustc: rustc 1.92.0 (ded5c06cf 2025-12-08)

Python environment:
  Python: Python 3.12.12
  Available: torch (CPU), transformers, accelerate, safetensors, ruff

Haskell toolchain:
  GHC: The Glorious Glasgow Haskell Compilation System, version 9.12.2
  Cabal: cabal-install version 3.16.0.0 
  HLS: available

Build commands:
  Tron (C++): make build, make test
  Ingest (Haskell): cd ingest && cabal build

[0/2] Re-checking globbed directories...
[1/45] Checking hand-written plugin set
[2/44] Checking build version
Building version 2026.10.01-c73e7fb2-dirty
[3/44] Updating version.cpp
[4/44] Building CXX object src/CMakeFiles/version.dir/version.cpp.o
[5/44] Linking CXX shared library src/libversion.so
[6/44] Building CXX object src/system/CMakeFiles/system.dir/memory.cpp.o
[7/44] Building CXX object t/CMakeFiles/testfake_objects.dir/fake.cpp.o
[8/44] Building CXX object src/system/CMakeFiles/system.dir/heap_v2.cpp.o
[9/44] Linking CXX static library src/system/libsystem.a
[10/44] Building CXX object src/pos/CMakeFiles/pos_fake.dir/dma_tracker.cpp.o
[11/44] Building CXX object src/tron/CMakeFiles/tron.dir/models/hw_attn_config.cpp.o
[12/44] Building CXX object src/pos/CMakeFiles/pos_fake.dir/fake.cpp.o
[13/44] Building CXX object src/pos/CMakeFiles/pos_fake.dir/alloc.cpp.o
[14/44] Linking CXX static library src/pos/libpos_fake.a
[15/44] Building CXX object t/CMakeFiles/t_amx_dispatch_dtype.dir/t_amx_dispatch_dtype.cpp.o
[16/44] Building CXX object src/tron/CMakeFiles/tron.dir/models/cache.cpp.o
[17/44] Building CXX object src/tron/CMakeFiles/fake_scheduler.dir/scheduler/full.cpp.o
[18/44] Building CXX object src/tron/CMakeFiles/tron.dir/models/ranged_mask.cpp.o
[19/44] Building CXX object src/tron/CMakeFiles/tron.dir/scheduler/token_tree.cpp.o
[20/44] Building CXX object src/tron/CMakeFiles/fake_scheduler.dir/generation/speculate.cpp.o
[21/44] Building CXX object src/tron/CMakeFiles/fake_scheduler.dir/scheduler/token_cache_control.cpp.o
[22/44] Building CXX object src/tron/CMakeFiles/fake_scheduler.dir/generation.cpp.o
[23/44] Building CXX object src/tron/CMakeFiles/fake_scheduler.dir/scheduler/token_cache.cpp.o
[24/44] Building CXX object src/tron/CMakeFiles/tron.dir/gof.cpp.o
[25/44] Linking CXX static library src/tron/libtron.a
[26/44] Linking CXX executable t_amx_numerics
[27/44] Linking CXX executable t_amx_dispatch_dtype
[28/44] Building CXX object src/tron/CMakeFiles/tron_model_mock_objects.dir/src/tron/model_mock.cpp.o
[29/44] Building CXX object src/tron/CMakeFiles/tron_model_llama_68m_objects.dir/src/tron/model_llama_68m.cpp.o
[30/44] Building CXX object t/CMakeFiles/t_heterogeneous_scheduler.dir/heterogeneous_scheduler_compile.cpp.o
[31/44] Building CXX object src/tron/CMakeFiles/fake_scheduler.dir/scheduler/legacy_dispatch.cpp.o
[32/44] Building CXX object t/CMakeFiles/t_llama_unit.dir/t_llama_unit.cpp.o
[33/44] Linking CXX executable t_llama_unit
[34/44] Building CXX object src/tron/CMakeFiles/tron_model_llama_3p2_1b_objects.dir/src/tron/model_llama_3p2_1b.cpp.o
[35/44] Building CXX object src/tron/CMakeFiles/tron_model_gemma_2_9b_objects.dir/src/tron/model_gemma_2_9b.cpp.o
[36/44] Building CXX object src/tron/CMakeFiles/tron_model_llama_3_8b_objects.dir/src/tron/model_llama_3_8b.cpp.o
[37/44] Building CXX object src/tron/CMakeFiles/tron_model_qwen_2p5_32b_objects.dir/src/tron/model_qwen_2p5_32b.cpp.o
[38/44] Building CXX object src/tron/CMakeFiles/tron_model_mixtral_8x7b_objects.dir/src/tron/model_mixtral_8x7b.cpp.o
[39/44] Building CXX object src/tron/CMakeFiles/tron_model_llama_3p1_70b_objects.dir/src/tron/model_llama_3p1_70b.cpp.o
[40/44] Building CXX object src/tron/CMakeFiles/tron_model_llama_3p2_3b_objects.dir/src/tron/model_llama_3p2_3b.cpp.o
[41/44] Building CXX object src/tron/CMakeFiles/tron_model_llama_3p1_8b_objects.dir/src/tron/model_llama_3p1_8b.cpp.o
[42/44] Linking CXX shared library src/tron/libfake_scheduler.so
[43/44] Linking CXX executable t_heterogeneous_scheduler
=== BUILD gen-amxoff rc=0 end 2026-10-01T19:20:07Z
=== TESTS start 2026-10-01T19:36:59Z
== run t_llama_unit (gen/t_llama_unit) 2026-10-01T19:36:59Z
== t_llama_unit gen rc=0 2026-10-01T19:37:13Z
All tests passed (244522 assertions in 44 test cases)
== run t_amx_numerics (gen/t_amx_numerics) 2026-10-01T19:37:13Z
== t_amx_numerics gen rc=0 2026-10-01T19:37:13Z
All tests passed (12301 assertions in 4 test cases)
== run t_amx_dispatch_dtype (gen/t_amx_dispatch_dtype) 2026-10-01T19:37:13Z
== t_amx_dispatch_dtype gen rc=0 2026-10-01T19:37:13Z
All tests passed (1559 assertions in 1 test case)
== run t_heterogeneous_scheduler (gen/t_heterogeneous_scheduler) 2026-10-01T19:37:13Z
== t_heterogeneous_scheduler gen rc=0 2026-10-01T19:37:14Z
All tests passed (1900 assertions in 2 test cases)
== run t_llama_unit (gen-amxoff/t_llama_unit) 2026-10-01T19:37:14Z
== t_llama_unit gen-amxoff rc=0 2026-10-01T19:37:27Z
All tests passed (244522 assertions in 44 test cases)
== run t_amx_numerics (gen-amxoff/t_amx_numerics) 2026-10-01T19:37:27Z
== t_amx_numerics gen-amxoff rc=0 2026-10-01T19:37:27Z
All tests passed (1 assertion in 1 test case)
== run t_amx_dispatch_dtype (gen-amxoff/t_amx_dispatch_dtype) 2026-10-01T19:37:27Z
== t_amx_dispatch_dtype gen-amxoff rc=0 2026-10-01T19:37:28Z
All tests passed (1 assertion in 1 test case)
== run t_heterogeneous_scheduler (gen-amxoff/t_heterogeneous_scheduler) 2026-10-01T19:37:28Z
== t_heterogeneous_scheduler gen-amxoff rc=0 2026-10-01T19:37:28Z
All tests passed (1900 assertions in 2 test cases)
== list-tests gen/t_llama_unit (packed V rows / Sliding) 2026-10-01T19:37:28Z
  Sliding KV chunks reserve and restore transactionally
  packed V rows keep their bits through set_v, get_v and at()
== run t_llama_unit case1: packed V rows 2026-10-01T19:37:28Z
== case1 rc=0 2026-10-01T19:37:29Z
All tests passed (20755 assertions in 1 test case)
== run t_llama_unit case2: Sliding KV chunks 2026-10-01T19:37:29Z
== case2 rc=0 2026-10-01T19:37:29Z
All tests passed (53593 assertions in 1 test case)
=== TESTS end 2026-10-01T19:37:29Z
=== LINT-NOTES start 2026-10-01T19:37:29Z
=== LINT-NOTES rc=0 def-lines=0 total-lines=93 2026-10-01T19:37:43Z
  def    t/t_generate_2.cpp:495:3:     Note [location_t Tree Verification]
  def    t/t_pos_lifecycle.cpp:126:3:     Note [pos_startup failure cleanup]
  def    t/t_pos_restart.cpp:7:3:     Note [pos_startup restart lifecycle]
  def    t/t_rinzler.cpp:121:3:     Note [Rinzler Test Fixture FUSE Mount Path]
  def    t/t_stream_generate_race.cpp:80:3:     Note [Stream Generate Race Tests]
=== c12df586b6 REBUILD t_llama_unit (t/t_llama_unit.cpp only, md5 c6c5aabf37186fc9e3fa4ad7c6e8a43b) start 2026-10-01T19:39:34Z
=== BUILD gen t_llama_unit start 2026-10-01T19:39:34Z
warning: ignoring untrusted substituter 'https://tron.cachix.org', you are not a trusted user.
Run `man nix.conf` for more information on the `substituters` configuration option.
warning: ignoring untrusted substituter 'https://cache.iog.io', you are not a trusted user.
Run `man nix.conf` for more information on the `substituters` configuration option.
warning: ignoring the client-specified setting 'trusted-public-keys', because it is a restricted setting and you are not a trusted user
warning: ignoring untrusted substituter 'https://tron.cachix.org', you are not a trusted user.
Run `man nix.conf` for more information on the `substituters` configuration option.
warning: ignoring untrusted substituter 'https://cache.iog.io', you are not a trusted user.
Run `man nix.conf` for more information on the `substituters` configuration option.
warning: ignoring the client-specified setting 'trusted-public-keys', because it is a restricted setting and you are not a trusted user
warning: ignoring untrusted substituter 'https://tron.cachix.org', you are not a trusted user.
Run `man nix.conf` for more information on the `substituters` configuration option.
warning: ignoring untrusted substituter 'https://cache.iog.io', you are not a trusted user.
Run `man nix.conf` for more information on the `substituters` configuration option.
warning: ignoring the client-specified setting 'trusted-public-keys', because it is a restricted setting and you are not a trusted user
warning: ignoring untrusted substituter 'https://tron.cachix.org', you are not a trusted user.
Run `man nix.conf` for more information on the `substituters` configuration option.
warning: ignoring untrusted substituter 'https://cache.iog.io', you are not a trusted user.
Run `man nix.conf` for more information on the `substituters` configuration option.
warning: ignoring the client-specified setting 'trusted-public-keys', because it is a restricted setting and you are not a trusted user
=== TRON + Ingest unified development environment loaded ===
    (CPU-only - use 'nix develop .#cuda' for CUDA support)

C++ toolchain (LLVM 19):
  Compiler: clang version 19.1.7
  clangd: clangd version 19.1.7
  TBB: /nix/store/h750dcjgraps0d8rb633xxf157i1vndc-onetbb-2022.3.0
  libunwind: /nix/store/42h1ygw13wn3czbmb5j1pnf0pbgs1fqz-libunwind-19.1.7

Rust toolchain:
  rustc: rustc 1.92.0 (ded5c06cf 2025-12-08)

Python environment:
  Python: Python 3.12.12
  Available: torch (CPU), transformers, accelerate, safetensors, ruff

Haskell toolchain:
  GHC: The Glorious Glasgow Haskell Compilation System, version 9.12.2
  Cabal: cabal-install version 3.16.0.0 
  HLS: available

Build commands:
  Tron (C++): make build, make test
  Ingest (Haskell): cd ingest && cabal build

[0/2] Re-checking globbed directories...
[1/13] Checking hand-written plugin set
[2/8] Checking build version
Building version 2026.10.01-c73e7fb2-dirty
[3/5] Building CXX object t/CMakeFiles/t_llama_unit.dir/t_llama_unit.cpp.o
[4/5] Linking CXX executable t_llama_unit
=== BUILD gen t_llama_unit rc=0 end 2026-10-01T19:41:11Z
=== BUILD gen-amxoff t_llama_unit start 2026-10-01T19:41:11Z
warning: ignoring untrusted substituter 'https://tron.cachix.org', you are not a trusted user.
Run `man nix.conf` for more information on the `substituters` configuration option.
warning: ignoring untrusted substituter 'https://cache.iog.io', you are not a trusted user.
Run `man nix.conf` for more information on the `substituters` configuration option.
warning: ignoring the client-specified setting 'trusted-public-keys', because it is a restricted setting and you are not a trusted user
warning: ignoring untrusted substituter 'https://tron.cachix.org', you are not a trusted user.
Run `man nix.conf` for more information on the `substituters` configuration option.
warning: ignoring untrusted substituter 'https://cache.iog.io', you are not a trusted user.
Run `man nix.conf` for more information on the `substituters` configuration option.
warning: ignoring the client-specified setting 'trusted-public-keys', because it is a restricted setting and you are not a trusted user
error (ignored): SQLite database '/home/jhan/.cache/nix/eval-cache-v6/b94227e6e4cb726df06fe96915f0eedcf3bd4886b201494e1cb40372fbdaa102.sqlite' is busy
warning: ignoring untrusted substituter 'https://tron.cachix.org', you are not a trusted user.
Run `man nix.conf` for more information on the `substituters` configuration option.
warning: ignoring untrusted substituter 'https://cache.iog.io', you are not a trusted user.
Run `man nix.conf` for more information on the `substituters` configuration option.
warning: ignoring the client-specified setting 'trusted-public-keys', because it is a restricted setting and you are not a trusted user
warning: ignoring untrusted substituter 'https://tron.cachix.org', you are not a trusted user.
Run `man nix.conf` for more information on the `substituters` configuration option.
warning: ignoring untrusted substituter 'https://cache.iog.io', you are not a trusted user.
Run `man nix.conf` for more information on the `substituters` configuration option.
warning: ignoring the client-specified setting 'trusted-public-keys', because it is a restricted setting and you are not a trusted user
=== TRON + Ingest unified development environment loaded ===
    (CPU-only - use 'nix develop .#cuda' for CUDA support)

C++ toolchain (LLVM 19):
  Compiler: clang version 19.1.7
  clangd: clangd version 19.1.7
  TBB: /nix/store/h750dcjgraps0d8rb633xxf157i1vndc-onetbb-2022.3.0
  libunwind: /nix/store/42h1ygw13wn3czbmb5j1pnf0pbgs1fqz-libunwind-19.1.7

Rust toolchain:
  rustc: rustc 1.92.0 (ded5c06cf 2025-12-08)

Python environment:
  Python: Python 3.12.12
  Available: torch (CPU), transformers, accelerate, safetensors, ruff

Haskell toolchain:
  GHC: The Glorious Glasgow Haskell Compilation System, version 9.12.2
  Cabal: cabal-install version 3.16.0.0 
  HLS: available

Build commands:
  Tron (C++): make build, make test
  Ingest (Haskell): cd ingest && cabal build

[0/2] Re-checking globbed directories...
[1/13] Checking hand-written plugin set
[2/8] Checking build version
Building version 2026.10.01-c12df586
[3/8] Updating version.cpp
[4/8] Building CXX object src/CMakeFiles/version.dir/version.cpp.o
[5/8] Linking CXX shared library src/libversion.so
[6/8] Building CXX object t/CMakeFiles/t_llama_unit.dir/t_llama_unit.cpp.o
[7/8] Linking CXX executable t_llama_unit
=== BUILD gen-amxoff t_llama_unit rc=0 end 2026-10-01T19:42:42Z
=== c12df586b6 TESTS start 2026-10-01T19:42:52Z
== run t_llama_unit (gen/t_llama_unit) 2026-10-01T19:42:52Z
== t_llama_unit gen rc=0 2026-10-01T19:43:06Z
All tests passed (244524 assertions in 44 test cases)
== run t_llama_unit (gen-amxoff/t_llama_unit) 2026-10-01T19:43:06Z
== t_llama_unit gen-amxoff rc=0 2026-10-01T19:43:19Z
All tests passed (244524 assertions in 44 test cases)
== run t_llama_unit case1: packed V rows (gen) 2026-10-01T19:43:19Z
== case1 rc=0 2026-10-01T19:43:19Z
All tests passed (20755 assertions in 1 test case)
=== c12df586b6 TESTS end 2026-10-01T19:43:19Z
