seed start 2026-09-30T19:52:59Z
seed-done 2026-09-30T19:53:09Z
rsync-done 2026-09-30T19:53:49Z
== configure start 2026-09-30T19:54:50Z
warning: ignoring untrusted substituter 'https://tron.cachix.org', you are not a trusted user.
Run `man nix.conf` for more information on the `substituters` configuration option.
warning: ignoring untrusted substituter 'https://cache.iog.io', you are not a trusted user.
Run `man nix.conf` for more information on the `substituters` configuration option.
warning: ignoring the client-specified setting 'trusted-public-keys', because it is a restricted setting and you are not a trusted user
warning: ignoring untrusted substituter 'https://tron.cachix.org', you are not a trusted user.
Run `man nix.conf` for more information on the `substituters` configuration option.
warning: ignoring untrusted substituter 'https://cache.iog.io', you are not a trusted user.
Run `man nix.conf` for more information on the `substituters` configuration option.
warning: ignoring the client-specified setting 'trusted-public-keys', because it is a restricted setting and you are not a trusted user
warning: ignoring untrusted substituter 'https://tron.cachix.org', you are not a trusted user.
Run `man nix.conf` for more information on the `substituters` configuration option.
warning: ignoring untrusted substituter 'https://cache.iog.io', you are not a trusted user.
Run `man nix.conf` for more information on the `substituters` configuration option.
warning: ignoring the client-specified setting 'trusted-public-keys', because it is a restricted setting and you are not a trusted user
warning: ignoring untrusted substituter 'https://tron.cachix.org', you are not a trusted user.
Run `man nix.conf` for more information on the `substituters` configuration option.
warning: ignoring untrusted substituter 'https://cache.iog.io', you are not a trusted user.
Run `man nix.conf` for more information on the `substituters` configuration option.
warning: ignoring the client-specified setting 'trusted-public-keys', because it is a restricted setting and you are not a trusted user
=== TRON + Ingest unified development environment loaded ===
    (CPU-only - use 'nix develop .#cuda' for CUDA support)

C++ toolchain (LLVM 19):
  Compiler: clang version 19.1.7
  clangd: clangd version 19.1.7
  TBB: /nix/store/h750dcjgraps0d8rb633xxf157i1vndc-onetbb-2022.3.0
  libunwind: /nix/store/42h1ygw13wn3czbmb5j1pnf0pbgs1fqz-libunwind-19.1.7

Rust toolchain:
  rustc: rustc 1.92.0 (ded5c06cf 2025-12-08)

Python environment:
  Python: Python 3.12.12
  Available: torch (CPU), transformers, accelerate, safetensors, ruff

Haskell toolchain:
  GHC: The Glorious Glasgow Haskell Compilation System, version 9.12.2
  Cabal: cabal-install version 3.16.0.0 
  HLS: available

Build commands:
  Tron (C++): make build, make test
  Ingest (Haskell): cd ingest && cabal build

-- The CXX compiler identification is Clang 19.1.7
-- Detecting CXX compiler ABI info
-- Detecting CXX compiler ABI info - done
-- Check for working CXX compiler: /nix/store/nzk8s2vc3k10mp4xcimvhq7r6w6kiwjv-clang19-wrappers/bin/clang++-19 - skipped
-- Detecting CXX compile features
-- Detecting CXX compile features - done
-- Found libunwind: /nix/store/42h1ygw13wn3czbmb5j1pnf0pbgs1fqz-libunwind-19.1.7/lib/libunwind.so
-- Found OpenSSL: /nix/store/61i74yjkj9p1qphfl7018ja4sdwkipx0-openssl-3.6.0/lib/libcrypto.so (found version "3.6.0")
-- Performing Test CMAKE_HAVE_LIBC_PTHREAD
-- Performing Test CMAKE_HAVE_LIBC_PTHREAD - Success
-- Found Threads: TRUE
-- Found PkgConfig: /nix/store/8vdiwpbh0g4avsd6x5v4s0di32vcl3dp-pkg-config-wrapper-0.29.2/bin/pkg-config (found version "0.29.2")
-- Checking for module 'jemalloc'
--   Found jemalloc, version 5.3.0_0
-- Build spdlog: 1.17.0
-- Build type: RelWithDebInfo
-- Looking for fwrite_unlocked
-- Looking for fwrite_unlocked - found
-- Using the multi-header code from /var/tmp/jhan/tron-issue4525-ben/gen/_deps/json-src/include/
-- The C compiler identification is Clang 19.1.7
-- Detecting C compiler ABI info
-- Detecting C compiler ABI info - done
-- Check for working C compiler: /nix/store/nzk8s2vc3k10mp4xcimvhq7r6w6kiwjv-clang19-wrappers/bin/clang-19 - skipped
-- Detecting C compile features
-- Detecting C compile features - done
-- compiler: Clang
-- Performing Test COMPILER_HAS_HIDDEN_VISIBILITY
-- Performing Test COMPILER_HAS_HIDDEN_VISIBILITY - Success
-- Performing Test COMPILER_HAS_HIDDEN_INLINE_VISIBILITY
-- Performing Test COMPILER_HAS_HIDDEN_INLINE_VISIBILITY - Success
-- Performing Test COMPILER_HAS_DEPRECATED_ATTR
-- Performing Test COMPILER_HAS_DEPRECATED_ATTR - Success
-- Looking for C++ include any
-- Looking for C++ include any - found
-- Looking for C++ include string_view
-- Looking for C++ include string_view - found
-- Looking for C++ include coroutine
-- Looking for C++ include coroutine - found
CMake Deprecation Warning at gen/_deps/drogon-src/trantor/CMakeLists.txt:1 (cmake_minimum_required):
  Compatibility with CMake < 3.10 will be removed from a future version of
  CMake.

  Update the VERSION argument <min> value.  Or, use the <min>...<max> syntax
  to tell CMake that the project requires at least <min> but has been updated
  to work with policies introduced by <max> or earlier.


-- Trantor using SSL library: OpenSSL
-- Could NOT find c-ares (missing: C-ARES_INCLUDE_DIRS C-ARES_LIBRARIES) 
-- Could NOT find Doxygen (missing: DOXYGEN_EXECUTABLE) 
-- Looking for C++ include filesystem
-- Looking for C++ include filesystem - found
-- Performing Test CXX_FILESYSTEM_NO_LINK_NEEDED
-- Performing Test CXX_FILESYSTEM_NO_LINK_NEEDED - Success
-- Found std::filesystem
-- use c++20
-- Found Jsoncpp: /nix/store/d8zw3hk6w98vcy7mma5l7s0b7xdihicj-jsoncpp-1.9.6-dev/include
-- jsoncpp version:1.9.6
-- yaml-cpp not used
-- Found UUID: /nix/store/mzl19fy0j4fl395z3pbkwxcmkxi1733v-util-linux-minimal-2.41.2-lib/lib/libuuid.so
-- Found Brotli: /nix/store/v8czfabwiry1aik0j3b4mqkqvn7vnxfi-brotli-1.1.0-lib/lib/libbrotlidec.so
-- Brotli found
-- Could NOT find PostgreSQL (missing: PostgreSQL_LIBRARY PostgreSQL_INCLUDE_DIR) 
-- Could NOT find pg (missing: PG_LIBRARIES PG_INCLUDE_DIRS) 
-- MySql was not found.
-- sqlite3 was not found.
-- Could NOT find Hiredis (missing: HIREDIS_LIBRARY HIREDIS_INCLUDE_DIR) 
-- Found ZLIB: /nix/store/l7xwm1f6f3zj2x8jwdbi8gdyfbx07sh7-zlib-1.3.1/lib/libz.so (found version "1.3.1")
-- Could NOT find Doxygen (missing: DOXYGEN_EXECUTABLE) 
CMake Deprecation Warning at gen/_deps/yaml-cpp-src/CMakeLists.txt:2 (cmake_minimum_required):
  Compatibility with CMake < 3.10 will be removed from a future version of
  CMake.

  Update the VERSION argument <min> value.  Or, use the <min>...<max> syntax
  to tell CMake that the project requires at least <min> but has been updated
  to work with policies introduced by <max> or earlier.


-- Using tokenizers version from Cargo.toml: 0.21.1
-- Checking Rust version and setting up if needed...
-- Using compatible Nix Rust from PATH. Created empty rustenv at /var/tmp/jhan/tron-issue4525-ben/rust/rustenv

-- Distributing 35 selected plugin instantiations across 35 compilation units
-- FUSE stats feature: ENABLED
-- Performing Test HAVE_FLAG__ffile_prefix_map__var_tmp_jhan_tron_issue4525_ben_gen__deps_catch2_src__
-- Performing Test HAVE_FLAG__ffile_prefix_map__var_tmp_jhan_tron_issue4525_ben_gen__deps_catch2_src__ - Success
-- Configuring done (8.7s)
-- Generating done (0.4s)
-- Build files have been written to: /var/tmp/jhan/tron-issue4525-ben/gen
== configure rc=0 2026-09-30T19:55:12Z
AVX512:BOOL=ON
TRON_AMX_DISPATCH:BOOL=ON
CMAKE_HOME_DIRECTORY:INTERNAL=/var/tmp/jhan/tron-issue4525-ben
== build start 2026-09-30T19:55:12Z
warning: ignoring untrusted substituter 'https://tron.cachix.org', you are not a trusted user.
Run `man nix.conf` for more information on the `substituters` configuration option.
warning: ignoring untrusted substituter 'https://cache.iog.io', you are not a trusted user.
Run `man nix.conf` for more information on the `substituters` configuration option.
warning: ignoring the client-specified setting 'trusted-public-keys', because it is a restricted setting and you are not a trusted user
warning: ignoring untrusted substituter 'https://tron.cachix.org', you are not a trusted user.
Run `man nix.conf` for more information on the `substituters` configuration option.
warning: ignoring untrusted substituter 'https://cache.iog.io', you are not a trusted user.
Run `man nix.conf` for more information on the `substituters` configuration option.
warning: ignoring the client-specified setting 'trusted-public-keys', because it is a restricted setting and you are not a trusted user
warning: ignoring untrusted substituter 'https://tron.cachix.org', you are not a trusted user.
Run `man nix.conf` for more information on the `substituters` configuration option.
warning: ignoring untrusted substituter 'https://cache.iog.io', you are not a trusted user.
Run `man nix.conf` for more information on the `substituters` configuration option.
warning: ignoring the client-specified setting 'trusted-public-keys', because it is a restricted setting and you are not a trusted user
warning: ignoring untrusted substituter 'https://tron.cachix.org', you are not a trusted user.
Run `man nix.conf` for more information on the `substituters` configuration option.
warning: ignoring untrusted substituter 'https://cache.iog.io', you are not a trusted user.
Run `man nix.conf` for more information on the `substituters` configuration option.
warning: ignoring the client-specified setting 'trusted-public-keys', because it is a restricted setting and you are not a trusted user
=== TRON + Ingest unified development environment loaded ===
    (CPU-only - use 'nix develop .#cuda' for CUDA support)

C++ toolchain (LLVM 19):
  Compiler: clang version 19.1.7
  clangd: clangd version 19.1.7
  TBB: /nix/store/h750dcjgraps0d8rb633xxf157i1vndc-onetbb-2022.3.0
  libunwind: /nix/store/42h1ygw13wn3czbmb5j1pnf0pbgs1fqz-libunwind-19.1.7

Rust toolchain:
  rustc: rustc 1.92.0 (ded5c06cf 2025-12-08)

Python environment:
  Python: Python 3.12.12
  Available: torch (CPU), transformers, accelerate, safetensors, ruff

Haskell toolchain:
  GHC: The Glorious Glasgow Haskell Compilation System, version 9.12.2
  Cabal: cabal-install version 3.16.0.0 
  HLS: available

Build commands:
  Tron (C++): make build, make test
  Ingest (Haskell): cd ingest && cabal build

[0/2] Re-checking globbed directories...
[1/247] Creating directories for 'libfuse3_external'
[2/247] Recovering active model selection state
[3/247] Checking hand-written plugin set
[4/247] Performing download step (download, verify and extract) for 'libfuse3_external'
-- verifying file...
       file='/var/tmp/jhan/tron-issue4525-ben/gen/libfuse3_external-prefix/src/fuse-3.17.4.zip'
-- File already exists and hash match (skip download):
  file='/var/tmp/jhan/tron-issue4525-ben/gen/libfuse3_external-prefix/src/fuse-3.17.4.zip'
  SHA256='6c9b902b684e9db97347960705153f908985032497cb1573adfcfe710c1c77f3'
-- extracting...
     src='/var/tmp/jhan/tron-issue4525-ben/gen/libfuse3_external-prefix/src/fuse-3.17.4.zip'
     dst='/var/tmp/jhan/tron-issue4525-ben/gen/libfuse3_external-prefix/src/libfuse3_external'
-- extracting... [tar xf]
-- extracting... [analysis]
-- extracting... [rename]
-- extracting... [clean up]
-- extracting... done
[5/247] No update step for 'libfuse3_external'
[6/247] Performing create_header_symlink step for 'libfuse3_external'
[7/247] No patch step for 'libfuse3_external'
[8/247] Performing configure step for 'libfuse3_external'
[9/247] Performing build step for 'libfuse3_external'
[10/247] No install step for 'libfuse3_external'
[11/247] Completed 'libfuse3_external'
[12/247] Updating selected generated-plugin manifest
Loaded registry /var/tmp/jhan/tron-issue4525-ben/config/models.yaml: 44 models
Generated selected generated plugin manifest: /var/tmp/jhan/tron-issue4525-ben/gen/selected_generated_plugins.txt
[13/247] Recovering selected generated-plugin manifest
[14/247] Generating h/tron/plugins.hpp header
[15/247] Generating model-definitions.i from /var/tmp/jhan/tron-issue4525-ben/config/models.yaml
Loaded registry /var/tmp/jhan/tron-issue4525-ben/config/models.yaml: 44 models
Filtered to 14 model stanzas, 35 base-executor pairs
Generated /var/tmp/jhan/tron-issue4525-ben/gen/src/tron/model-definitions.stamp.tmp.W1SNcw/output
[16/247] Publishing model-definitions.i
[17/247] Checking build version
Building version 2026.09.30-c73e7fb2-dirty
[18/247] Building CXX object _deps/catch2-build/src/CMakeFiles/Catch2.dir/catch2/generators/catch_generator_exception.cpp.o
[19/247] Updating version.cpp
[20/247] Building CXX object _deps/yaml-cpp-build/CMakeFiles/yaml-cpp.dir/src/directives.cpp.o
[21/247] Building CXX object _deps/yaml-cpp-build/CMakeFiles/yaml-cpp.dir/src/null.cpp.o
[22/247] Building CXX object _deps/yaml-cpp-build/CMakeFiles/yaml-cpp.dir/src/binary.cpp.o
[23/247] Building CXX object src/CMakeFiles/version.dir/version.cpp.o
[24/247] Building CXX object _deps/yaml-cpp-build/CMakeFiles/yaml-cpp.dir/src/contrib/graphbuilderadapter.cpp.o
[25/247] Linking CXX shared library src/libversion.so
[26/247] Building CXX object _deps/yaml-cpp-build/CMakeFiles/yaml-cpp.dir/src/exceptions.cpp.o
[27/247] Building CXX object _deps/yaml-cpp-build/CMakeFiles/yaml-cpp.dir/src/depthguard.cpp.o
[28/247] Building CXX object _deps/yaml-cpp-build/CMakeFiles/yaml-cpp.dir/src/node.cpp.o
[29/247] Building CXX object _deps/yaml-cpp-build/CMakeFiles/yaml-cpp.dir/src/stream.cpp.o
[30/247] Building CXX object _deps/yaml-cpp-build/CMakeFiles/yaml-cpp.dir/src/contrib/graphbuilder.cpp.o
[31/247] Building CXX object _deps/yaml-cpp-build/CMakeFiles/yaml-cpp.dir/src/exp.cpp.o
[32/247] Building CXX object _deps/yaml-cpp-build/CMakeFiles/yaml-cpp.dir/src/scantag.cpp.o
[33/247] Building CXX object _deps/catch2-build/src/CMakeFiles/Catch2.dir/catch2/benchmark/catch_chronometer.cpp.o
[34/247] Building CXX object _deps/catch2-build/src/CMakeFiles/Catch2.dir/catch2/benchmark/detail/catch_benchmark_function.cpp.o
[35/247] Building CXX object _deps/catch2-build/src/CMakeFiles/Catch2.dir/catch2/benchmark/detail/catch_analyse.cpp.o
[36/247] Building CXX object _deps/yaml-cpp-build/CMakeFiles/yaml-cpp.dir/src/nodeevents.cpp.o
[37/247] Building CXX object _deps/yaml-cpp-build/CMakeFiles/yaml-cpp.dir/src/memory.cpp.o
[38/247] Building CXX object _deps/yaml-cpp-build/CMakeFiles/yaml-cpp.dir/src/emitterstate.cpp.o
[39/247] Building CXX object _deps/yaml-cpp-build/CMakeFiles/yaml-cpp.dir/src/tag.cpp.o
[40/247] Building CXX object _deps/yaml-cpp-build/CMakeFiles/yaml-cpp.dir/src/parser.cpp.o
[41/247] Building CXX object src/system/CMakeFiles/system.dir/fuse_tronstats_manifest.cpp.o
[42/247] Building CXX object _deps/yaml-cpp-build/CMakeFiles/yaml-cpp.dir/src/emitterutils.cpp.o
[43/247] Building CXX object _deps/yaml-cpp-build/CMakeFiles/yaml-cpp.dir/src/singledocparser.cpp.o
[44/247] Building CXX object _deps/yaml-cpp-build/CMakeFiles/yaml-cpp.dir/src/convert.cpp.o
[45/247] Building CXX object _deps/yaml-cpp-build/CMakeFiles/yaml-cpp.dir/src/nodebuilder.cpp.o
[46/247] Building CXX object _deps/yaml-cpp-build/CMakeFiles/yaml-cpp.dir/src/scanner.cpp.o
[47/247] Building CXX object _deps/yaml-cpp-build/CMakeFiles/yaml-cpp.dir/src/node_data.cpp.o
[48/247] Building CXX object _deps/yaml-cpp-build/CMakeFiles/yaml-cpp.dir/src/ostream_wrapper.cpp.o
[49/247] Building CXX object _deps/yaml-cpp-build/CMakeFiles/yaml-cpp.dir/src/regex_yaml.cpp.o
[50/247] Building CXX object _deps/catch2-build/src/CMakeFiles/Catch2.dir/catch2/benchmark/detail/catch_stats.cpp.o
[51/247] Building CXX object _deps/yaml-cpp-build/CMakeFiles/yaml-cpp.dir/src/simplekey.cpp.o
[52/247] Building CXX object _deps/yaml-cpp-build/CMakeFiles/yaml-cpp.dir/src/emitter.cpp.o
[53/247] Building CXX object _deps/catch2-build/src/CMakeFiles/Catch2.dir/catch2/benchmark/detail/catch_run_for_at_least.cpp.o
[54/247] Building CXX object _deps/yaml-cpp-build/CMakeFiles/yaml-cpp.dir/src/emit.cpp.o
[55/247] Building CXX object src/system/CMakeFiles/system_mwaitx.dir/mwaitx.cpp.o
[56/247] Building CXX object _deps/spdlog-build/CMakeFiles/spdlog.dir/src/file_sinks.cpp.o
[57/247] Building CXX object src/system/CMakeFiles/system.dir/fuse_tronstats_lint.cpp.o
[58/247] Building CXX object _deps/yaml-cpp-build/CMakeFiles/yaml-cpp.dir/src/scantoken.cpp.o
[59/247] Building CXX object _deps/yaml-cpp-build/CMakeFiles/yaml-cpp.dir/src/emitfromevents.cpp.o
[60/247] Building CXX object _deps/spdlog-build/CMakeFiles/spdlog.dir/src/stdout_sinks.cpp.o
[61/247] Building CXX object _deps/yaml-cpp-build/CMakeFiles/yaml-cpp.dir/src/scanscalar.cpp.o
[62/247] Building CXX object src/common/CMakeFiles/common.dir/backtrace.cpp.o
[63/247] Building CXX object _deps/catch2-build/src/CMakeFiles/Catch2.dir/catch2/generators/catch_generators.cpp.o
[64/247] Building CXX object _deps/yaml-cpp-build/CMakeFiles/yaml-cpp.dir/src/parse.cpp.o
[65/247] Linking CXX static library _deps/yaml-cpp-build/libyaml-cpp.a
[66/247] Building CXX object _deps/catch2-build/src/CMakeFiles/Catch2.dir/catch2/generators/catch_generators_random.cpp.o
[67/247] Building CXX object src/common/CMakeFiles/common.dir/hashing.cpp.o
[68/247] Building CXX object src/system/CMakeFiles/system.dir/fuse_stats.cpp.o
[69/247] Building CXX object _deps/spdlog-build/CMakeFiles/spdlog.dir/src/cfg.cpp.o
[70/247] Building CXX object _deps/spdlog-build/CMakeFiles/spdlog.dir/src/bundled_fmtlib_format.cpp.o
[71/247] Building CXX object src/system/CMakeFiles/system.dir/fuse_tronstats.cpp.o
[72/247] Building CXX object src/system/CMakeFiles/system.dir/heap.cpp.o
[73/247] Building CXX object src/pos/CMakeFiles/pos_fake.dir/minfifo.cpp.o
[74/247] Building CXX object src/common/CMakeFiles/common.dir/assert.cpp.o
[75/247] Building CXX object src/system/CMakeFiles/system.dir/metrics.cpp.o
[76/247] Building CXX object src/system/CMakeFiles/system.dir/spdlog.cpp.o
[77/247] Building CXX object src/pos/CMakeFiles/pos_fake.dir/debug.cpp.o
[78/247] Building CXX object _deps/spdlog-build/CMakeFiles/spdlog.dir/src/async.cpp.o
[79/247] Building CXX object _deps/catch2-build/src/CMakeFiles/Catch2.dir/catch2/reporters/catch_reporter_automake.cpp.o
[80/247] Building CXX object _deps/catch2-build/src/CMakeFiles/Catch2.dir/catch2/reporters/catch_reporter_registrars.cpp.o
[81/247] Building CXX object _deps/catch2-build/src/CMakeFiles/Catch2.dir/catch2/reporters/catch_reporter_compact.cpp.o
[82/247] Building CXX object src/system/CMakeFiles/system.dir/fuse_sysfs.cpp.o
[83/247] Building CXX object src/system/CMakeFiles/system.dir/fuse_helpers.cpp.o
[84/247] Building CXX object _deps/spdlog-build/CMakeFiles/spdlog.dir/src/color_sinks.cpp.o
[85/247] Building CXX object _deps/catch2-build/src/CMakeFiles/Catch2.dir/catch2/reporters/catch_reporter_event_listener.cpp.o
[86/247] Building CXX object src/system/CMakeFiles/system.dir/memory.cpp.o
[87/247] Building CXX object src/tron/CMakeFiles/tron.dir/hardware/tls.cpp.o
[88/247] Building CXX object src/tron/CMakeFiles/tron.dir/models/load.cpp.o
[89/247] Building CXX object src/system/CMakeFiles/system.dir/resource_map.cpp.o
[90/247] Building CXX object _deps/catch2-build/src/CMakeFiles/Catch2.dir/catch2/interfaces/catch_interfaces_generatortracker.cpp.o
[91/247] Building CXX object _deps/catch2-build/src/CMakeFiles/Catch2.dir/catch2/interfaces/catch_interfaces_registry_hub.cpp.o
[92/247] Building CXX object src/system/CMakeFiles/system.dir/huge.cpp.o
[93/247] Building CXX object _deps/catch2-build/src/CMakeFiles/Catch2.dir/catch2/reporters/catch_reporter_cumulative_base.cpp.o
[94/247] Building CXX object _deps/catch2-build/src/CMakeFiles/Catch2.dir/catch2/reporters/catch_reporter_multi.cpp.o
[95/247] Building CXX object _deps/catch2-build/src/CMakeFiles/Catch2.dir/catch2/interfaces/catch_interfaces_testcase.cpp.o
[96/247] Building CXX object _deps/catch2-build/src/CMakeFiles/Catch2.dir/catch2/interfaces/catch_interfaces_reporter_factory.cpp.o
[97/247] Building CXX object _deps/catch2-build/src/CMakeFiles/Catch2.dir/catch2/reporters/catch_reporter_streaming_base.cpp.o
[98/247] Building CXX object _deps/catch2-build/src/CMakeFiles/Catch2.dir/catch2/interfaces/catch_interfaces_exception.cpp.o
[99/247] Building CXX object _deps/catch2-build/src/CMakeFiles/Catch2.dir/catch2/reporters/catch_reporter_common_base.cpp.o
[100/247] Building CXX object _deps/catch2-build/src/CMakeFiles/Catch2.dir/catch2/reporters/catch_reporter_sonarqube.cpp.o
[101/247] Building CXX object _deps/catch2-build/src/CMakeFiles/Catch2.dir/catch2/reporters/catch_reporter_junit.cpp.o
[102/247] Building CXX object _deps/catch2-build/src/CMakeFiles/Catch2.dir/catch2/reporters/catch_reporter_json.cpp.o
[103/247] Building CXX object _deps/catch2-build/src/CMakeFiles/Catch2.dir/catch2/reporters/catch_reporter_helpers.cpp.o
[104/247] Building CXX object _deps/catch2-build/src/CMakeFiles/Catch2.dir/catch2/interfaces/catch_interfaces_config.cpp.o
[105/247] Building CXX object _deps/catch2-build/src/CMakeFiles/Catch2.dir/catch2/catch_totals.cpp.o
[106/247] Building CXX object _deps/catch2-build/src/CMakeFiles/Catch2.dir/catch2/catch_tag_alias_autoregistrar.cpp.o
[107/247] Building CXX object _deps/catch2-build/src/CMakeFiles/Catch2.dir/catch2/reporters/catch_reporter_tap.cpp.o
[108/247] Building CXX object _deps/catch2-build/src/CMakeFiles/Catch2.dir/catch2/catch_translate_exception.cpp.o
[109/247] Building CXX object _deps/catch2-build/src/CMakeFiles/Catch2.dir/catch2/reporters/catch_reporter_xml.cpp.o
[110/247] Building CXX object _deps/catch2-build/src/CMakeFiles/Catch2.dir/catch2/catch_assertion_result.cpp.o
[111/247] Building CXX object _deps/catch2-build/src/CMakeFiles/Catch2.dir/catch2/reporters/catch_reporter_console.cpp.o
[112/247] Building CXX object src/tron/CMakeFiles/tron.dir/kernels/amx_attn.cpp.o
[113/247] Building CXX object _deps/catch2-build/src/CMakeFiles/Catch2.dir/catch2/interfaces/catch_interfaces_reporter.cpp.o
[114/247] Building CXX object _deps/catch2-build/src/CMakeFiles/Catch2.dir/catch2/internal/catch_context.cpp.o
[115/247] Building CXX object _deps/catch2-build/src/CMakeFiles/Catch2.dir/catch2/catch_get_random_seed.cpp.o
[116/247] Building CXX object _deps/catch2-build/src/CMakeFiles/Catch2.dir/catch2/interfaces/catch_interfaces_capture.cpp.o
[117/247] Building CXX object _deps/catch2-build/src/CMakeFiles/Catch2.dir/catch2/internal/catch_case_insensitive_comparisons.cpp.o
[118/247] Building CXX object _deps/catch2-build/src/CMakeFiles/Catch2.dir/catch2/internal/catch_errno_guard.cpp.o
[119/247] Building CXX object _deps/catch2-build/src/CMakeFiles/Catch2.dir/catch2/reporters/catch_reporter_teamcity.cpp.o
[120/247] Building CXX object _deps/catch2-build/src/CMakeFiles/Catch2.dir/catch2/catch_timer.cpp.o
[121/247] Building CXX object _deps/catch2-build/src/CMakeFiles/Catch2.dir/catch2/catch_approx.cpp.o
[122/247] Building CXX object _deps/catch2-build/src/CMakeFiles/Catch2.dir/catch2/catch_version.cpp.o
[123/247] Building CXX object src/tron/CMakeFiles/tron.dir/kernels/rope.cpp.o
[124/247] Building CXX object src/tron/CMakeFiles/tron.dir/process_state.cpp.o
[125/247] Building CXX object _deps/catch2-build/src/CMakeFiles/Catch2.dir/catch2/internal/catch_getenv.cpp.o
[126/247] Building CXX object _deps/catch2-build/src/CMakeFiles/Catch2.dir/catch2/catch_test_case_info.cpp.o
[127/247] Building CXX object _deps/catch2-build/src/CMakeFiles/Catch2.dir/catch2/internal/catch_floating_point_helpers.cpp.o
[128/247] Building CXX object _deps/spdlog-build/CMakeFiles/spdlog.dir/src/spdlog.cpp.o
[129/247] Building CXX object _deps/catch2-build/src/CMakeFiles/Catch2.dir/catch2/internal/catch_assertion_handler.cpp.o
[130/247] Building CXX object src/tron/CMakeFiles/tron.dir/models/disk_cache.cpp.o
[131/247] Linking CXX static library _deps/spdlog-build/libspdlog.a
[132/247] Building CXX object _deps/catch2-build/src/CMakeFiles/Catch2.dir/catch2/internal/catch_debug_console.cpp.o
[133/247] Building CXX object _deps/catch2-build/src/CMakeFiles/Catch2.dir/catch2/catch_tostring.cpp.o
[134/247] Linking CXX static library src/common/libcommon.a
[135/247] Building CXX object _deps/catch2-build/src/CMakeFiles/Catch2.dir/catch2/internal/catch_enum_values_registry.cpp.o
[136/247] Building CXX object _deps/catch2-build/src/CMakeFiles/Catch2.dir/catch2/internal/catch_debugger.cpp.o
[137/247] Building CXX object _deps/catch2-build/src/CMakeFiles/Catch2.dir/catch2/internal/catch_random_number_generator.cpp.o
[138/247] Building CXX object _deps/catch2-build/src/CMakeFiles/Catch2.dir/catch2/internal/catch_enforce.cpp.o
[139/247] Building CXX object _deps/catch2-build/src/CMakeFiles/Catch2.dir/catch2/internal/catch_message_info.cpp.o
[140/247] Building CXX object _deps/catch2-build/src/CMakeFiles/Catch2.dir/catch2/internal/catch_leak_detector.cpp.o
[141/247] Building CXX object _deps/catch2-build/src/CMakeFiles/Catch2.dir/catch2/internal/catch_polyfills.cpp.o
[142/247] Building CXX object _deps/catch2-build/src/CMakeFiles/Catch2.dir/catch2/internal/catch_console_colour.cpp.o
[143/247] Building CXX object _deps/catch2-build/src/CMakeFiles/Catch2.dir/catch2/internal/catch_parse_numbers.cpp.o
[144/247] Building CXX object _deps/catch2-build/src/CMakeFiles/Catch2.dir/catch2/catch_test_spec.cpp.o
[145/247] Building CXX object _deps/catch2-build/src/CMakeFiles/Catch2.dir/catch2/internal/catch_decomposer.cpp.o
[146/247] Building CXX object src/pos/CMakeFiles/pos_fake.dir/trace_gate.cpp.o
[147/247] Building CXX object _deps/catch2-build/src/CMakeFiles/Catch2.dir/catch2/catch_registry_hub.cpp.o
[148/247] Building CXX object _deps/catch2-build/src/CMakeFiles/Catch2.dir/catch2/internal/catch_exception_translator_registry.cpp.o
[149/247] Building CXX object _deps/catch2-build/src/CMakeFiles/Catch2.dir/catch2/internal/catch_startup_exception_registry.cpp.o
[150/247] Building CXX object _deps/catch2-build/src/CMakeFiles/Catch2.dir/catch2/catch_message.cpp.o
[151/247] Building CXX object _deps/catch2-build/src/CMakeFiles/Catch2.dir/catch2/catch_session.cpp.o
[152/247] Building CXX object _deps/catch2-build/src/CMakeFiles/Catch2.dir/catch2/internal/catch_singletons.cpp.o
[153/247] Building CXX object _deps/catch2-build/src/CMakeFiles/Catch2.dir/catch2/internal/catch_fatal_condition_handler.cpp.o
[154/247] Building CXX object src/tron/CMakeFiles/tron.dir/hardware/placer.cpp.o
[155/247] Building CXX object src/pos/CMakeFiles/pos_fake.dir/perf.cpp.o
[156/247] Building CXX object _deps/catch2-build/src/CMakeFiles/Catch2.dir/catch2/internal/catch_uncaught_exceptions.cpp.o
[157/247] Building CXX object _deps/catch2-build/src/CMakeFiles/Catch2.dir/catch2/internal/catch_lazy_expr.cpp.o
[158/247] Building CXX object _deps/catch2-build/src/CMakeFiles/Catch2.dir/catch2/internal/catch_test_case_info_hasher.cpp.o
[159/247] Building CXX object _deps/catch2-build/src/CMakeFiles/Catch2.dir/catch2/internal/catch_clara.cpp.o
[160/247] Building CXX object _deps/catch2-build/src/CMakeFiles/Catch2.dir/catch2/internal/catch_source_line_info.cpp.o
[161/247] Building CXX object _deps/catch2-build/src/CMakeFiles/Catch2.dir/catch2/catch_config.cpp.o
[162/247] Building CXX object _deps/catch2-build/src/CMakeFiles/Catch2.dir/catch2/internal/catch_stdstreams.cpp.o
[163/247] Building CXX object _deps/catch2-build/src/CMakeFiles/Catch2.dir/catch2/internal/catch_istream.cpp.o
[164/247] Building CXX object _deps/catch2-build/src/CMakeFiles/Catch2.dir/catch2/internal/catch_jsonwriter.cpp.o
[165/247] Building CXX object _deps/catch2-build/src/CMakeFiles/Catch2.dir/catch2/internal/catch_section.cpp.o
[166/247] Building CXX object _deps/catch2-build/src/CMakeFiles/Catch2.dir/catch2/internal/catch_test_failure_exception.cpp.o
[167/247] Building CXX object _deps/catch2-build/src/CMakeFiles/Catch2.dir/catch2/internal/catch_test_registry.cpp.o
[168/247] Building CXX object _deps/catch2-build/src/CMakeFiles/Catch2.dir/catch2/internal/catch_test_spec_parser.cpp.o
[169/247] Building CXX object _deps/catch2-build/src/CMakeFiles/Catch2.dir/catch2/internal/catch_reporter_spec_parser.cpp.o
[170/247] Building CXX object _deps/catch2-build/src/CMakeFiles/Catch2.dir/catch2/internal/catch_string_manip.cpp.o
[171/247] Building CXX object _deps/catch2-build/src/CMakeFiles/Catch2.dir/catch2/internal/catch_output_redirect.cpp.o
[172/247] Building CXX object _deps/catch2-build/src/CMakeFiles/Catch2.dir/catch2/internal/catch_reusable_string_stream.cpp.o
[173/247] Building CXX object _deps/catch2-build/src/CMakeFiles/Catch2.dir/catch2/internal/catch_tag_alias_registry.cpp.o
[174/247] Building CXX object src/tron/CMakeFiles/tron.dir/hardware/expert_placement_plan.cpp.o
[175/247] Building CXX object src/system/CMakeFiles/system.dir/heap_v2.cpp.o
[176/247] Building CXX object _deps/catch2-build/src/CMakeFiles/Catch2.dir/catch2/internal/catch_random_seed_generation.cpp.o
[177/247] Building CXX object _deps/catch2-build/src/CMakeFiles/Catch2.dir/catch2/internal/catch_reporter_registry.cpp.o
[178/247] Building CXX object _deps/catch2-build/src/CMakeFiles/Catch2.dir/catch2/internal/catch_wildcard_pattern.cpp.o
[179/247] Building CXX object _deps/catch2-build/src/CMakeFiles/Catch2.dir/catch2/internal/catch_run_context.cpp.o
[180/247] Building CXX object _deps/catch2-build/src/CMakeFiles/Catch2.dir/catch2/internal/catch_textflow.cpp.o
[181/247] Building CXX object _deps/catch2-build/src/CMakeFiles/Catch2.dir/catch2/internal/catch_xmlwriter.cpp.o
[182/247] Building CXX object _deps/catch2-build/src/CMakeFiles/Catch2.dir/catch2/internal/catch_stringref.cpp.o
[183/247] Building CXX object _deps/catch2-build/src/CMakeFiles/Catch2.dir/catch2/matchers/catch_matchers_container_properties.cpp.o
[184/247] Building CXX object src/tron/CMakeFiles/tron.dir/models/expert_matmul_schedule.cpp.o
[185/247] Building CXX object _deps/catch2-build/src/CMakeFiles/Catch2.dir/catch2/matchers/catch_matchers_predicate.cpp.o
[186/247] Building CXX object _deps/catch2-build/src/CMakeFiles/Catch2.dir/catch2/internal/catch_list.cpp.o
[187/247] Building CXX object _deps/catch2-build/src/CMakeFiles/Catch2.dir/catch2/internal/catch_test_case_registry_impl.cpp.o
[188/247] Building CXX object _deps/catch2-build/src/CMakeFiles/Catch2.dir/catch2/matchers/catch_matchers_quantifiers.cpp.o
[189/247] Building CXX object _deps/catch2-build/src/CMakeFiles/Catch2.dir/catch2/internal/catch_commandline.cpp.o
[190/247] Building CXX object src/tron/CMakeFiles/tron.dir/models/hw_attn_config.cpp.o
[191/247] Building CXX object _deps/catch2-build/src/CMakeFiles/Catch2.dir/catch2/matchers/internal/catch_matchers_impl.cpp.o
[192/247] Building CXX object src/tron/CMakeFiles/tron.dir/threading.cpp.o
[193/247] Building CXX object _deps/catch2-build/src/CMakeFiles/Catch2.dir/catch2/matchers/catch_matchers_templated.cpp.o
[194/247] Building CXX object _deps/catch2-build/src/CMakeFiles/Catch2.dir/catch2/internal/catch_test_case_tracker.cpp.o
[195/247] Building CXX object src/pos/CMakeFiles/pos_fake.dir/fake.cpp.o
[196/247] Building CXX object _deps/catch2-build/src/CMakeFiles/Catch2.dir/catch2/matchers/catch_matchers.cpp.o
[197/247] Building CXX object src/pos/CMakeFiles/pos_fake.dir/alloc.cpp.o
[198/247] Building CXX object _deps/catch2-build/src/CMakeFiles/Catch2.dir/catch2/matchers/catch_matchers_exception.cpp.o
[199/247] Building CXX object _deps/catch2-build/src/CMakeFiles/Catch2WithMain.dir/catch2/internal/catch_main.cpp.o
[200/247] Building CXX object src/tron/CMakeFiles/tron.dir/generation/context.cpp.o
[201/247] Building CXX object src/pos/CMakeFiles/pos_fake.dir/dma_tracker.cpp.o
[202/247] Building CXX object _deps/catch2-build/src/CMakeFiles/Catch2.dir/catch2/matchers/catch_matchers_floating_point.cpp.o
[203/247] Building CXX object t/CMakeFiles/testlog_objects.dir/testlog.cpp.o
[204/247] Building CXX object src/tron/CMakeFiles/tron.dir/generation/token_stream_monitor.cpp.o
[205/247] Building CXX object src/system/CMakeFiles/system.dir/system.cpp.o
[206/247] Building CXX object t/CMakeFiles/testfake_objects.dir/fake.cpp.o
[207/247] Building CXX object _deps/catch2-build/src/CMakeFiles/Catch2.dir/catch2/matchers/catch_matchers_string.cpp.o
[208/247] Linking CXX static library _deps/catch2-build/src/libCatch2.a
[209/247] Building CXX object src/tron/CMakeFiles/tron.dir/models/ranged_mask.cpp.o
[210/247] Linking CXX static library _deps/catch2-build/src/libCatch2Main.a
[211/247] Building CXX object src/pos/CMakeFiles/pos_fake.dir/hwperf.cpp.o
[212/247] Building CXX object src/tron/CMakeFiles/tron.dir/models/cache.cpp.o
[213/247] Building CXX object src/tron/CMakeFiles/tron.dir/files/safetensors.cpp.o
[214/247] Building CXX object src/tron/CMakeFiles/tron.dir/generation/stats.cpp.o
[215/247] Building CXX object src/tron/CMakeFiles/tron.dir/gof.cpp.o
[216/247] Building CXX object src/tron/CMakeFiles/tron.dir/scheduler/token_tree.cpp.o
[217/247] Building CXX object t/CMakeFiles/t_amx_numerics.dir/t_amx_numerics.cpp.o
[218/247] Building CXX object src/tron/CMakeFiles/fake_scheduler.dir/generation/speculate.cpp.o
[219/247] Building CXX object src/tron/CMakeFiles/fake_scheduler.dir/scheduler/token_cache_control.cpp.o
[220/247] Building CXX object src/tron/CMakeFiles/fake_scheduler.dir/scheduler/token_cache.cpp.o
[221/247] Building CXX object src/tron/CMakeFiles/fake_scheduler.dir/scheduler/full.cpp.o
[222/247] Building CXX object src/tron/CMakeFiles/fake_scheduler.dir/generation.cpp.o
[223/247] Building CXX object src/tron/CMakeFiles/tron_model_mock_objects.dir/src/tron/model_mock.cpp.o
[224/247] Building CXX object t/CMakeFiles/t_amx_dispatch_dtype.dir/t_amx_dispatch_dtype.cpp.o
[225/247] Building CXX object src/tron/CMakeFiles/tron_model_llama_68m_objects.dir/src/tron/model_llama_68m.cpp.o
[226/247] Building CXX object t/CMakeFiles/t_heterogeneous_scheduler.dir/heterogeneous_scheduler_compile.cpp.o
[227/247] Building CXX object src/tron/CMakeFiles/fake_scheduler.dir/scheduler/legacy_dispatch.cpp.o
[228/247] Building CXX object CMakeFiles/perfetto.dir/_deps/perfetto-src/perfetto.cc.o
[229/247] Linking CXX static library libperfetto.a
[230/247] Linking CXX static library src/system/libsystem.a
[231/247] Linking CXX static library src/pos/libpos_fake.a
[232/247] Linking CXX static library src/tron/libtron.a
[233/247] Linking CXX executable t_amx_numerics
[234/247] Linking CXX executable t_amx_dispatch_dtype
[235/247] Building CXX object t/CMakeFiles/t_llama_unit.dir/t_llama_unit.cpp.o
[236/247] Linking CXX executable t_llama_unit
[237/247] Building CXX object src/tron/CMakeFiles/tron_model_llama_3p2_1b_objects.dir/src/tron/model_llama_3p2_1b.cpp.o
[238/247] Building CXX object src/tron/CMakeFiles/tron_model_qwen_2p5_32b_objects.dir/src/tron/model_qwen_2p5_32b.cpp.o
[239/247] Building CXX object src/tron/CMakeFiles/tron_model_llama_3_8b_objects.dir/src/tron/model_llama_3_8b.cpp.o
[240/247] Building CXX object src/tron/CMakeFiles/tron_model_mixtral_8x7b_objects.dir/src/tron/model_mixtral_8x7b.cpp.o
[241/247] Building CXX object src/tron/CMakeFiles/tron_model_llama_3p1_70b_objects.dir/src/tron/model_llama_3p1_70b.cpp.o
[242/247] Building CXX object src/tron/CMakeFiles/tron_model_gemma_2_9b_objects.dir/src/tron/model_gemma_2_9b.cpp.o
[243/247] Building CXX object src/tron/CMakeFiles/tron_model_llama_3p2_3b_objects.dir/src/tron/model_llama_3p2_3b.cpp.o
[244/247] Building CXX object src/tron/CMakeFiles/tron_model_llama_3p1_8b_objects.dir/src/tron/model_llama_3p1_8b.cpp.o
[245/247] Linking CXX shared library src/tron/libfake_scheduler.so
[246/247] Linking CXX executable t_heterogeneous_scheduler
== build rc=0 2026-09-30T19:59:57Z
BUILD-STAGE-DONE
== tests start 2026-09-30T19:59:57Z
== run t_llama_unit (gen/t_llama_unit) 2026-09-30T19:59:57Z
== t_llama_unit rc=0 2026-09-30T20:00:24Z
All tests passed (252720 assertions in 44 test cases)

[2026-09-30 20:00:24.849] [info] Worker speeds: [0.06666667, 0.06666667, 0.06666667, 0.06666667, 0.06666667, 0.06666667, 0.06666667, 0.06666667, 0.06666667, 0.06666667, 0.06666667, 0.06666667, 0.06666667, 0.06666667, 0.06666667]
== run t_amx_numerics (gen/t_amx_numerics) 2026-09-30T20:00:24Z
== t_amx_numerics rc=0 2026-09-30T20:00:38Z
===============================================================================
All tests passed (12301 assertions in 4 test cases)

== run t_amx_dispatch_dtype (gen/t_amx_dispatch_dtype) 2026-09-30T20:00:38Z
== t_amx_dispatch_dtype rc=0 2026-09-30T20:00:51Z
All tests passed (1559 assertions in 1 test case)

[2026-09-30 20:00:51.707] [info] Worker speeds: [0.06666667, 0.06666667, 0.06666667, 0.06666667, 0.06666667, 0.06666667, 0.06666667, 0.06666667, 0.06666667, 0.06666667, 0.06666667, 0.06666667, 0.06666667, 0.06666667, 0.06666667]
== run t_heterogeneous_scheduler (gen/t_heterogeneous_scheduler) 2026-09-30T20:00:51Z
== t_heterogeneous_scheduler rc=0 2026-09-30T20:01:05Z
All tests passed (1900 assertions in 2 test cases)

[2026-09-30 20:01:05.229] [info] Worker speeds: [0.06896552, 0.06896552, 0.06896552, 0.06896552, 0.06896552, 0.06896552, 0.06896552, 0.06896552, 0.06896552, 0.06896552, 0.06896552, 0.06896552, 0.06896552, 0.06896552, 0.03448276]
== run t_llama_unit case: packed V rows keep their bits through set_v\, get_v and expression reads 2026-09-30T20:01:05Z
== case rc=0 2026-09-30T20:01:18Z
===============================================================================
All tests passed (28947 assertions in 1 test case)

== run t_llama_unit case: Sliding KV chunks reserve and restore transactionally 2026-09-30T20:01:18Z
== case rc=0 2026-09-30T20:01:31Z
===============================================================================
All tests passed (53593 assertions in 1 test case)

TEST-STAGE-DONE
== amxoff configure start 2026-09-30T20:02:03Z
warning: ignoring untrusted substituter 'https://tron.cachix.org', you are not a trusted user.
Run `man nix.conf` for more information on the `substituters` configuration option.
warning: ignoring untrusted substituter 'https://cache.iog.io', you are not a trusted user.
Run `man nix.conf` for more information on the `substituters` configuration option.
warning: ignoring the client-specified setting 'trusted-public-keys', because it is a restricted setting and you are not a trusted user
warning: ignoring untrusted substituter 'https://tron.cachix.org', you are not a trusted user.
Run `man nix.conf` for more information on the `substituters` configuration option.
warning: ignoring untrusted substituter 'https://cache.iog.io', you are not a trusted user.
Run `man nix.conf` for more information on the `substituters` configuration option.
warning: ignoring the client-specified setting 'trusted-public-keys', because it is a restricted setting and you are not a trusted user
warning: ignoring untrusted substituter 'https://tron.cachix.org', you are not a trusted user.
Run `man nix.conf` for more information on the `substituters` configuration option.
warning: ignoring untrusted substituter 'https://cache.iog.io', you are not a trusted user.
Run `man nix.conf` for more information on the `substituters` configuration option.
warning: ignoring the client-specified setting 'trusted-public-keys', because it is a restricted setting and you are not a trusted user
warning: ignoring untrusted substituter 'https://tron.cachix.org', you are not a trusted user.
Run `man nix.conf` for more information on the `substituters` configuration option.
warning: ignoring untrusted substituter 'https://cache.iog.io', you are not a trusted user.
Run `man nix.conf` for more information on the `substituters` configuration option.
warning: ignoring the client-specified setting 'trusted-public-keys', because it is a restricted setting and you are not a trusted user
=== TRON + Ingest unified development environment loaded ===
    (CPU-only - use 'nix develop .#cuda' for CUDA support)

C++ toolchain (LLVM 19):
  Compiler: clang version 19.1.7
  clangd: clangd version 19.1.7
  TBB: /nix/store/h750dcjgraps0d8rb633xxf157i1vndc-onetbb-2022.3.0
  libunwind: /nix/store/42h1ygw13wn3czbmb5j1pnf0pbgs1fqz-libunwind-19.1.7

Rust toolchain:
  rustc: rustc 1.92.0 (ded5c06cf 2025-12-08)

Python environment:
  Python: Python 3.12.12
  Available: torch (CPU), transformers, accelerate, safetensors, ruff

Haskell toolchain:
  GHC: The Glorious Glasgow Haskell Compilation System, version 9.12.2
  Cabal: cabal-install version 3.16.0.0 
  HLS: available

Build commands:
  Tron (C++): make build, make test
  Ingest (Haskell): cd ingest && cabal build

-- The CXX compiler identification is Clang 19.1.7
-- Detecting CXX compiler ABI info
-- Detecting CXX compiler ABI info - done
-- Check for working CXX compiler: /nix/store/nzk8s2vc3k10mp4xcimvhq7r6w6kiwjv-clang19-wrappers/bin/clang++-19 - skipped
-- Detecting CXX compile features
-- Detecting CXX compile features - done
-- Found libunwind: /nix/store/42h1ygw13wn3czbmb5j1pnf0pbgs1fqz-libunwind-19.1.7/lib/libunwind.so
-- Found OpenSSL: /nix/store/61i74yjkj9p1qphfl7018ja4sdwkipx0-openssl-3.6.0/lib/libcrypto.so (found version "3.6.0")
-- Performing Test CMAKE_HAVE_LIBC_PTHREAD
-- Performing Test CMAKE_HAVE_LIBC_PTHREAD - Success
-- Found Threads: TRUE
-- Found PkgConfig: /nix/store/8vdiwpbh0g4avsd6x5v4s0di32vcl3dp-pkg-config-wrapper-0.29.2/bin/pkg-config (found version "0.29.2")
-- Checking for module 'jemalloc'
--   Found jemalloc, version 5.3.0_0
-- Build spdlog: 1.17.0
-- Build type: RelWithDebInfo
-- Looking for fwrite_unlocked
-- Looking for fwrite_unlocked - found
-- Using the multi-header code from /var/tmp/jhan/tron-issue4525-ben/gen-amxoff/_deps/json-src/include/
-- The C compiler identification is Clang 19.1.7
-- Detecting C compiler ABI info
-- Detecting C compiler ABI info - done
-- Check for working C compiler: /nix/store/nzk8s2vc3k10mp4xcimvhq7r6w6kiwjv-clang19-wrappers/bin/clang-19 - skipped
-- Detecting C compile features
-- Detecting C compile features - done
-- compiler: Clang
-- Performing Test COMPILER_HAS_HIDDEN_VISIBILITY
-- Performing Test COMPILER_HAS_HIDDEN_VISIBILITY - Success
-- Performing Test COMPILER_HAS_HIDDEN_INLINE_VISIBILITY
-- Performing Test COMPILER_HAS_HIDDEN_INLINE_VISIBILITY - Success
-- Performing Test COMPILER_HAS_DEPRECATED_ATTR
-- Performing Test COMPILER_HAS_DEPRECATED_ATTR - Success
-- Looking for C++ include any
-- Looking for C++ include any - found
-- Looking for C++ include string_view
-- Looking for C++ include string_view - found
-- Looking for C++ include coroutine
-- Looking for C++ include coroutine - found
CMake Deprecation Warning at gen-amxoff/_deps/drogon-src/trantor/CMakeLists.txt:1 (cmake_minimum_required):
  Compatibility with CMake < 3.10 will be removed from a future version of
  CMake.

  Update the VERSION argument <min> value.  Or, use the <min>...<max> syntax
  to tell CMake that the project requires at least <min> but has been updated
  to work with policies introduced by <max> or earlier.


-- Trantor using SSL library: OpenSSL
-- Could NOT find c-ares (missing: C-ARES_INCLUDE_DIRS C-ARES_LIBRARIES) 
-- Could NOT find Doxygen (missing: DOXYGEN_EXECUTABLE) 
-- Looking for C++ include filesystem
-- Looking for C++ include filesystem - found
-- Performing Test CXX_FILESYSTEM_NO_LINK_NEEDED
-- Performing Test CXX_FILESYSTEM_NO_LINK_NEEDED - Success
-- Found std::filesystem
-- use c++20
-- Found Jsoncpp: /nix/store/d8zw3hk6w98vcy7mma5l7s0b7xdihicj-jsoncpp-1.9.6-dev/include
-- jsoncpp version:1.9.6
-- yaml-cpp not used
-- Found UUID: /nix/store/mzl19fy0j4fl395z3pbkwxcmkxi1733v-util-linux-minimal-2.41.2-lib/lib/libuuid.so
-- Found Brotli: /nix/store/v8czfabwiry1aik0j3b4mqkqvn7vnxfi-brotli-1.1.0-lib/lib/libbrotlidec.so
-- Brotli found
-- Could NOT find PostgreSQL (missing: PostgreSQL_LIBRARY PostgreSQL_INCLUDE_DIR) 
-- Could NOT find pg (missing: PG_LIBRARIES PG_INCLUDE_DIRS) 
-- MySql was not found.
-- sqlite3 was not found.
-- Could NOT find Hiredis (missing: HIREDIS_LIBRARY HIREDIS_INCLUDE_DIR) 
-- Found ZLIB: /nix/store/l7xwm1f6f3zj2x8jwdbi8gdyfbx07sh7-zlib-1.3.1/lib/libz.so (found version "1.3.1")
-- Could NOT find Doxygen (missing: DOXYGEN_EXECUTABLE) 
CMake Deprecation Warning at gen-amxoff/_deps/yaml-cpp-src/CMakeLists.txt:2 (cmake_minimum_required):
  Compatibility with CMake < 3.10 will be removed from a future version of
  CMake.

  Update the VERSION argument <min> value.  Or, use the <min>...<max> syntax
  to tell CMake that the project requires at least <min> but has been updated
  to work with policies introduced by <max> or earlier.


-- Using tokenizers version from Cargo.toml: 0.21.1
-- Checking Rust version and setting up if needed...
-- Using compatible Nix Rust from PATH. Created empty rustenv at /var/tmp/jhan/tron-issue4525-ben/rust/rustenv

-- Distributing 35 selected plugin instantiations across 35 compilation units
-- FUSE stats feature: ENABLED
-- Performing Test HAVE_FLAG__ffile_prefix_map__var_tmp_jhan_tron_issue4525_ben_gen_amxoff__deps_catch2_src__
-- Performing Test HAVE_FLAG__ffile_prefix_map__var_tmp_jhan_tron_issue4525_ben_gen_amxoff__deps_catch2_src__ - Success
-- Configuring done (8.5s)
-- Generating done (0.3s)
-- Build files have been written to: /var/tmp/jhan/tron-issue4525-ben/gen-amxoff
== amxoff configure rc=0 2026-09-30T20:02:25Z
AVX512:BOOL=ON
TRON_AMX_DISPATCH:BOOL=OFF
CMAKE_HOME_DIRECTORY:INTERNAL=/var/tmp/jhan/tron-issue4525-ben
== amxoff build start 2026-09-30T20:02:25Z
warning: ignoring untrusted substituter 'https://tron.cachix.org', you are not a trusted user.
Run `man nix.conf` for more information on the `substituters` configuration option.
warning: ignoring untrusted substituter 'https://cache.iog.io', you are not a trusted user.
Run `man nix.conf` for more information on the `substituters` configuration option.
warning: ignoring the client-specified setting 'trusted-public-keys', because it is a restricted setting and you are not a trusted user
warning: ignoring untrusted substituter 'https://tron.cachix.org', you are not a trusted user.
Run `man nix.conf` for more information on the `substituters` configuration option.
warning: ignoring untrusted substituter 'https://cache.iog.io', you are not a trusted user.
Run `man nix.conf` for more information on the `substituters` configuration option.
warning: ignoring the client-specified setting 'trusted-public-keys', because it is a restricted setting and you are not a trusted user
warning: ignoring untrusted substituter 'https://tron.cachix.org', you are not a trusted user.
Run `man nix.conf` for more information on the `substituters` configuration option.
warning: ignoring untrusted substituter 'https://cache.iog.io', you are not a trusted user.
Run `man nix.conf` for more information on the `substituters` configuration option.
warning: ignoring the client-specified setting 'trusted-public-keys', because it is a restricted setting and you are not a trusted user
warning: ignoring untrusted substituter 'https://tron.cachix.org', you are not a trusted user.
Run `man nix.conf` for more information on the `substituters` configuration option.
warning: ignoring untrusted substituter 'https://cache.iog.io', you are not a trusted user.
Run `man nix.conf` for more information on the `substituters` configuration option.
warning: ignoring the client-specified setting 'trusted-public-keys', because it is a restricted setting and you are not a trusted user
=== TRON + Ingest unified development environment loaded ===
    (CPU-only - use 'nix develop .#cuda' for CUDA support)

C++ toolchain (LLVM 19):
  Compiler: clang version 19.1.7
  clangd: clangd version 19.1.7
  TBB: /nix/store/h750dcjgraps0d8rb633xxf157i1vndc-onetbb-2022.3.0
  libunwind: /nix/store/42h1ygw13wn3czbmb5j1pnf0pbgs1fqz-libunwind-19.1.7

Rust toolchain:
  rustc: rustc 1.92.0 (ded5c06cf 2025-12-08)

Python environment:
  Python: Python 3.12.12
  Available: torch (CPU), transformers, accelerate, safetensors, ruff

Haskell toolchain:
  GHC: The Glorious Glasgow Haskell Compilation System, version 9.12.2
  Cabal: cabal-install version 3.16.0.0 
  HLS: available

Build commands:
  Tron (C++): make build, make test
  Ingest (Haskell): cd ingest && cabal build

[0/2] Re-checking globbed directories...
[1/246] Creating directories for 'libfuse3_external'
[2/246] Recovering active model selection state
[3/246] Checking hand-written plugin set
[4/246] Generating model-definitions.i from /var/tmp/jhan/tron-issue4525-ben/config/models.yaml
Loaded registry /var/tmp/jhan/tron-issue4525-ben/config/models.yaml: 44 models
Filtered to 14 model stanzas, 35 base-executor pairs
Generated /var/tmp/jhan/tron-issue4525-ben/gen-amxoff/src/tron/model-definitions.stamp.tmp.IDZGhn/output
[5/246] Publishing model-definitions.i
[6/246] Updating selected generated-plugin manifest
Loaded registry /var/tmp/jhan/tron-issue4525-ben/config/models.yaml: 44 models
Generated selected generated plugin manifest: /var/tmp/jhan/tron-issue4525-ben/gen-amxoff/selected_generated_plugins.txt
[7/246] Recovering selected generated-plugin manifest
[8/246] Checking build version
Building version 2026.09.30-c73e7fb2-dirty
[9/246] Generating h/tron/plugins.hpp header
[10/246] Updating version.cpp
[11/246] Building CXX object src/CMakeFiles/version.dir/version.cpp.o
[12/246] Building CXX object _deps/catch2-build/src/CMakeFiles/Catch2.dir/catch2/generators/catch_generator_exception.cpp.o
[13/246] Building CXX object _deps/yaml-cpp-build/CMakeFiles/yaml-cpp.dir/src/null.cpp.o
[14/246] Building CXX object _deps/yaml-cpp-build/CMakeFiles/yaml-cpp.dir/src/directives.cpp.o
[15/246] Building CXX object _deps/yaml-cpp-build/CMakeFiles/yaml-cpp.dir/src/binary.cpp.o
[16/246] Linking CXX shared library src/libversion.so
[17/246] Building CXX object _deps/yaml-cpp-build/CMakeFiles/yaml-cpp.dir/src/contrib/graphbuilderadapter.cpp.o
[18/246] Performing download step (download, verify and extract) for 'libfuse3_external'
-- Downloading...
   dst='/var/tmp/jhan/tron-issue4525-ben/gen-amxoff/libfuse3_external-prefix/src/fuse-3.17.4.zip'
   timeout='none'
   inactivity timeout='none'
-- Using src='https://github.com/libfuse/libfuse/archive/refs/tags/fuse-3.17.4.zip'
-- verifying file...
       file='/var/tmp/jhan/tron-issue4525-ben/gen-amxoff/libfuse3_external-prefix/src/fuse-3.17.4.zip'
-- Downloading... done
-- extracting...
     src='/var/tmp/jhan/tron-issue4525-ben/gen-amxoff/libfuse3_external-prefix/src/fuse-3.17.4.zip'
     dst='/var/tmp/jhan/tron-issue4525-ben/gen-amxoff/libfuse3_external-prefix/src/libfuse3_external'
-- extracting... [tar xf]
-- extracting... [analysis]
-- extracting... [rename]
-- extracting... [clean up]
-- extracting... done
[19/246] No update step for 'libfuse3_external'
[20/246] Performing create_header_symlink step for 'libfuse3_external'
[21/246] No patch step for 'libfuse3_external'
[22/246] Building CXX object _deps/yaml-cpp-build/CMakeFiles/yaml-cpp.dir/src/node.cpp.o
[23/246] Building CXX object _deps/yaml-cpp-build/CMakeFiles/yaml-cpp.dir/src/depthguard.cpp.o
[24/246] Building CXX object _deps/yaml-cpp-build/CMakeFiles/yaml-cpp.dir/src/contrib/graphbuilder.cpp.o
[25/246] Building CXX object _deps/yaml-cpp-build/CMakeFiles/yaml-cpp.dir/src/ostream_wrapper.cpp.o
[26/246] Building CXX object _deps/yaml-cpp-build/CMakeFiles/yaml-cpp.dir/src/tag.cpp.o
[27/246] Building CXX object _deps/catch2-build/src/CMakeFiles/Catch2.dir/catch2/benchmark/catch_chronometer.cpp.o
[28/246] Building CXX object _deps/catch2-build/src/CMakeFiles/Catch2.dir/catch2/benchmark/detail/catch_analyse.cpp.o
[29/246] Building CXX object _deps/catch2-build/src/CMakeFiles/Catch2.dir/catch2/benchmark/detail/catch_run_for_at_least.cpp.o
[30/246] Building CXX object _deps/yaml-cpp-build/CMakeFiles/yaml-cpp.dir/src/exceptions.cpp.o
[31/246] Building CXX object _deps/yaml-cpp-build/CMakeFiles/yaml-cpp.dir/src/nodeevents.cpp.o
[32/246] Building CXX object _deps/yaml-cpp-build/CMakeFiles/yaml-cpp.dir/src/nodebuilder.cpp.o
[33/246] Building CXX object _deps/yaml-cpp-build/CMakeFiles/yaml-cpp.dir/src/emitfromevents.cpp.o
[34/246] Building CXX object _deps/yaml-cpp-build/CMakeFiles/yaml-cpp.dir/src/parser.cpp.o
[35/246] Building CXX object _deps/yaml-cpp-build/CMakeFiles/yaml-cpp.dir/src/parse.cpp.o
[36/246] Building CXX object _deps/yaml-cpp-build/CMakeFiles/yaml-cpp.dir/src/scantag.cpp.o
[37/246] Building CXX object _deps/yaml-cpp-build/CMakeFiles/yaml-cpp.dir/src/node_data.cpp.o
[38/246] Building CXX object _deps/yaml-cpp-build/CMakeFiles/yaml-cpp.dir/src/singledocparser.cpp.o
[39/246] Building CXX object _deps/yaml-cpp-build/CMakeFiles/yaml-cpp.dir/src/convert.cpp.o
[40/246] Building CXX object _deps/yaml-cpp-build/CMakeFiles/yaml-cpp.dir/src/stream.cpp.o
[41/246] Building CXX object _deps/catch2-build/src/CMakeFiles/Catch2.dir/catch2/generators/catch_generators.cpp.o
[42/246] Building CXX object _deps/yaml-cpp-build/CMakeFiles/yaml-cpp.dir/src/scantoken.cpp.o
[43/246] Building CXX object _deps/yaml-cpp-build/CMakeFiles/yaml-cpp.dir/src/emitterutils.cpp.o
[44/246] Building CXX object _deps/catch2-build/src/CMakeFiles/Catch2.dir/catch2/benchmark/detail/catch_stats.cpp.o
[45/246] Building CXX object _deps/yaml-cpp-build/CMakeFiles/yaml-cpp.dir/src/regex_yaml.cpp.o
[46/246] Building CXX object _deps/spdlog-build/CMakeFiles/spdlog.dir/src/cfg.cpp.o
[47/246] Building CXX object _deps/catch2-build/src/CMakeFiles/Catch2.dir/catch2/generators/catch_generators_random.cpp.o
[48/246] Building CXX object _deps/catch2-build/src/CMakeFiles/Catch2.dir/catch2/reporters/catch_reporter_registrars.cpp.o
[49/246] Building CXX object _deps/yaml-cpp-build/CMakeFiles/yaml-cpp.dir/src/exp.cpp.o
[50/246] Building CXX object _deps/catch2-build/src/CMakeFiles/Catch2.dir/catch2/reporters/catch_reporter_common_base.cpp.o
[51/246] Building CXX object _deps/spdlog-build/CMakeFiles/spdlog.dir/src/file_sinks.cpp.o
[52/246] Building CXX object _deps/catch2-build/src/CMakeFiles/Catch2.dir/catch2/benchmark/detail/catch_benchmark_function.cpp.o
[53/246] Building CXX object _deps/catch2-build/src/CMakeFiles/Catch2.dir/catch2/interfaces/catch_interfaces_testcase.cpp.o
[54/246] Building CXX object _deps/spdlog-build/CMakeFiles/spdlog.dir/src/async.cpp.o
[55/246] Building CXX object _deps/yaml-cpp-build/CMakeFiles/yaml-cpp.dir/src/memory.cpp.o
[56/246] Building CXX object src/common/CMakeFiles/common.dir/assert.cpp.o
[57/246] Building CXX object _deps/yaml-cpp-build/CMakeFiles/yaml-cpp.dir/src/simplekey.cpp.o
[58/246] Building CXX object _deps/catch2-build/src/CMakeFiles/Catch2.dir/catch2/interfaces/catch_interfaces_exception.cpp.o
[59/246] Building CXX object _deps/yaml-cpp-build/CMakeFiles/yaml-cpp.dir/src/scanscalar.cpp.o
[60/246] Building CXX object _deps/catch2-build/src/CMakeFiles/Catch2.dir/catch2/interfaces/catch_interfaces_reporter_factory.cpp.o
[61/246] Building CXX object src/common/CMakeFiles/common.dir/backtrace.cpp.o
[62/246] Building CXX object _deps/yaml-cpp-build/CMakeFiles/yaml-cpp.dir/src/emit.cpp.o
[63/246] Building CXX object _deps/yaml-cpp-build/CMakeFiles/yaml-cpp.dir/src/emitterstate.cpp.o
[64/246] Building CXX object _deps/catch2-build/src/CMakeFiles/Catch2.dir/catch2/interfaces/catch_interfaces_registry_hub.cpp.o
[65/246] Building CXX object _deps/spdlog-build/CMakeFiles/spdlog.dir/src/stdout_sinks.cpp.o
[66/246] Building CXX object _deps/catch2-build/src/CMakeFiles/Catch2.dir/catch2/catch_totals.cpp.o
[67/246] Building CXX object _deps/catch2-build/src/CMakeFiles/Catch2.dir/catch2/reporters/catch_reporter_event_listener.cpp.o
[68/246] Building CXX object _deps/catch2-build/src/CMakeFiles/Catch2.dir/catch2/interfaces/catch_interfaces_generatortracker.cpp.o
[69/246] Building CXX object _deps/catch2-build/src/CMakeFiles/Catch2.dir/catch2/reporters/catch_reporter_compact.cpp.o
[70/246] Building CXX object _deps/catch2-build/src/CMakeFiles/Catch2.dir/catch2/internal/catch_context.cpp.o
[71/246] Building CXX object _deps/yaml-cpp-build/CMakeFiles/yaml-cpp.dir/src/emitter.cpp.o
[72/246] Building CXX object _deps/yaml-cpp-build/CMakeFiles/yaml-cpp.dir/src/scanner.cpp.o
[73/246] Building CXX object _deps/spdlog-build/CMakeFiles/spdlog.dir/src/color_sinks.cpp.o
[74/246] Building CXX object _deps/catch2-build/src/CMakeFiles/Catch2.dir/catch2/catch_tag_alias_autoregistrar.cpp.o
[75/246] Building CXX object _deps/catch2-build/src/CMakeFiles/Catch2.dir/catch2/reporters/catch_reporter_automake.cpp.o
[76/246] Linking CXX static library _deps/yaml-cpp-build/libyaml-cpp.a
[77/246] Building CXX object _deps/catch2-build/src/CMakeFiles/Catch2.dir/catch2/internal/catch_errno_guard.cpp.o
[78/246] Building CXX object _deps/catch2-build/src/CMakeFiles/Catch2.dir/catch2/catch_translate_exception.cpp.o
[79/246] Building CXX object _deps/catch2-build/src/CMakeFiles/Catch2.dir/catch2/reporters/catch_reporter_streaming_base.cpp.o
[80/246] Building CXX object _deps/catch2-build/src/CMakeFiles/Catch2.dir/catch2/internal/catch_getenv.cpp.o
[81/246] Building CXX object _deps/catch2-build/src/CMakeFiles/Catch2.dir/catch2/reporters/catch_reporter_cumulative_base.cpp.o
[82/246] Building CXX object _deps/catch2-build/src/CMakeFiles/Catch2.dir/catch2/reporters/catch_reporter_console.cpp.o
[83/246] Building CXX object _deps/catch2-build/src/CMakeFiles/Catch2.dir/catch2/interfaces/catch_interfaces_config.cpp.o
[84/246] Building CXX object _deps/catch2-build/src/CMakeFiles/Catch2.dir/catch2/internal/catch_case_insensitive_comparisons.cpp.o
[85/246] Building CXX object _deps/catch2-build/src/CMakeFiles/Catch2.dir/catch2/reporters/catch_reporter_tap.cpp.o
[86/246] Building CXX object _deps/catch2-build/src/CMakeFiles/Catch2.dir/catch2/reporters/catch_reporter_helpers.cpp.o
[87/246] Building CXX object _deps/catch2-build/src/CMakeFiles/Catch2.dir/catch2/catch_assertion_result.cpp.o
[88/246] Building CXX object _deps/catch2-build/src/CMakeFiles/Catch2.dir/catch2/reporters/catch_reporter_sonarqube.cpp.o
[89/246] Building CXX object _deps/catch2-build/src/CMakeFiles/Catch2.dir/catch2/reporters/catch_reporter_teamcity.cpp.o
[90/246] Building CXX object _deps/catch2-build/src/CMakeFiles/Catch2.dir/catch2/internal/catch_floating_point_helpers.cpp.o
[91/246] Building CXX object _deps/catch2-build/src/CMakeFiles/Catch2.dir/catch2/internal/catch_random_number_generator.cpp.o
[92/246] Building CXX object _deps/catch2-build/src/CMakeFiles/Catch2.dir/catch2/interfaces/catch_interfaces_capture.cpp.o
[93/246] Building CXX object _deps/catch2-build/src/CMakeFiles/Catch2.dir/catch2/reporters/catch_reporter_xml.cpp.o
[94/246] Building CXX object _deps/catch2-build/src/CMakeFiles/Catch2.dir/catch2/reporters/catch_reporter_json.cpp.o
[95/246] Building CXX object _deps/catch2-build/src/CMakeFiles/Catch2.dir/catch2/internal/catch_polyfills.cpp.o
[96/246] Building CXX object _deps/catch2-build/src/CMakeFiles/Catch2.dir/catch2/interfaces/catch_interfaces_reporter.cpp.o
[97/246] Building CXX object _deps/catch2-build/src/CMakeFiles/Catch2.dir/catch2/internal/catch_leak_detector.cpp.o
[98/246] Building CXX object _deps/catch2-build/src/CMakeFiles/Catch2.dir/catch2/catch_approx.cpp.o
[99/246] Building CXX object _deps/catch2-build/src/CMakeFiles/Catch2.dir/catch2/internal/catch_message_info.cpp.o
[100/246] Building CXX object _deps/catch2-build/src/CMakeFiles/Catch2.dir/catch2/catch_get_random_seed.cpp.o
[101/246] Building CXX object src/common/CMakeFiles/common.dir/hashing.cpp.o
[102/246] Building CXX object _deps/catch2-build/src/CMakeFiles/Catch2.dir/catch2/reporters/catch_reporter_multi.cpp.o
[103/246] Building CXX object _deps/catch2-build/src/CMakeFiles/Catch2.dir/catch2/internal/catch_debug_console.cpp.o
[104/246] Building CXX object _deps/catch2-build/src/CMakeFiles/Catch2.dir/catch2/internal/catch_parse_numbers.cpp.o
[105/246] Building CXX object src/system/CMakeFiles/system_mwaitx.dir/mwaitx.cpp.o
[106/246] Building CXX object _deps/catch2-build/src/CMakeFiles/Catch2.dir/catch2/internal/catch_singletons.cpp.o
[107/246] Building CXX object _deps/catch2-build/src/CMakeFiles/Catch2.dir/catch2/catch_timer.cpp.o
[108/246] Building CXX object _deps/catch2-build/src/CMakeFiles/Catch2.dir/catch2/catch_message.cpp.o
[109/246] Building CXX object _deps/catch2-build/src/CMakeFiles/Catch2.dir/catch2/internal/catch_enforce.cpp.o
[110/246] Building CXX object _deps/catch2-build/src/CMakeFiles/Catch2.dir/catch2/catch_test_case_info.cpp.o
[111/246] Building CXX object _deps/catch2-build/src/CMakeFiles/Catch2.dir/catch2/internal/catch_assertion_handler.cpp.o
[112/246] Building CXX object _deps/catch2-build/src/CMakeFiles/Catch2.dir/catch2/catch_registry_hub.cpp.o
[113/246] Building CXX object _deps/catch2-build/src/CMakeFiles/Catch2.dir/catch2/internal/catch_enum_values_registry.cpp.o
[114/246] Building CXX object _deps/catch2-build/src/CMakeFiles/Catch2.dir/catch2/internal/catch_startup_exception_registry.cpp.o
[115/246] Building CXX object _deps/catch2-build/src/CMakeFiles/Catch2.dir/catch2/internal/catch_uncaught_exceptions.cpp.o
[116/246] Building CXX object _deps/catch2-build/src/CMakeFiles/Catch2.dir/catch2/internal/catch_decomposer.cpp.o
[117/246] Building CXX object _deps/catch2-build/src/CMakeFiles/Catch2.dir/catch2/internal/catch_jsonwriter.cpp.o
[118/246] Building CXX object _deps/catch2-build/src/CMakeFiles/Catch2.dir/catch2/catch_tostring.cpp.o
[119/246] Building CXX object _deps/catch2-build/src/CMakeFiles/Catch2.dir/catch2/internal/catch_test_case_info_hasher.cpp.o
[120/246] Building CXX object _deps/catch2-build/src/CMakeFiles/Catch2.dir/catch2/catch_version.cpp.o
[121/246] Building CXX object _deps/catch2-build/src/CMakeFiles/Catch2.dir/catch2/reporters/catch_reporter_junit.cpp.o
[122/246] Building CXX object _deps/catch2-build/src/CMakeFiles/Catch2.dir/catch2/internal/catch_test_registry.cpp.o
[123/246] Building CXX object _deps/catch2-build/src/CMakeFiles/Catch2.dir/catch2/internal/catch_source_line_info.cpp.o
[124/246] Building CXX object _deps/catch2-build/src/CMakeFiles/Catch2.dir/catch2/internal/catch_debugger.cpp.o
[125/246] Building CXX object _deps/catch2-build/src/CMakeFiles/Catch2.dir/catch2/internal/catch_random_seed_generation.cpp.o
[126/246] Building CXX object _deps/catch2-build/src/CMakeFiles/Catch2.dir/catch2/internal/catch_reusable_string_stream.cpp.o
[127/246] Building CXX object _deps/catch2-build/src/CMakeFiles/Catch2.dir/catch2/internal/catch_output_redirect.cpp.o
[128/246] Building CXX object _deps/catch2-build/src/CMakeFiles/Catch2.dir/catch2/internal/catch_stringref.cpp.o
[129/246] Building CXX object _deps/catch2-build/src/CMakeFiles/Catch2.dir/catch2/internal/catch_test_failure_exception.cpp.o
[130/246] Building CXX object _deps/catch2-build/src/CMakeFiles/Catch2.dir/catch2/internal/catch_exception_translator_registry.cpp.o
[131/246] Building CXX object _deps/catch2-build/src/CMakeFiles/Catch2.dir/catch2/internal/catch_console_colour.cpp.o
[132/246] Building CXX object _deps/catch2-build/src/CMakeFiles/Catch2.dir/catch2/internal/catch_lazy_expr.cpp.o
[133/246] Building CXX object _deps/catch2-build/src/CMakeFiles/Catch2.dir/catch2/catch_test_spec.cpp.o
[134/246] Building CXX object _deps/catch2-build/src/CMakeFiles/Catch2.dir/catch2/internal/catch_wildcard_pattern.cpp.o
[135/246] Building CXX object _deps/catch2-build/src/CMakeFiles/Catch2.dir/catch2/internal/catch_list.cpp.o
[136/246] Building CXX object _deps/catch2-build/src/CMakeFiles/Catch2.dir/catch2/internal/catch_clara.cpp.o
[137/246] Building CXX object _deps/catch2-build/src/CMakeFiles/Catch2.dir/catch2/internal/catch_fatal_condition_handler.cpp.o
[138/246] Building CXX object _deps/catch2-build/src/CMakeFiles/Catch2.dir/catch2/internal/catch_test_case_tracker.cpp.o
[139/246] Building CXX object _deps/catch2-build/src/CMakeFiles/Catch2.dir/catch2/internal/catch_istream.cpp.o
[140/246] Building CXX object _deps/catch2-build/src/CMakeFiles/Catch2.dir/catch2/catch_session.cpp.o
[141/246] Building CXX object _deps/catch2-build/src/CMakeFiles/Catch2.dir/catch2/internal/catch_stdstreams.cpp.o
[142/246] Building CXX object _deps/catch2-build/src/CMakeFiles/Catch2.dir/catch2/catch_config.cpp.o
[143/246] Building CXX object _deps/catch2-build/src/CMakeFiles/Catch2.dir/catch2/internal/catch_test_spec_parser.cpp.o
[144/246] Building CXX object _deps/catch2-build/src/CMakeFiles/Catch2.dir/catch2/internal/catch_textflow.cpp.o
[145/246] Building CXX object _deps/catch2-build/src/CMakeFiles/Catch2.dir/catch2/matchers/catch_matchers_container_properties.cpp.o
[146/246] Building CXX object _deps/catch2-build/src/CMakeFiles/Catch2.dir/catch2/matchers/catch_matchers_exception.cpp.o
[147/246] Building CXX object _deps/catch2-build/src/CMakeFiles/Catch2.dir/catch2/matchers/catch_matchers.cpp.o
[148/246] Building CXX object _deps/catch2-build/src/CMakeFiles/Catch2.dir/catch2/matchers/catch_matchers_quantifiers.cpp.o
[149/246] Building CXX object _deps/catch2-build/src/CMakeFiles/Catch2.dir/catch2/matchers/catch_matchers_predicate.cpp.o
[150/246] Building CXX object _deps/catch2-build/src/CMakeFiles/Catch2.dir/catch2/matchers/catch_matchers_templated.cpp.o
[151/246] Building CXX object _deps/catch2-build/src/CMakeFiles/Catch2.dir/catch2/matchers/catch_matchers_floating_point.cpp.o
[152/246] Building CXX object _deps/catch2-build/src/CMakeFiles/Catch2WithMain.dir/catch2/internal/catch_main.cpp.o
[153/246] Building CXX object _deps/catch2-build/src/CMakeFiles/Catch2.dir/catch2/internal/catch_string_manip.cpp.o
[154/246] Building CXX object _deps/catch2-build/src/CMakeFiles/Catch2.dir/catch2/internal/catch_test_case_registry_impl.cpp.o
[155/246] Building CXX object _deps/catch2-build/src/CMakeFiles/Catch2.dir/catch2/matchers/internal/catch_matchers_impl.cpp.o
[156/246] Building CXX object _deps/catch2-build/src/CMakeFiles/Catch2.dir/catch2/internal/catch_tag_alias_registry.cpp.o
[157/246] Building CXX object _deps/catch2-build/src/CMakeFiles/Catch2.dir/catch2/internal/catch_section.cpp.o
[158/246] Building CXX object _deps/catch2-build/src/CMakeFiles/Catch2.dir/catch2/internal/catch_reporter_spec_parser.cpp.o
[159/246] Building CXX object _deps/spdlog-build/CMakeFiles/spdlog.dir/src/bundled_fmtlib_format.cpp.o
[160/246] Building CXX object _deps/catch2-build/src/CMakeFiles/Catch2.dir/catch2/internal/catch_xmlwriter.cpp.o
[161/246] Building CXX object _deps/catch2-build/src/CMakeFiles/Catch2.dir/catch2/internal/catch_reporter_registry.cpp.o
[162/246] Building CXX object _deps/catch2-build/src/CMakeFiles/Catch2.dir/catch2/internal/catch_run_context.cpp.o
[163/246] Building CXX object t/CMakeFiles/testlog_objects.dir/testlog.cpp.o
[164/246] Building CXX object _deps/spdlog-build/CMakeFiles/spdlog.dir/src/spdlog.cpp.o
[165/246] Linking CXX static library _deps/spdlog-build/libspdlog.a
[166/246] Linking CXX static library src/common/libcommon.a
[167/246] Performing configure step for 'libfuse3_external'
The Meson build system
Version: 1.9.1
Source dir: /var/tmp/jhan/tron-issue4525-ben/gen-amxoff/libfuse3_external-prefix/src/libfuse3_external
Build dir: /var/tmp/jhan/tron-issue4525-ben/gen-amxoff/libfuse3_external-prefix/src/libfuse3_external-build
Build type: native build
Project name: libfuse3
Project version: 3.17.4
C compiler for the host machine: gcc (gcc 14.3.0 "gcc (GCC) 14.3.0")
C linker for the host machine: gcc ld.bfd 2.44
Host machine cpu family: x86_64
Host machine cpu: x86_64
Checking for function "fork" : YES 
Checking for function "fstatat" : YES 
Checking for function "openat" : YES 
Checking for function "readlinkat" : YES 
Checking for function "pipe2" : YES 
Checking for function "splice" : YES 
Checking for function "vmsplice" : YES 
Checking for function "posix_fallocate" : YES 
Checking for function "fdatasync" : YES 
Checking for function "utimensat" : YES 
Checking for function "copy_file_range" : YES 
Checking for function "fallocate" : YES 
Checking if "pthread_setname_np check" links: YES 
Checking if "close_range check" links: YES 
Checking for function "setxattr" : YES 
Checking for function "iconv" : YES 
Checking for function "backtrace" : YES 
Checking whether type "struct stat" has member "st_atim" : YES 
Checking whether type "struct stat" has member "st_atimespec" : NO 
Message: Compiler warns about unused result even when casting to void
Message: Enabling versioned libc symbols
Message: Compiler supports symver attribute
Configuring fuse_config.h using configuration
Configuring libfuse_config.h using configuration
Run-time dependency threads found: YES
Library iconv found: NO
Library dl found: YES
Library rt found: YES
Found pkg-config: YES (/nix/store/8vdiwpbh0g4avsd6x5v4s0di32vcl3dp-pkg-config-wrapper-0.29.2/bin/pkg-config) 0.29.2
Found CMake: /nix/store/w9jm660dykns6hzrdhxmqfywnc9ail8g-cmake-4.1.2/bin/cmake (4.1.2)
Run-time dependency udev found: NO (tried pkgconfig and cmake)
../libfuse3_external/util/meson.build:26: WARNING: could not determine udevdir, udev.rules will not be installed
../libfuse3_external/example/meson.build:34: WARNING: add_languages is missing native:, assuming languages are wanted for both host and build.
C++ compiler for the host machine: g++ (gcc 14.3.0 "g++ (GCC) 14.3.0")
C++ linker for the host machine: g++ ld.bfd 2.44
Build targets in project: 33

libfuse3 3.17.4

  User defined options
    buildtype      : release
    default_library: shared

Found ninja-1.13.1 at /nix/store/nib1r4k4cqph7zjjnbfc1d6cbg11qr76-ninja-1.13.1/bin/ninja
[168/246] Building CXX object _deps/catch2-build/src/CMakeFiles/Catch2.dir/catch2/internal/catch_commandline.cpp.o
[169/246] Building CXX object _deps/catch2-build/src/CMakeFiles/Catch2.dir/catch2/matchers/catch_matchers_string.cpp.o
[170/246] Linking CXX static library _deps/catch2-build/src/libCatch2.a
[171/246] Linking CXX static library _deps/catch2-build/src/libCatch2Main.a
[172/246] Performing build step for 'libfuse3_external'
ninja: Entering directory `/var/tmp/jhan/tron-issue4525-ben/gen-amxoff/libfuse3_external-prefix/src/libfuse3_external-build'
[1/83] Generating test/test_scripts with a custom command
[2/83] Compiling C object lib/libfuse3.so.3.17.4.p/compat.c.o
[3/83] Compiling C object lib/libfuse3.so.3.17.4.p/fuse_log.c.o
[4/83] Compiling C object test/wrong_command.p/wrong_command.c.o
[5/83] Compiling C object lib/libfuse3.so.3.17.4.p/fuse_loop.c.o
[6/83] Compiling C object example/ioctl_client.p/ioctl_client.c.o
[7/83] Compiling C object example/printcap.p/printcap.c.o
[8/83] Compiling C object lib/libfuse3.so.3.17.4.p/fuse_signals.c.o
[9/83] Compiling C object example/cuse_client.p/cuse_client.c.o
[10/83] Compiling C object example/null.p/null.c.o
[11/83] Compiling C object example/poll_client.p/poll_client.c.o
[12/83] Compiling C object util/fusermount3.p/.._lib_util.c.o
[13/83] Compiling C object lib/libfuse3.so.3.17.4.p/util.c.o
[14/83] Compiling C object test/test_abi.p/test_abi.c.o
[15/83] Compiling C object example/hello.p/hello.c.o
[16/83] Compiling C object test/readdir_inode.p/readdir_inode.c.o
[17/83] Compiling C object example/ioctl.p/ioctl.c.o
[18/83] Compiling C object example/cuse.p/cuse.c.o
[19/83] Compiling C object test/hello.p/hello.c.o
[20/83] Compiling C object example/invalidate_path.p/invalidate_path.c.o
[21/83] Compiling C object example/notify_inval_entry.p/notify_inval_entry.c.o
[22/83] Compiling C object lib/libfuse3.so.3.17.4.p/cuse_lowlevel.c.o
[23/83] Compiling C object lib/libfuse3.so.3.17.4.p/buffer.c.o
[24/83] Compiling C object lib/libfuse3.so.3.17.4.p/helper.c.o
[25/83] Compiling C object example/notify_store_retrieve.p/notify_store_retrieve.c.o
[26/83] Compiling C object example/poll.p/poll.c.o
[27/83] Compiling C object test/test_want_conversion.p/test_want_conversion.c.o
[28/83] Compiling C object example/hello_ll_uds.p/hello_ll_uds.c.o
[29/83] Compiling C object util/mount.fuse3.p/mount.fuse.c.o
[30/83] Compiling C object test/release_unlink_race.p/release_unlink_race.c.o
[31/83] Compiling C object lib/libfuse3.so.3.17.4.p/mount_util.c.o
[32/83] Compiling C object lib/libfuse3.so.3.17.4.p/fuse_loop_mt.c.o
[33/83] Compiling C object test/test_setattr.p/test_setattr.c.o
[34/83] Linking target test/wrong_command
[35/83] Compiling C object example/notify_inval_inode.p/notify_inval_inode.c.o
[36/83] Compiling C object lib/libfuse3.so.3.17.4.p/fuse_opt.c.o
[37/83] Compiling C object example/hello_ll.p/hello_ll.c.o
[38/83] Linking target test/readdir_inode
[39/83] Compiling C object example/passthrough.p/passthrough.c.o
[40/83] Compiling C object test/test_write_cache.p/test_write_cache.c.o
[41/83] Compiling C object util/fusermount3.p/.._lib_mount_util.c.o
[42/83] Compiling C object lib/libfuse3.so.3.17.4.p/mount.c.o
[43/83] Compiling C object example/passthrough_fh.p/passthrough_fh.c.o
[44/83] Compiling C object lib/libfuse3.so.3.17.4.p/modules_subdir.c.o
[45/83] Compiling C object lib/libfuse3.so.3.17.4.p/modules_iconv.c.o
[46/83] Compiling C object example/passthrough_ll.p/passthrough_ll.c.o
[47/83] Compiling C object util/fusermount3.p/fusermount.c.o
[48/83] Linking target util/fusermount3
[49/83] Compiling C object test/test_syscalls.p/test_syscalls.c.o
[50/83] Linking target test/test_syscalls
[51/83] Compiling C object lib/libfuse3.so.3.17.4.p/fuse_lowlevel.c.o
[52/83] Compiling C object lib/libfuse3.so.3.17.4.p/fuse.c.o
[53/83] Linking target lib/libfuse3.so.3.17.4
[54/83] Generating symbol file lib/libfuse3.so.3.17.4.p/libfuse3.so.3.17.4.symbols
[55/83] Linking target util/mount.fuse3
[56/83] Linking target example/null
[57/83] Linking target example/ioctl
[58/83] Linking target example/passthrough_ll
[59/83] Linking target test/hello
[60/83] Linking target example/notify_inval_inode
[61/83] Linking target test/test_setattr
[62/83] Linking target example/cuse_client
[63/83] Linking target example/cuse
[64/83] Linking target example/notify_inval_entry
[65/83] Linking target example/hello
[66/83] Linking target example/poll_client
[67/83] Linking target example/ioctl_client
[68/83] Linking target example/hello_ll
[69/83] Linking target example/notify_store_retrieve
[70/83] Linking target example/printcap
[71/83] Linking target test/test_write_cache
[72/83] Linking target example/invalidate_path
[73/83] Linking target example/hello_ll_uds
[74/83] Compiling C++ object example/memfs_ll.p/memfs_ll.cc.o
[75/83] Linking target example/poll
[76/83] Linking target example/passthrough
[77/83] Linking target test/test_abi
[78/83] Linking target example/passthrough_fh
[79/83] Linking target test/test_want_conversion
[80/83] Linking target test/release_unlink_race
[81/83] Linking target example/memfs_ll
[82/83] Compiling C++ object example/passthrough_hp.p/passthrough_hp.cc.o
[83/83] Linking target example/passthrough_hp
[173/246] No install step for 'libfuse3_external'
[174/246] Completed 'libfuse3_external'
[175/246] Building CXX object src/system/CMakeFiles/system.dir/fuse_tronstats_manifest.cpp.o
[176/246] Building CXX object src/system/CMakeFiles/system.dir/fuse_tronstats_lint.cpp.o
[177/246] Building CXX object src/pos/CMakeFiles/pos_fake.dir/minfifo.cpp.o
[178/246] Building CXX object src/system/CMakeFiles/system.dir/metrics.cpp.o
[179/246] Building CXX object src/system/CMakeFiles/system.dir/fuse_stats.cpp.o
[180/246] Building CXX object src/pos/CMakeFiles/pos_fake.dir/debug.cpp.o
[181/246] Building CXX object src/system/CMakeFiles/system.dir/fuse_helpers.cpp.o
[182/246] Building CXX object src/system/CMakeFiles/system.dir/spdlog.cpp.o
[183/246] Building CXX object src/system/CMakeFiles/system.dir/heap.cpp.o
[184/246] Building CXX object src/tron/CMakeFiles/tron.dir/hardware/tls.cpp.o
[185/246] Building CXX object src/system/CMakeFiles/system.dir/fuse_tronstats.cpp.o
[186/246] Building CXX object src/system/CMakeFiles/system.dir/memory.cpp.o
[187/246] Building CXX object src/tron/CMakeFiles/tron.dir/models/load.cpp.o
[188/246] Building CXX object src/tron/CMakeFiles/tron.dir/kernels/rope.cpp.o
[189/246] Building CXX object src/system/CMakeFiles/system.dir/resource_map.cpp.o
[190/246] Building CXX object src/system/CMakeFiles/system.dir/huge.cpp.o
[191/246] Building CXX object src/system/CMakeFiles/system.dir/fuse_sysfs.cpp.o
[192/246] Building CXX object src/tron/CMakeFiles/tron.dir/hardware/expert_placement_plan.cpp.o
[193/246] Building CXX object src/tron/CMakeFiles/tron.dir/process_state.cpp.o
[194/246] Building CXX object t/CMakeFiles/t_amx_numerics.dir/t_amx_numerics.cpp.o
[195/246] Building CXX object src/tron/CMakeFiles/tron.dir/generation/token_stream_monitor.cpp.o
[196/246] Building CXX object src/tron/CMakeFiles/tron.dir/hardware/placer.cpp.o
[197/246] Building CXX object t/CMakeFiles/testfake_objects.dir/fake.cpp.o
[198/246] Building CXX object src/tron/CMakeFiles/tron.dir/generation/context.cpp.o
[199/246] Building CXX object src/pos/CMakeFiles/pos_fake.dir/perf.cpp.o
[200/246] Building CXX object src/tron/CMakeFiles/tron.dir/models/disk_cache.cpp.o
[201/246] Building CXX object src/tron/CMakeFiles/tron.dir/models/expert_matmul_schedule.cpp.o
[202/246] Building CXX object src/pos/CMakeFiles/pos_fake.dir/trace_gate.cpp.o
[203/246] Building CXX object src/tron/CMakeFiles/tron.dir/threading.cpp.o
[204/246] Building CXX object src/system/CMakeFiles/system.dir/system.cpp.o
[205/246] Building CXX object src/system/CMakeFiles/system.dir/heap_v2.cpp.o
[206/246] Building CXX object src/pos/CMakeFiles/pos_fake.dir/alloc.cpp.o
[207/246] Building CXX object src/pos/CMakeFiles/pos_fake.dir/fake.cpp.o
[208/246] Building CXX object src/pos/CMakeFiles/pos_fake.dir/dma_tracker.cpp.o
[209/246] Building CXX object src/tron/CMakeFiles/tron.dir/models/hw_attn_config.cpp.o
[210/246] Building CXX object src/tron/CMakeFiles/tron.dir/generation/stats.cpp.o
[211/246] Building CXX object src/tron/CMakeFiles/tron.dir/models/ranged_mask.cpp.o
[212/246] Building CXX object src/pos/CMakeFiles/pos_fake.dir/hwperf.cpp.o
[213/246] Building CXX object src/tron/CMakeFiles/tron.dir/files/safetensors.cpp.o
[214/246] Building CXX object src/tron/CMakeFiles/tron.dir/models/cache.cpp.o
[215/246] Building CXX object t/CMakeFiles/t_amx_dispatch_dtype.dir/t_amx_dispatch_dtype.cpp.o
[216/246] Building CXX object src/tron/CMakeFiles/fake_scheduler.dir/scheduler/full.cpp.o
[217/246] Building CXX object src/tron/CMakeFiles/tron.dir/gof.cpp.o
[218/246] Building CXX object src/tron/CMakeFiles/tron.dir/scheduler/token_tree.cpp.o
[219/246] Building CXX object src/tron/CMakeFiles/fake_scheduler.dir/scheduler/token_cache_control.cpp.o
[220/246] Building CXX object src/tron/CMakeFiles/fake_scheduler.dir/generation.cpp.o
[221/246] Building CXX object src/tron/CMakeFiles/fake_scheduler.dir/scheduler/token_cache.cpp.o
[222/246] Building CXX object src/tron/CMakeFiles/fake_scheduler.dir/generation/speculate.cpp.o
[223/246] Building CXX object src/tron/CMakeFiles/tron_model_mock_objects.dir/src/tron/model_mock.cpp.o
[224/246] Building CXX object t/CMakeFiles/t_heterogeneous_scheduler.dir/heterogeneous_scheduler_compile.cpp.o
[225/246] Building CXX object src/tron/CMakeFiles/tron_model_llama_68m_objects.dir/src/tron/model_llama_68m.cpp.o
[226/246] Building CXX object CMakeFiles/perfetto.dir/_deps/perfetto-src/perfetto.cc.o
[227/246] Linking CXX static library libperfetto.a
[228/246] Linking CXX static library src/system/libsystem.a
[229/246] Linking CXX static library src/pos/libpos_fake.a
[230/246] Linking CXX static library src/tron/libtron.a
[231/246] Linking CXX executable t_amx_dispatch_dtype
[232/246] Linking CXX executable t_amx_numerics
[233/246] Building CXX object t/CMakeFiles/t_llama_unit.dir/t_llama_unit.cpp.o
[234/246] Linking CXX executable t_llama_unit
[235/246] Building CXX object src/tron/CMakeFiles/fake_scheduler.dir/scheduler/legacy_dispatch.cpp.o
[236/246] Building CXX object src/tron/CMakeFiles/tron_model_llama_3_8b_objects.dir/src/tron/model_llama_3_8b.cpp.o
[237/246] Building CXX object src/tron/CMakeFiles/tron_model_gemma_2_9b_objects.dir/src/tron/model_gemma_2_9b.cpp.o
[238/246] Building CXX object src/tron/CMakeFiles/tron_model_llama_3p2_1b_objects.dir/src/tron/model_llama_3p2_1b.cpp.o
[239/246] Building CXX object src/tron/CMakeFiles/tron_model_mixtral_8x7b_objects.dir/src/tron/model_mixtral_8x7b.cpp.o
[240/246] Building CXX object src/tron/CMakeFiles/tron_model_qwen_2p5_32b_objects.dir/src/tron/model_qwen_2p5_32b.cpp.o
[241/246] Building CXX object src/tron/CMakeFiles/tron_model_llama_3p1_70b_objects.dir/src/tron/model_llama_3p1_70b.cpp.o
[242/246] Building CXX object src/tron/CMakeFiles/tron_model_llama_3p2_3b_objects.dir/src/tron/model_llama_3p2_3b.cpp.o
[243/246] Building CXX object src/tron/CMakeFiles/tron_model_llama_3p1_8b_objects.dir/src/tron/model_llama_3p1_8b.cpp.o
[244/246] Linking CXX shared library src/tron/libfake_scheduler.so
[245/246] Linking CXX executable t_heterogeneous_scheduler
== amxoff build rc=0 2026-09-30T20:06:40Z
== amxoff run t_llama_unit (gen-amxoff/t_llama_unit) 2026-09-30T20:06:40Z
== amxoff t_llama_unit rc=0 2026-09-30T20:07:07Z
All tests passed (252720 assertions in 44 test cases)

[2026-09-30 20:07:07.484] [info] Worker speeds: [0.06666667, 0.06666667, 0.06666667, 0.06666667, 0.06666667, 0.06666667, 0.06666667, 0.06666667, 0.06666667, 0.06666667, 0.06666667, 0.06666667, 0.06666667, 0.06666667, 0.06666667]
== amxoff run t_amx_numerics (gen-amxoff/t_amx_numerics) 2026-09-30T20:07:07Z
== amxoff t_amx_numerics rc=0 2026-09-30T20:07:20Z
===============================================================================
All tests passed (1 assertion in 1 test case)

== amxoff run t_amx_dispatch_dtype (gen-amxoff/t_amx_dispatch_dtype) 2026-09-30T20:07:20Z
== amxoff t_amx_dispatch_dtype rc=0 2026-09-30T20:07:34Z
===============================================================================
All tests passed (1 assertion in 1 test case)

== amxoff run t_heterogeneous_scheduler (gen-amxoff/t_heterogeneous_scheduler) 2026-09-30T20:07:34Z
== amxoff t_heterogeneous_scheduler rc=0 2026-09-30T20:07:48Z
All tests passed (1900 assertions in 2 test cases)

[2026-09-30 20:07:48.007] [info] Worker speeds: [0.06896552, 0.06896552, 0.06896552, 0.06896552, 0.06896552, 0.06896552, 0.06896552, 0.06896552, 0.06896552, 0.06896552, 0.06896552, 0.06896552, 0.06896552, 0.06896552, 0.03448276]
AMXOFF-STAGE-DONE
