=== BUILD gen start 2026-09-30T20:20:07Z
warning: ignoring untrusted substituter 'https://tron.cachix.org', you are not a trusted user.
Run `man nix.conf` for more information on the `substituters` configuration option.
warning: ignoring untrusted substituter 'https://cache.iog.io', you are not a trusted user.
Run `man nix.conf` for more information on the `substituters` configuration option.
warning: ignoring the client-specified setting 'trusted-public-keys', because it is a restricted setting and you are not a trusted user
warning: ignoring untrusted substituter 'https://tron.cachix.org', you are not a trusted user.
Run `man nix.conf` for more information on the `substituters` configuration option.
warning: ignoring untrusted substituter 'https://cache.iog.io', you are not a trusted user.
Run `man nix.conf` for more information on the `substituters` configuration option.
warning: ignoring the client-specified setting 'trusted-public-keys', because it is a restricted setting and you are not a trusted user
warning: ignoring untrusted substituter 'https://tron.cachix.org', you are not a trusted user.
Run `man nix.conf` for more information on the `substituters` configuration option.
warning: ignoring untrusted substituter 'https://cache.iog.io', you are not a trusted user.
Run `man nix.conf` for more information on the `substituters` configuration option.
warning: ignoring the client-specified setting 'trusted-public-keys', because it is a restricted setting and you are not a trusted user
warning: ignoring untrusted substituter 'https://tron.cachix.org', you are not a trusted user.
Run `man nix.conf` for more information on the `substituters` configuration option.
warning: ignoring untrusted substituter 'https://cache.iog.io', you are not a trusted user.
Run `man nix.conf` for more information on the `substituters` configuration option.
warning: ignoring the client-specified setting 'trusted-public-keys', because it is a restricted setting and you are not a trusted user
=== TRON + Ingest unified development environment loaded ===
    (CPU-only - use 'nix develop .#cuda' for CUDA support)

C++ toolchain (LLVM 19):
  Compiler: clang version 19.1.7
  clangd: clangd version 19.1.7
  TBB: /nix/store/h750dcjgraps0d8rb633xxf157i1vndc-onetbb-2022.3.0
  libunwind: /nix/store/42h1ygw13wn3czbmb5j1pnf0pbgs1fqz-libunwind-19.1.7

Rust toolchain:
  rustc: rustc 1.92.0 (ded5c06cf 2025-12-08)

Python environment:
  Python: Python 3.12.12
  Available: torch (CPU), transformers, accelerate, safetensors, ruff

Haskell toolchain:
  GHC: The Glorious Glasgow Haskell Compilation System, version 9.12.2
  Cabal: cabal-install version 3.16.0.0 
  HLS: available

Build commands:
  Tron (C++): make build, make test
  Ingest (Haskell): cd ingest && cabal build

[0/2] Re-checking globbed directories...
[1/46] Checking hand-written plugin set
[2/45] Checking build version
Building version 2026.09.30-c73e7fb2-dirty
[3/42] Building CXX object src/system/CMakeFiles/system.dir/memory.cpp.o
[4/42] Building CXX object t/CMakeFiles/testfake_objects.dir/fake.cpp.o
[5/42] Building CXX object src/system/CMakeFiles/system.dir/heap_v2.cpp.o
[6/42] Building CXX object src/pos/CMakeFiles/pos_fake.dir/alloc.cpp.o
[7/42] Linking CXX static library src/system/libsystem.a
[8/42] Building CXX object src/pos/CMakeFiles/pos_fake.dir/fake.cpp.o
[9/42] Building CXX object src/pos/CMakeFiles/pos_fake.dir/dma_tracker.cpp.o
[10/42] Linking CXX static library src/pos/libpos_fake.a
[11/42] Building CXX object src/tron/CMakeFiles/tron.dir/models/hw_attn_config.cpp.o
[12/42] Building CXX object t/CMakeFiles/t_amx_numerics.dir/t_amx_numerics.cpp.o
[13/42] Building CXX object src/tron/CMakeFiles/tron.dir/models/ranged_mask.cpp.o
[14/42] Building CXX object src/tron/CMakeFiles/fake_scheduler.dir/scheduler/full.cpp.o
[15/42] Building CXX object src/tron/CMakeFiles/tron.dir/scheduler/token_tree.cpp.o
[16/42] Building CXX object src/tron/CMakeFiles/tron.dir/models/cache.cpp.o
[17/42] Building CXX object src/tron/CMakeFiles/fake_scheduler.dir/scheduler/token_cache_control.cpp.o
[18/42] Building CXX object src/tron/CMakeFiles/fake_scheduler.dir/generation.cpp.o
[19/42] Building CXX object src/tron/CMakeFiles/fake_scheduler.dir/scheduler/token_cache.cpp.o
[20/42] Building CXX object src/tron/CMakeFiles/tron.dir/gof.cpp.o
[21/42] Linking CXX static library src/tron/libtron.a
[22/42] Linking CXX executable t_amx_numerics
[23/42] Building CXX object src/tron/CMakeFiles/fake_scheduler.dir/generation/speculate.cpp.o
[24/42] Building CXX object src/tron/CMakeFiles/tron_model_mock_objects.dir/src/tron/model_mock.cpp.o
[25/42] Building CXX object t/CMakeFiles/t_amx_dispatch_dtype.dir/t_amx_dispatch_dtype.cpp.o
[26/42] Linking CXX executable t_amx_dispatch_dtype
[27/42] Building CXX object src/tron/CMakeFiles/tron_model_llama_68m_objects.dir/src/tron/model_llama_68m.cpp.o
[28/42] Building CXX object t/CMakeFiles/t_heterogeneous_scheduler.dir/heterogeneous_scheduler_compile.cpp.o
[29/42] Building CXX object t/CMakeFiles/t_llama_unit.dir/t_llama_unit.cpp.o
[30/42] Linking CXX executable t_llama_unit
[31/42] Building CXX object src/tron/CMakeFiles/fake_scheduler.dir/scheduler/legacy_dispatch.cpp.o
[32/42] Building CXX object src/tron/CMakeFiles/tron_model_llama_3p2_1b_objects.dir/src/tron/model_llama_3p2_1b.cpp.o
[33/42] Building CXX object src/tron/CMakeFiles/tron_model_qwen_2p5_32b_objects.dir/src/tron/model_qwen_2p5_32b.cpp.o
[34/42] Building CXX object src/tron/CMakeFiles/tron_model_mixtral_8x7b_objects.dir/src/tron/model_mixtral_8x7b.cpp.o
[35/42] Building CXX object src/tron/CMakeFiles/tron_model_gemma_2_9b_objects.dir/src/tron/model_gemma_2_9b.cpp.o
[36/42] Building CXX object src/tron/CMakeFiles/tron_model_llama_3p1_70b_objects.dir/src/tron/model_llama_3p1_70b.cpp.o
[37/42] Building CXX object src/tron/CMakeFiles/tron_model_llama_3_8b_objects.dir/src/tron/model_llama_3_8b.cpp.o
[38/42] Building CXX object src/tron/CMakeFiles/tron_model_llama_3p2_3b_objects.dir/src/tron/model_llama_3p2_3b.cpp.o
[39/42] Building CXX object src/tron/CMakeFiles/tron_model_llama_3p1_8b_objects.dir/src/tron/model_llama_3p1_8b.cpp.o
[40/42] Linking CXX shared library src/tron/libfake_scheduler.so
[41/42] Linking CXX executable t_heterogeneous_scheduler
=== BUILD gen rc=0 end 2026-09-30T20:24:48Z
=== BUILD gen-amxoff start 2026-09-30T20:24:48Z
warning: ignoring untrusted substituter 'https://tron.cachix.org', you are not a trusted user.
Run `man nix.conf` for more information on the `substituters` configuration option.
warning: ignoring untrusted substituter 'https://cache.iog.io', you are not a trusted user.
Run `man nix.conf` for more information on the `substituters` configuration option.
warning: ignoring the client-specified setting 'trusted-public-keys', because it is a restricted setting and you are not a trusted user
warning: ignoring untrusted substituter 'https://tron.cachix.org', you are not a trusted user.
Run `man nix.conf` for more information on the `substituters` configuration option.
warning: ignoring untrusted substituter 'https://cache.iog.io', you are not a trusted user.
Run `man nix.conf` for more information on the `substituters` configuration option.
warning: ignoring the client-specified setting 'trusted-public-keys', because it is a restricted setting and you are not a trusted user
warning: ignoring untrusted substituter 'https://tron.cachix.org', you are not a trusted user.
Run `man nix.conf` for more information on the `substituters` configuration option.
warning: ignoring untrusted substituter 'https://cache.iog.io', you are not a trusted user.
Run `man nix.conf` for more information on the `substituters` configuration option.
warning: ignoring the client-specified setting 'trusted-public-keys', because it is a restricted setting and you are not a trusted user
warning: ignoring untrusted substituter 'https://tron.cachix.org', you are not a trusted user.
Run `man nix.conf` for more information on the `substituters` configuration option.
warning: ignoring untrusted substituter 'https://cache.iog.io', you are not a trusted user.
Run `man nix.conf` for more information on the `substituters` configuration option.
warning: ignoring the client-specified setting 'trusted-public-keys', because it is a restricted setting and you are not a trusted user
=== TRON + Ingest unified development environment loaded ===
    (CPU-only - use 'nix develop .#cuda' for CUDA support)

C++ toolchain (LLVM 19):
  Compiler: clang version 19.1.7
  clangd: clangd version 19.1.7
  TBB: /nix/store/h750dcjgraps0d8rb633xxf157i1vndc-onetbb-2022.3.0
  libunwind: /nix/store/42h1ygw13wn3czbmb5j1pnf0pbgs1fqz-libunwind-19.1.7

Rust toolchain:
  rustc: rustc 1.92.0 (ded5c06cf 2025-12-08)

Python environment:
  Python: Python 3.12.12
  Available: torch (CPU), transformers, accelerate, safetensors, ruff

Haskell toolchain:
  GHC: The Glorious Glasgow Haskell Compilation System, version 9.12.2
  Cabal: cabal-install version 3.16.0.0 
  HLS: available

Build commands:
  Tron (C++): make build, make test
  Ingest (Haskell): cd ingest && cabal build

[0/2] Re-checking globbed directories...
[1/45] Checking hand-written plugin set
[2/44] Checking build version
Building version 2026.09.30-c73e7fb2-dirty
[3/41] Building CXX object src/system/CMakeFiles/system.dir/memory.cpp.o
[4/41] Building CXX object t/CMakeFiles/testfake_objects.dir/fake.cpp.o
[5/41] Building CXX object src/tron/CMakeFiles/tron.dir/models/hw_attn_config.cpp.o
[6/41] Building CXX object src/pos/CMakeFiles/pos_fake.dir/alloc.cpp.o
[7/41] Building CXX object src/system/CMakeFiles/system.dir/heap_v2.cpp.o
[8/41] Building CXX object src/pos/CMakeFiles/pos_fake.dir/fake.cpp.o
[9/41] Linking CXX static library src/system/libsystem.a
[10/41] Building CXX object src/pos/CMakeFiles/pos_fake.dir/dma_tracker.cpp.o
[11/41] Linking CXX static library src/pos/libpos_fake.a
[12/41] Building CXX object src/tron/CMakeFiles/tron.dir/models/ranged_mask.cpp.o
[13/41] Building CXX object src/tron/CMakeFiles/fake_scheduler.dir/scheduler/full.cpp.o
[14/41] Building CXX object src/tron/CMakeFiles/tron.dir/models/cache.cpp.o
[15/41] Building CXX object t/CMakeFiles/t_amx_dispatch_dtype.dir/t_amx_dispatch_dtype.cpp.o
[16/41] Building CXX object src/tron/CMakeFiles/fake_scheduler.dir/scheduler/token_cache.cpp.o
[17/41] Building CXX object src/tron/CMakeFiles/fake_scheduler.dir/generation.cpp.o
[18/41] Building CXX object src/tron/CMakeFiles/fake_scheduler.dir/scheduler/token_cache_control.cpp.o
[19/41] Building CXX object src/tron/CMakeFiles/tron.dir/scheduler/token_tree.cpp.o
[20/41] Building CXX object src/tron/CMakeFiles/tron.dir/gof.cpp.o
[21/41] Linking CXX static library src/tron/libtron.a
[22/41] Linking CXX executable t_amx_numerics
[23/41] Linking CXX executable t_amx_dispatch_dtype
[24/41] Building CXX object src/tron/CMakeFiles/fake_scheduler.dir/generation/speculate.cpp.o
[25/41] Building CXX object src/tron/CMakeFiles/tron_model_mock_objects.dir/src/tron/model_mock.cpp.o
[26/41] Building CXX object t/CMakeFiles/t_heterogeneous_scheduler.dir/heterogeneous_scheduler_compile.cpp.o
[27/41] Building CXX object src/tron/CMakeFiles/tron_model_llama_68m_objects.dir/src/tron/model_llama_68m.cpp.o
[28/41] Building CXX object t/CMakeFiles/t_llama_unit.dir/t_llama_unit.cpp.o
[29/41] Linking CXX executable t_llama_unit
[30/41] Building CXX object src/tron/CMakeFiles/fake_scheduler.dir/scheduler/legacy_dispatch.cpp.o
[31/41] Building CXX object src/tron/CMakeFiles/tron_model_llama_3p2_1b_objects.dir/src/tron/model_llama_3p2_1b.cpp.o
[32/41] Building CXX object src/tron/CMakeFiles/tron_model_qwen_2p5_32b_objects.dir/src/tron/model_qwen_2p5_32b.cpp.o
[33/41] Building CXX object src/tron/CMakeFiles/tron_model_gemma_2_9b_objects.dir/src/tron/model_gemma_2_9b.cpp.o
[34/41] Building CXX object src/tron/CMakeFiles/tron_model_llama_3_8b_objects.dir/src/tron/model_llama_3_8b.cpp.o
[35/41] Building CXX object src/tron/CMakeFiles/tron_model_mixtral_8x7b_objects.dir/src/tron/model_mixtral_8x7b.cpp.o
[36/41] Building CXX object src/tron/CMakeFiles/tron_model_llama_3p1_70b_objects.dir/src/tron/model_llama_3p1_70b.cpp.o
[37/41] Building CXX object src/tron/CMakeFiles/tron_model_llama_3p2_3b_objects.dir/src/tron/model_llama_3p2_3b.cpp.o
[38/41] Building CXX object src/tron/CMakeFiles/tron_model_llama_3p1_8b_objects.dir/src/tron/model_llama_3p1_8b.cpp.o
[39/41] Linking CXX shared library src/tron/libfake_scheduler.so
[40/41] Linking CXX executable t_heterogeneous_scheduler
=== BUILD gen-amxoff rc=0 end 2026-09-30T20:29:25Z
=== TESTS start 2026-09-30T20:42:42Z
== run t_llama_unit (gen/t_llama_unit)  2026-09-30T20:42:42Z
== t_llama_unit gen rc=0 2026-09-30T20:42:55Z
[2026-09-30 20:42:43.449] [info] Catch2 starting "A failed append releases new reservations and preserves the prefix"
[2026-09-30 20:42:43.449] [info] Catch2 passed "A failed append releases new reservations and preserves the prefix"
All tests passed (252720 assertions in 44 test cases)
== run t_amx_numerics (gen/t_amx_numerics)  2026-09-30T20:42:55Z
== t_amx_numerics gen rc=0 2026-09-30T20:42:55Z
All tests passed (12301 assertions in 4 test cases)
== run t_amx_dispatch_dtype (gen/t_amx_dispatch_dtype)  2026-09-30T20:42:55Z
== t_amx_dispatch_dtype gen rc=0 2026-09-30T20:42:55Z
All tests passed (1559 assertions in 1 test case)
== run t_heterogeneous_scheduler (gen/t_heterogeneous_scheduler)  2026-09-30T20:42:55Z
== t_heterogeneous_scheduler gen rc=0 2026-09-30T20:42:56Z
All tests passed (1900 assertions in 2 test cases)
== run t_llama_unit (gen-amxoff/t_llama_unit)  2026-09-30T20:42:56Z
== t_llama_unit gen-amxoff rc=0 2026-09-30T20:43:09Z
[2026-09-30 20:42:57.844] [info] Catch2 starting "A failed append releases new reservations and preserves the prefix"
[2026-09-30 20:42:57.844] [info] Catch2 passed "A failed append releases new reservations and preserves the prefix"
All tests passed (252720 assertions in 44 test cases)
== run t_amx_numerics (gen-amxoff/t_amx_numerics)  2026-09-30T20:43:09Z
== t_amx_numerics gen-amxoff rc=0 2026-09-30T20:43:09Z
All tests passed (1 assertion in 1 test case)
== run t_amx_dispatch_dtype (gen-amxoff/t_amx_dispatch_dtype)  2026-09-30T20:43:09Z
== t_amx_dispatch_dtype gen-amxoff rc=0 2026-09-30T20:43:10Z
All tests passed (1 assertion in 1 test case)
== run t_heterogeneous_scheduler (gen-amxoff/t_heterogeneous_scheduler)  2026-09-30T20:43:10Z
== t_heterogeneous_scheduler gen-amxoff rc=0 2026-09-30T20:43:10Z
All tests passed (1900 assertions in 2 test cases)
== run t_llama_unit case: packed V rows 2026-09-30T20:43:10Z
== case1 rc=0 2026-09-30T20:43:11Z
All tests passed (28947 assertions in 1 test case)
== run t_llama_unit case: Sliding KV chunks 2026-09-30T20:43:11Z
== case2 rc=0 2026-09-30T20:43:11Z
All tests passed (53593 assertions in 1 test case)
=== TESTS end 2026-09-30T20:43:11Z
